Running /home/agent/workspace/build-geany.sh with bash
checking for a BSD-compatible install... /usr/bin/install -c
checking whether build environment is sane... yes
checking for a race-free mkdir -p... /usr/bin/mkdir -p
checking for gawk... no
checking for mawk... mawk
checking whether make sets $(MAKE)... yes
checking whether make supports nested variables... yes
checking whether make supports the include directive... yes (GNU style)
checking for gcc... gcc
checking whether the C compiler works... yes
checking for C compiler default output file name... a.out
checking for suffix of executables... 
checking whether we are cross compiling... no
checking for suffix of object files... o
checking whether the compiler supports GNU C... yes
checking whether gcc accepts -g... yes
checking for gcc option to enable C11 features... none needed
checking whether gcc understands -c and -o together... yes
checking dependency style of gcc... gcc3
checking for stdio.h... yes
checking for stdlib.h... yes
checking for string.h... yes
checking for inttypes.h... yes
checking for stdint.h... yes
checking for strings.h... yes
checking for sys/stat.h... yes
checking for sys/types.h... yes
checking for unistd.h... yes
checking for wchar.h... yes
checking for minix/config.h... no
checking whether it is safe to define __EXTENSIONS__... yes
checking whether _XOPEN_SOURCE should be defined... no
checking for a sed that does not truncate output... /usr/bin/sed
checking whether NLS is requested... yes
checking for msgfmt... no
checking for gmsgfmt... :
checking for xgettext... no
checking for msgmerge... no
checking build system type... aarch64-unknown-linux-gnu
checking host system type... aarch64-unknown-linux-gnu
checking for ld used by gcc... /usr/bin/ld
checking if the linker (/usr/bin/ld) is GNU ld... yes
checking for shared library run path origin... done
checking how to run the C preprocessor... gcc -E
checking for grep that handles long lines and -e... /usr/bin/grep
checking for egrep... /usr/bin/grep -E
checking for CFPreferencesCopyAppValue... no
checking for CFLocaleCopyCurrent... no
checking for GNU gettext in libc... yes
checking whether to use NLS... yes
checking where the gettext function comes from... libc
checking whether make supports nested variables... (cached) yes
checking for ar... ar
checking the archiver (ar) interface... ar
checking how to print strings... printf
checking for a sed that does not truncate output... (cached) /usr/bin/sed
checking for fgrep... /usr/bin/grep -F
checking for ld used by gcc... /usr/bin/ld
checking if the linker (/usr/bin/ld) is GNU ld... yes
checking for BSD- or MS-compatible name lister (nm)... /usr/bin/nm -B
checking the name lister (/usr/bin/nm -B) interface... BSD nm
checking whether ln -s works... yes
checking the maximum length of command line arguments... 1572864
checking how to convert aarch64-unknown-linux-gnu file names to aarch64-unknown-linux-gnu format... func_convert_file_noop
checking how to convert aarch64-unknown-linux-gnu file names to toolchain format... func_convert_file_noop
checking for /usr/bin/ld option to reload object files... -r
checking for file... file
checking for objdump... objdump
checking how to recognize dependent libraries... pass_all
checking for dlltool... no
checking how to associate runtime and link libraries... printf %s\n
checking for archiver @FILE support... @
checking for strip... strip
checking for ranlib... ranlib
checking command to parse /usr/bin/nm -B output from gcc object... ok
checking for sysroot... no
checking for a working dd... /usr/bin/dd
checking how to truncate binary pipes... /usr/bin/dd bs=4096 count=1
checking for mt... no
checking if : is a manifest tool... no
checking for dlfcn.h... yes
checking for objdir... .libs
checking if gcc supports -fno-rtti -fno-exceptions... no
checking for gcc option to produce PIC... -fPIC -DPIC
checking if gcc PIC flag -fPIC -DPIC works... yes
checking if gcc static flag -static works... yes
checking if gcc supports -c -o file.o... yes
checking if gcc supports -c -o file.o... (cached) yes
checking whether the gcc linker (/usr/bin/ld) supports shared libraries... yes
checking whether -lc should be explicitly linked in... no
checking dynamic linker characteristics... GNU/Linux ld.so
checking how to hardcode library paths into programs... immediate
checking whether stripping libraries is possible... yes
checking if libtool supports shared libraries... yes
checking whether to build shared libraries... yes
checking whether to build static libraries... no
checking for gcc... (cached) gcc
checking whether the compiler supports GNU C... (cached) yes
checking whether gcc accepts -g... (cached) yes
checking for gcc option to enable C11 features... (cached) none needed
checking whether gcc understands -c and -o together... (cached) yes
checking dependency style of gcc... (cached) gcc3
checking for g++... g++
checking whether the compiler supports GNU C++... yes
checking whether g++ accepts -g... yes
checking for g++ option to enable C++11 features... none needed
checking dependency style of g++... gcc3
checking how to run the C++ preprocessor... g++ -E
checking for ld used by g++... /usr/bin/ld
checking if the linker (/usr/bin/ld) is GNU ld... yes
checking whether the g++ linker (/usr/bin/ld) supports shared libraries... yes
checking for g++ option to produce PIC... -fPIC -DPIC
checking if g++ PIC flag -fPIC -DPIC works... yes
checking if g++ static flag -static works... yes
checking if g++ supports -c -o file.o... yes
checking if g++ supports -c -o file.o... (cached) yes
checking whether the g++ linker (/usr/bin/ld) supports shared libraries... yes
checking dynamic linker characteristics... (cached) GNU/Linux ld.so
checking how to hardcode library paths into programs... immediate
checking whether the C++ compiler works... yes
checking whether g++ supports C++17 features by default... yes
checking whether ln -s works... yes
checking for fcntl.h... yes
checking for stdlib.h... (cached) yes
checking for sys/time.h... yes
checking for errno.h... yes
checking for limits.h... yes
checking for dirent.h... yes
checking for fnmatch.h... yes
checking for direct.h... no
checking for io.h... no
checking for sys/dir.h... yes
checking for size_t... yes
checking for regcomp... yes
checking for fnmatch... yes
checking for off_t... yes
checking for size_t... (cached) yes
checking whether struct tm is in sys/time.h or time.h... time.h
checking for realpath... yes
checking for strerror... yes
checking for strstr... yes
checking for asprintf... yes
checking for mkstemp... yes
checking for strcasecmp... yes
checking for strncasecmp... yes
checking for truncate... yes
checking for gcc options needed to detect all undeclared functions... none needed
checking whether __environ is declared... yes
checking whether _NSGetEnviron is declared... no
checking for Git revision... none
checking for pkg-config... /usr/bin/pkg-config
checking pkg-config is at least version 0.9.0... yes
checking for gtk+-3.0 >= 3.24 glib-2.0 >= 2.56 gio-2.0 >= 2.56 gmodule-no-export-2.0 gthread-2.0... yes
checking for g_strv_equal... yes
checking whether binary relocation support should be enabled... no
checking for library containing connect... none required
checking whether the force is with you... no
checking for rst2pdf... no
checking for rst2pdf.py... no
checking for doxygen... no
checking for a Python interpreter with version >= 3... python3
checking for python3... /usr/bin/python3
checking for python3 version... 3.13
checking for python3 platform... linux
checking for GNU default python3 prefix... ${prefix}
checking for GNU default python3 exec_prefix... ${exec_prefix}
checking for python3 script directory (pythondir)... ${PYTHON_PREFIX}/lib/python3.13/site-packages
checking for python3 extension module directory (pyexecdir)... ${PYTHON_EXEC_PREFIX}/lib/python3.13/site-packages
checking for python lxml package... no
checking whether compiler supports GCC4-style visibility... yes
checking for sort... /usr/bin/sort
checking for uniq... /usr/bin/uniq
checking that generated files are newer than configure... done
configure: creating ./config.status
config.status: creating Makefile
config.status: creating icons/Makefile
config.status: creating icons/16x16/Makefile
config.status: creating icons/24x24/Makefile
config.status: creating icons/32x32/Makefile
config.status: creating icons/48x48/Makefile
config.status: creating icons/scalable/Makefile
config.status: creating icons/tango/Makefile
config.status: creating icons/tango/16x16/Makefile
config.status: creating icons/tango/24x24/Makefile
config.status: creating icons/tango/32x32/Makefile
config.status: creating icons/tango/48x48/Makefile
config.status: creating icons/tango/scalable/Makefile
config.status: creating ctags/Makefile
config.status: creating scintilla/Makefile
config.status: creating src/Makefile
config.status: creating src/tagmanager/Makefile
config.status: creating plugins/Makefile
config.status: creating po/Makefile.in
config.status: creating data/Makefile
config.status: creating data/filedefs/filetypes.python
config.status: creating doc/Makefile
config.status: creating doc/geany.1
config.status: creating geany.pc
config.status: creating geany.nsi
config.status: creating tests/Makefile
config.status: creating tests/ctags/Makefile
config.status: creating config.h
config.status: executing depfiles commands
config.status: executing po-directories commands
config.status: creating po/POTFILES
config.status: creating po/Makefile
config.status: executing libtool commands
-------------------------------------------------------
Install Geany in                   : /home/agent/.local
Using GTK version                  : 3.24.49
Enable binary relocation           : no
Build with plugin support          : yes
Use (UNIX domain) socket support   : yes
Use virtual terminal support (VTE) : yes
Build HTML documentation           : no
Build PDF documentation            : no
Build API documentation            : no
Generate GtkDoc header             : no

Configuration is done OK.

make  all-recursive
make[1]: Entering directory '/home/agent/workspace/source/geany-2.1'
Making all in ctags
make[2]: Entering directory '/home/agent/workspace/source/geany-2.1/ctags'
  CC       dsl/optscript.lo
  CC       dsl/es.lo
  CC       libreadtags/readtags.lo
  CC       main/args.lo
  CC       main/colprint.lo
  CC       main/CommonPrelude.lo
  CC       main/debug.lo
  CC       main/dependency.lo
  CC       main/entry.lo
  CC       main/entry_private.lo
  CC       main/error.lo
  CC       main/field.lo
  CC       main/flags.lo
  CC       main/fmt.lo
  CC       main/htable.lo
  CC       main/keyword.lo
  CC       main/kind.lo
  CC       main/lregex.lo
  CC       main/lregex-default.lo
  CC       main/lxpath.lo
  CC       main/main.lo
  CC       main/mbcs.lo
  CC       main/mio.lo
  CC       main/nestlevel.lo
  CC       main/numarray.lo
  CC       main/objpool.lo
  CC       main/options.lo
  CC       main/param.lo
  CC       main/parse.lo
  CC       main/portable-scandir.lo
  CC       main/promise.lo
  CC       main/ptag.lo
  CC       main/ptrarray.lo
  CC       main/rbtree.lo
  CC       main/read.lo
  CC       main/repoinfo.lo
  CC       main/routines.lo
  CC       main/script.lo
  CC       main/seccomp.lo
  CC       main/selectors.lo
  CC       main/sort.lo
  CC       main/stats.lo
  CC       main/strlist.lo
  CC       main/tokeninfo.lo
  CC       main/trace.lo
  CC       main/trashbox.lo
  CC       main/unwindi.lo
  CC       main/utf8_str.lo
  CC       main/vstring.lo
  CC       main/writer-ctags.lo
  CC       main/writer-etags.lo
  CC       main/writer-json.lo
  CC       main/writer-xref.lo
  CC       main/writer.lo
  CC       main/xtag.lo
  CC       optlib/forth.lo
  CC       optlib/meson.lo
  CC       optlib/scss.lo
  CC       optlib/terraform.lo
  CC       parsers/cxx/cxx.lo
  CC       parsers/cxx/cxx_debug.lo
  CC       parsers/cxx/cxx_debug_type.lo
  CC       parsers/cxx/cxx_keyword.lo
  CC       parsers/cxx/cxx_parser_block.lo
  CC       parsers/cxx/cxx_parser.lo
  CC       parsers/cxx/cxx_parser_function.lo
  CC       parsers/cxx/cxx_parser_lambda.lo
  CC       parsers/cxx/cxx_parser_module.lo
  CC       parsers/cxx/cxx_parser_namespace.lo
  CC       parsers/cxx/cxx_parser_template.lo
  CC       parsers/cxx/cxx_parser_tokenizer.lo
  CC       parsers/cxx/cxx_parser_typedef.lo
  CC       parsers/cxx/cxx_parser_using.lo
  CC       parsers/cxx/cxx_parser_variable.lo
  CC       parsers/cxx/cxx_qtmoc.lo
  CC       parsers/cxx/cxx_scope.lo
  CC       parsers/cxx/cxx_side_chain.lo
  CC       parsers/cxx/cxx_subparser.lo
  CC       parsers/cxx/cxx_tag.lo
  CC       parsers/cxx/cxx_token.lo
  CC       parsers/cxx/cxx_token_chain.lo
  CC       parsers/cpreprocessor.lo
  CC       parsers/abaqus.lo
  CC       parsers/abc.lo
  CC       parsers/ada.lo
  CC       parsers/asciidoc.lo
  CC       parsers/asm.lo
  CC       parsers/autoit.lo
  CC       parsers/basic.lo
  CC       parsers/bibtex.lo
  CC       parsers/geany_c.lo
  CC       parsers/clojure.lo
  CC       parsers/cobol.lo
  CC       parsers/iniconf.lo
  CC       parsers/css.lo
  CC       parsers/diff.lo
  CC       parsers/geany_docbook.lo
  CC       parsers/dosbatch.lo
  CC       parsers/erlang.lo
  CC       parsers/flex.lo
  CC       parsers/fortran.lo
  CC       parsers/gdscript.lo
  CC       parsers/go.lo
  CC       parsers/haskell.lo
  CC       parsers/haxe.lo
  CC       parsers/html.lo
  CC       parsers/jscript.lo
  CC       parsers/json.lo
  CC       parsers/julia.lo
  CC       parsers/geany_lcpp.lo
  CC       parsers/ldscript.lo
  CC       parsers/lisp.lo
  CC       parsers/lua.lo
  CC       parsers/make.lo
  CC       parsers/markdown.lo
  CC       parsers/matlab.lo
  CC       parsers/nsis.lo
  CC       parsers/objc.lo
  CC       parsers/ocaml.lo
  CC       parsers/pascal.lo
  CC       parsers/perl.lo
  CC       parsers/php.lo
  CC       parsers/powershell.lo
  CC       parsers/python.lo
  CC       parsers/r.lo
  CC       parsers/raku.lo
  CC       parsers/rst.lo
  CC       parsers/ruby.lo
  CC       parsers/rust.lo
  CC       parsers/sh.lo
  CC       parsers/sql.lo
  CC       parsers/tcl.lo
  CC       parsers/tcloo.lo
  CC       parsers/tex.lo
  CC       parsers/txt2tags.lo
  CC       parsers/typescript.lo
  CC       parsers/verilog.lo
  CC       parsers/vhdl.lo
  CCLD     libctags.la
make[2]: Leaving directory '/home/agent/workspace/source/geany-2.1/ctags'
Making all in scintilla
make[2]: Entering directory '/home/agent/workspace/source/geany-2.1/scintilla'
  CXX      gtk/libscintilla_la-PlatGTK.lo
  CXX      gtk/libscintilla_la-ScintillaGTK.lo
  CXX      gtk/libscintilla_la-ScintillaGTKAccessible.lo
  CC       gtk/libscintilla_la-scintilla-marshal.lo
  CXX      src/libscintilla_la-AutoComplete.lo
  CXX      src/libscintilla_la-CallTip.lo
  CXX      src/libscintilla_la-CaseConvert.lo
  CXX      src/libscintilla_la-CaseFolder.lo
  CXX      src/libscintilla_la-CellBuffer.lo
  CXX      src/libscintilla_la-ChangeHistory.lo
  CXX      src/libscintilla_la-CharacterCategoryMap.lo
  CXX      src/libscintilla_la-CharacterType.lo
  CXX      src/libscintilla_la-CharClassify.lo
  CXX      src/libscintilla_la-ContractionState.lo
  CXX      src/libscintilla_la-DBCS.lo
  CXX      src/libscintilla_la-Decoration.lo
  CXX      src/libscintilla_la-Document.lo
  CXX      src/libscintilla_la-EditModel.lo
  CXX      src/libscintilla_la-Editor.lo
  CXX      src/libscintilla_la-EditView.lo
  CXX      src/libscintilla_la-Geometry.lo
  CXX      src/libscintilla_la-Indicator.lo
  CXX      src/libscintilla_la-KeyMap.lo
  CXX      src/libscintilla_la-LineMarker.lo
  CXX      src/libscintilla_la-MarginView.lo
  CXX      src/libscintilla_la-PerLine.lo
  CXX      src/libscintilla_la-PositionCache.lo
  CXX      src/libscintilla_la-RESearch.lo
  CXX      src/libscintilla_la-RunStyles.lo
  CXX      src/libscintilla_la-ScintillaBase.lo
  CXX      src/libscintilla_la-Selection.lo
  CXX      src/libscintilla_la-Style.lo
  CXX      src/libscintilla_la-UndoHistory.lo
  CXX      src/libscintilla_la-UniConversion.lo
  CXX      src/libscintilla_la-UniqueString.lo
  CXX      src/libscintilla_la-ViewStyle.lo
  CXX      src/libscintilla_la-XPM.lo
  CXX      lexilla/lexlib/liblexilla_la-Accessor.lo
  CXX      lexilla/lexlib/liblexilla_la-CharacterCategory.lo
  CXX      lexilla/lexlib/liblexilla_la-CharacterSet.lo
  CXX      lexilla/lexlib/liblexilla_la-DefaultLexer.lo
  CXX      lexilla/lexlib/liblexilla_la-InList.lo
  CXX      lexilla/lexlib/liblexilla_la-LexAccessor.lo
  CXX      lexilla/lexlib/liblexilla_la-LexerBase.lo
  CXX      lexilla/lexlib/liblexilla_la-LexerModule.lo
  CXX      lexilla/lexlib/liblexilla_la-LexerNoExceptions.lo
  CXX      lexilla/lexlib/liblexilla_la-LexerSimple.lo
  CXX      lexilla/lexlib/liblexilla_la-PropSetSimple.lo
  CXX      lexilla/lexlib/liblexilla_la-StyleContext.lo
  CXX      lexilla/lexlib/liblexilla_la-WordList.lo
  CXX      lexilla/src/liblexilla_la-Lexilla.lo
  CXX      lexilla/lexers/liblexilla_la-LexAbaqus.lo
  CXX      lexilla/lexers/liblexilla_la-LexAda.lo
  CXX      lexilla/lexers/liblexilla_la-LexAsciidoc.lo
  CXX      lexilla/lexers/liblexilla_la-LexAsm.lo
  CXX      lexilla/lexers/liblexilla_la-LexAU3.lo
  CXX      lexilla/lexers/liblexilla_la-LexBash.lo
  CXX      lexilla/lexers/liblexilla_la-LexBasic.lo
  CXX      lexilla/lexers/liblexilla_la-LexBatch.lo
  CXX      lexilla/lexers/liblexilla_la-LexCIL.lo
  CXX      lexilla/lexers/liblexilla_la-LexCOBOL.lo
  CXX      lexilla/lexers/liblexilla_la-LexCPP.lo
  CXX      lexilla/lexers/liblexilla_la-LexCSS.lo
  CXX      lexilla/lexers/liblexilla_la-LexCaml.lo
  CXX      lexilla/lexers/liblexilla_la-LexCmake.lo
  CXX      lexilla/lexers/liblexilla_la-LexCoffeeScript.lo
  CXX      lexilla/lexers/liblexilla_la-LexD.lo
  CXX      lexilla/lexers/liblexilla_la-LexDart.lo
  CXX      lexilla/lexers/liblexilla_la-LexDiff.lo
  CXX      lexilla/lexers/liblexilla_la-LexErlang.lo
  CXX      lexilla/lexers/liblexilla_la-LexForth.lo
  CXX      lexilla/lexers/liblexilla_la-LexFortran.lo
  CXX      lexilla/lexers/liblexilla_la-LexGDScript.lo
  CXX      lexilla/lexers/liblexilla_la-LexHTML.lo
  CXX      lexilla/lexers/liblexilla_la-LexHaskell.lo
  CXX      lexilla/lexers/liblexilla_la-LexJulia.lo
  CXX      lexilla/lexers/liblexilla_la-LexLaTeX.lo
  CXX      lexilla/lexers/liblexilla_la-LexLisp.lo
  CXX      lexilla/lexers/liblexilla_la-LexLua.lo
  CXX      lexilla/lexers/liblexilla_la-LexMake.lo
  CXX      lexilla/lexers/liblexilla_la-LexMarkdown.lo
  CXX      lexilla/lexers/liblexilla_la-LexMatlab.lo
  CXX      lexilla/lexers/liblexilla_la-LexNim.lo
  CXX      lexilla/lexers/liblexilla_la-LexNix.lo
  CXX      lexilla/lexers/liblexilla_la-LexNsis.lo
  CXX      lexilla/lexers/liblexilla_la-LexNull.lo
  CXX      lexilla/lexers/liblexilla_la-LexPascal.lo
  CXX      lexilla/lexers/liblexilla_la-LexPerl.lo
  CXX      lexilla/lexers/liblexilla_la-LexPowerShell.lo
  CXX      lexilla/lexers/liblexilla_la-LexProps.lo
  CXX      lexilla/lexers/liblexilla_la-LexPython.lo
  CXX      lexilla/lexers/liblexilla_la-LexPO.lo
  CXX      lexilla/lexers/liblexilla_la-LexR.lo
  CXX      lexilla/lexers/liblexilla_la-LexRaku.lo
  CXX      lexilla/lexers/liblexilla_la-LexRuby.lo
  CXX      lexilla/lexers/liblexilla_la-LexRust.lo
  CXX      lexilla/lexers/liblexilla_la-LexSmalltalk.lo
  CXX      lexilla/lexers/liblexilla_la-LexSQL.lo
  CXX      lexilla/lexers/liblexilla_la-LexTCL.lo
  CXX      lexilla/lexers/liblexilla_la-LexTOML.lo
  CXX      lexilla/lexers/liblexilla_la-LexTxt2tags.lo
  CXX      lexilla/lexers/liblexilla_la-LexVHDL.lo
  CXX      lexilla/lexers/liblexilla_la-LexVerilog.lo
  CXX      lexilla/lexers/liblexilla_la-LexVisualProlog.lo
  CXX      lexilla/lexers/liblexilla_la-LexYAML.lo
  CXX      lexilla/lexers/liblexilla_la-LexZig.lo
  CXXLD    libscintilla.la
  CXXLD    liblexilla.la
make[2]: Leaving directory '/home/agent/workspace/source/geany-2.1/scintilla'
Making all in src
make[2]: Entering directory '/home/agent/workspace/source/geany-2.1/src'
Making all in tagmanager
make[3]: Entering directory '/home/agent/workspace/source/geany-2.1/src/tagmanager'
  CC       tm_ctags.lo
  CC       tm_parser.lo
  CC       tm_source_file.lo
  CC       tm_tag.lo
  CC       tm_workspace.lo
  CCLD     libtagmanager.la
make[3]: Leaving directory '/home/agent/workspace/source/geany-2.1/src/tagmanager'
make[3]: Entering directory '/home/agent/workspace/source/geany-2.1/src'
  CC       main.o
  CC       libgeany_la-about.lo
  CC       libgeany_la-build.lo
  GEN      signallist.i
  CC       libgeany_la-dialogs.lo
  CC       libgeany_la-document.lo
  CC       libgeany_la-editor.lo
  CC       libgeany_la-encodings.lo
  CC       libgeany_la-filetypes.lo
  CC       libgeany_la-geanyentryaction.lo
  CC       libgeany_la-geanymenubuttonaction.lo
  CC       libgeany_la-geanyobject.lo
  CC       libgeany_la-geanywraplabel.lo
  CC       libgeany_la-highlighting.lo
  CC       libgeany_la-keybindings.lo
  CC       libgeany_la-keyfile.lo
  CC       libgeany_la-log.lo
  CC       libgeany_la-libmain.lo
  CC       libgeany_la-msgwindow.lo
  CC       libgeany_la-navqueue.lo
  CC       libgeany_la-notebook.lo
  CC       libgeany_la-pluginextension.lo
  CC       libgeany_la-plugins.lo
  CC       libgeany_la-pluginutils.lo
  CC       libgeany_la-prefs.lo
  CC       libgeany_la-printing.lo
  CC       libgeany_la-project.lo
  CC       libgeany_la-sciwrappers.lo
sciwrappers.c: In function 'sci_set_lexer':
sciwrappers.c:708:9: warning: 'LexerNameFromID' is deprecated [-Wdeprecated-declarations]
  708 |         const char *lexer_name = LexerNameFromID(lexer_id);
      |         ^~~~~
In file included from sciwrappers.c:38:
../scintilla/lexilla/include/Lexilla.h:91:47: note: declared here
   91 | DEPRECATE_DEFINITION const char *LEXILLA_CALL LexerNameFromID(int identifier);
      |                                               ^~~~~~~~~~~~~~~
  CC       libgeany_la-search.lo
  CC       libgeany_la-socket.lo
  CC       libgeany_la-spawn.lo
  CC       libgeany_la-stash.lo
  CC       libgeany_la-symbols.lo
  CC       libgeany_la-templates.lo
  CC       libgeany_la-toolbar.lo
  CC       libgeany_la-tools.lo
  CC       libgeany_la-sidebar.lo
  CC       libgeany_la-ui_utils.lo
  CC       libgeany_la-utils.lo
  CC       libgeany_la-vte.lo
  CC       libgeany_la-callbacks.lo
  CXXLD    libgeany.la
  CXXLD    geany
make[3]: Leaving directory '/home/agent/workspace/source/geany-2.1/src'
make[2]: Leaving directory '/home/agent/workspace/source/geany-2.1/src'
Making all in plugins
make[2]: Entering directory '/home/agent/workspace/source/geany-2.1/plugins'
  CC       demoplugin_la-demoplugin.lo
  CC       demopluginext_la-demopluginext.lo
  CC       demoproxy_la-demoproxy.lo
  CC       classbuilder_la-classbuilder.lo
  CC       htmlchars_la-htmlchars.lo
  CC       export_la-export.lo
  CC       saveactions_la-saveactions.lo
  CC       filebrowser_la-filebrowser.lo
  CC       splitwindow_la-splitwindow.lo
  CCLD     demoplugin.la
  CCLD     demopluginext.la
  CCLD     demoproxy.la
  CCLD     classbuilder.la
  CCLD     htmlchars.la
  CCLD     export.la
  CCLD     saveactions.la
  CCLD     filebrowser.la
  CCLD     splitwindow.la
make[2]: Leaving directory '/home/agent/workspace/source/geany-2.1/plugins'
Making all in icons
make[2]: Entering directory '/home/agent/workspace/source/geany-2.1/icons'
Making all in 16x16
make[3]: Entering directory '/home/agent/workspace/source/geany-2.1/icons/16x16'
make[3]: Nothing to be done for 'all'.
make[3]: Leaving directory '/home/agent/workspace/source/geany-2.1/icons/16x16'
Making all in 24x24
make[3]: Entering directory '/home/agent/workspace/source/geany-2.1/icons/24x24'
make[3]: Nothing to be done for 'all'.
make[3]: Leaving directory '/home/agent/workspace/source/geany-2.1/icons/24x24'
Making all in 32x32
make[3]: Entering directory '/home/agent/workspace/source/geany-2.1/icons/32x32'
make[3]: Nothing to be done for 'all'.
make[3]: Leaving directory '/home/agent/workspace/source/geany-2.1/icons/32x32'
Making all in 48x48
make[3]: Entering directory '/home/agent/workspace/source/geany-2.1/icons/48x48'
make[3]: Nothing to be done for 'all'.
make[3]: Leaving directory '/home/agent/workspace/source/geany-2.1/icons/48x48'
Making all in scalable
make[3]: Entering directory '/home/agent/workspace/source/geany-2.1/icons/scalable'
make[3]: Nothing to be done for 'all'.
make[3]: Leaving directory '/home/agent/workspace/source/geany-2.1/icons/scalable'
Making all in tango
make[3]: Entering directory '/home/agent/workspace/source/geany-2.1/icons/tango'
Making all in 16x16
make[4]: Entering directory '/home/agent/workspace/source/geany-2.1/icons/tango/16x16'
make[4]: Nothing to be done for 'all'.
make[4]: Leaving directory '/home/agent/workspace/source/geany-2.1/icons/tango/16x16'
Making all in 24x24
make[4]: Entering directory '/home/agent/workspace/source/geany-2.1/icons/tango/24x24'
make[4]: Nothing to be done for 'all'.
make[4]: Leaving directory '/home/agent/workspace/source/geany-2.1/icons/tango/24x24'
Making all in 32x32
make[4]: Entering directory '/home/agent/workspace/source/geany-2.1/icons/tango/32x32'
make[4]: Nothing to be done for 'all'.
make[4]: Leaving directory '/home/agent/workspace/source/geany-2.1/icons/tango/32x32'
Making all in 48x48
make[4]: Entering directory '/home/agent/workspace/source/geany-2.1/icons/tango/48x48'
make[4]: Nothing to be done for 'all'.
make[4]: Leaving directory '/home/agent/workspace/source/geany-2.1/icons/tango/48x48'
Making all in scalable
make[4]: Entering directory '/home/agent/workspace/source/geany-2.1/icons/tango/scalable'
make[4]: Nothing to be done for 'all'.
make[4]: Leaving directory '/home/agent/workspace/source/geany-2.1/icons/tango/scalable'
make[4]: Entering directory '/home/agent/workspace/source/geany-2.1/icons/tango'
make[4]: Nothing to be done for 'all-am'.
make[4]: Leaving directory '/home/agent/workspace/source/geany-2.1/icons/tango'
make[3]: Leaving directory '/home/agent/workspace/source/geany-2.1/icons/tango'
make[3]: Entering directory '/home/agent/workspace/source/geany-2.1/icons'
make[3]: Nothing to be done for 'all-am'.
make[3]: Leaving directory '/home/agent/workspace/source/geany-2.1/icons'
make[2]: Leaving directory '/home/agent/workspace/source/geany-2.1/icons'
Making all in po
make[2]: Entering directory '/home/agent/workspace/source/geany-2.1/po'
make[2]: Nothing to be done for 'all'.
make[2]: Leaving directory '/home/agent/workspace/source/geany-2.1/po'
Making all in doc
make[2]: Entering directory '/home/agent/workspace/source/geany-2.1/doc'
make[2]: Nothing to be done for 'all'.
make[2]: Leaving directory '/home/agent/workspace/source/geany-2.1/doc'
Making all in data
make[2]: Entering directory '/home/agent/workspace/source/geany-2.1/data'
make[2]: Nothing to be done for 'all'.
make[2]: Leaving directory '/home/agent/workspace/source/geany-2.1/data'
Making all in tests
make[2]: Entering directory '/home/agent/workspace/source/geany-2.1/tests'
Making all in ctags
make[3]: Entering directory '/home/agent/workspace/source/geany-2.1/tests/ctags'
make[3]: Nothing to be done for 'all'.
make[3]: Leaving directory '/home/agent/workspace/source/geany-2.1/tests/ctags'
make[3]: Entering directory '/home/agent/workspace/source/geany-2.1/tests'
make[3]: Nothing to be done for 'all-am'.
make[3]: Leaving directory '/home/agent/workspace/source/geany-2.1/tests'
make[2]: Leaving directory '/home/agent/workspace/source/geany-2.1/tests'
make[2]: Entering directory '/home/agent/workspace/source/geany-2.1'
  GEN      geany.desktop
make[2]: Leaving directory '/home/agent/workspace/source/geany-2.1'
make[1]: Leaving directory '/home/agent/workspace/source/geany-2.1'
Making install in ctags
make[1]: Entering directory '/home/agent/workspace/source/geany-2.1/ctags'
make[2]: Entering directory '/home/agent/workspace/source/geany-2.1/ctags'
make[2]: Nothing to be done for 'install-exec-am'.
make[2]: Nothing to be done for 'install-data-am'.
make[2]: Leaving directory '/home/agent/workspace/source/geany-2.1/ctags'
make[1]: Leaving directory '/home/agent/workspace/source/geany-2.1/ctags'
Making install in scintilla
make[1]: Entering directory '/home/agent/workspace/source/geany-2.1/scintilla'
make[2]: Entering directory '/home/agent/workspace/source/geany-2.1/scintilla'
make[2]: Nothing to be done for 'install-exec-am'.
 /usr/bin/mkdir -p '/home/agent/.local/include/geany/scintilla/'
 /usr/bin/install -c -m 644 include/Scintilla.h include/Scintilla.iface include/ScintillaWidget.h include/Sci_Position.h lexilla/include/SciLexer.h '/home/agent/.local/include/geany/scintilla/'
make[2]: Leaving directory '/home/agent/workspace/source/geany-2.1/scintilla'
make[1]: Leaving directory '/home/agent/workspace/source/geany-2.1/scintilla'
Making install in src
make[1]: Entering directory '/home/agent/workspace/source/geany-2.1/src'
Making install in tagmanager
make[2]: Entering directory '/home/agent/workspace/source/geany-2.1/src/tagmanager'
make[3]: Entering directory '/home/agent/workspace/source/geany-2.1/src/tagmanager'
make[3]: Nothing to be done for 'install-exec-am'.
 /usr/bin/mkdir -p '/home/agent/.local/include/geany/tagmanager'
 /usr/bin/install -c -m 644 tm_source_file.h tm_tag.h tm_workspace.h tm_parser.h '/home/agent/.local/include/geany/tagmanager'
make[3]: Leaving directory '/home/agent/workspace/source/geany-2.1/src/tagmanager'
make[2]: Leaving directory '/home/agent/workspace/source/geany-2.1/src/tagmanager'
make[2]: Entering directory '/home/agent/workspace/source/geany-2.1/src'
make[3]: Entering directory '/home/agent/workspace/source/geany-2.1/src'
 /usr/bin/mkdir -p '/home/agent/.local/lib'
 /bin/bash ../libtool --silent   --mode=install /usr/bin/install -c   libgeany.la '/home/agent/.local/lib'
 /usr/bin/mkdir -p '/home/agent/.local/bin'
  /bin/bash ../libtool --silent   --mode=install /usr/bin/install -c geany '/home/agent/.local/bin'
make  install-exec-hook
make[4]: Entering directory '/home/agent/workspace/source/geany-2.1/src'
if test "/home/agent/.local/lib" = /usr/local/lib && \
   LANG=C ldd "/home/agent/.local/bin/geany" | grep -q 'libgeany.*not found' \
; then \
	ldconfig "/home/agent/.local/lib"; \
fi
make[4]: Leaving directory '/home/agent/workspace/source/geany-2.1/src'
 /usr/bin/mkdir -p '/home/agent/.local/include/geany'
 /usr/bin/install -c -m 644 app.h build.h dialogs.h document.h editor.h encodings.h filetypes.h geany.h gtkcompat.h highlighting.h keybindings.h main.h msgwindow.h navqueue.h plugindata.h pluginextension.h pluginutils.h prefs.h project.h sciwrappers.h search.h spawn.h stash.h support.h symbols.h templates.h toolbar.h ui_utils.h utils.h '/home/agent/.local/include/geany'
make[3]: Leaving directory '/home/agent/workspace/source/geany-2.1/src'
make[2]: Leaving directory '/home/agent/workspace/source/geany-2.1/src'
make[1]: Leaving directory '/home/agent/workspace/source/geany-2.1/src'
Making install in plugins
make[1]: Entering directory '/home/agent/workspace/source/geany-2.1/plugins'
make[2]: Entering directory '/home/agent/workspace/source/geany-2.1/plugins'
make[2]: Nothing to be done for 'install-exec-am'.
 /usr/bin/mkdir -p '/home/agent/.local/lib/geany'
 /bin/bash ../libtool --silent   --mode=install /usr/bin/install -c   classbuilder.la htmlchars.la export.la saveactions.la filebrowser.la splitwindow.la '/home/agent/.local/lib/geany'
libtool: warning: relinking 'classbuilder.la'
libtool: warning: relinking 'htmlchars.la'
libtool: warning: relinking 'export.la'
libtool: warning: relinking 'saveactions.la'
libtool: warning: relinking 'filebrowser.la'
libtool: warning: relinking 'splitwindow.la'
 /usr/bin/mkdir -p '/home/agent/.local/include/geany'
 /usr/bin/install -c -m 644 geanyfunctions.h geanyplugin.h '/home/agent/.local/include/geany'
make[2]: Leaving directory '/home/agent/workspace/source/geany-2.1/plugins'
make[1]: Leaving directory '/home/agent/workspace/source/geany-2.1/plugins'
Making install in icons
make[1]: Entering directory '/home/agent/workspace/source/geany-2.1/icons'
Making install in 16x16
make[2]: Entering directory '/home/agent/workspace/source/geany-2.1/icons/16x16'
make[3]: Entering directory '/home/agent/workspace/source/geany-2.1/icons/16x16'
make[3]: Nothing to be done for 'install-exec-am'.
 /usr/bin/mkdir -p '/home/agent/.local/share/icons/hicolor/16x16/actions'
 /usr/bin/install -c -m 644 geany-build.png geany-close-all.png geany-save-all.png '/home/agent/.local/share/icons/hicolor/16x16/actions'
 /usr/bin/mkdir -p '/home/agent/.local/share/icons/hicolor/16x16/apps'
 /usr/bin/install -c -m 644 classviewer-class.png classviewer-macro.png classviewer-member.png classviewer-method.png classviewer-namespace.png classviewer-other.png classviewer-struct.png classviewer-var.png geany.png '/home/agent/.local/share/icons/hicolor/16x16/apps'
make[3]: Leaving directory '/home/agent/workspace/source/geany-2.1/icons/16x16'
make[2]: Leaving directory '/home/agent/workspace/source/geany-2.1/icons/16x16'
Making install in 24x24
make[2]: Entering directory '/home/agent/workspace/source/geany-2.1/icons/24x24'
make[3]: Entering directory '/home/agent/workspace/source/geany-2.1/icons/24x24'
make[3]: Nothing to be done for 'install-exec-am'.
 /usr/bin/mkdir -p '/home/agent/.local/share/icons/hicolor/24x24/actions'
 /usr/bin/install -c -m 644 geany-build.png geany-close-all.png geany-save-all.png '/home/agent/.local/share/icons/hicolor/24x24/actions'
 /usr/bin/mkdir -p '/home/agent/.local/share/icons/hicolor/24x24/apps'
 /usr/bin/install -c -m 644 geany.png '/home/agent/.local/share/icons/hicolor/24x24/apps'
make[3]: Leaving directory '/home/agent/workspace/source/geany-2.1/icons/24x24'
make[2]: Leaving directory '/home/agent/workspace/source/geany-2.1/icons/24x24'
Making install in 32x32
make[2]: Entering directory '/home/agent/workspace/source/geany-2.1/icons/32x32'
make[3]: Entering directory '/home/agent/workspace/source/geany-2.1/icons/32x32'
make[3]: Nothing to be done for 'install-exec-am'.
 /usr/bin/mkdir -p '/home/agent/.local/share/icons/hicolor/32x32/actions'
 /usr/bin/install -c -m 644 geany-build.png geany-close-all.png geany-save-all.png '/home/agent/.local/share/icons/hicolor/32x32/actions'
 /usr/bin/mkdir -p '/home/agent/.local/share/icons/hicolor/32x32/apps'
 /usr/bin/install -c -m 644 geany.png '/home/agent/.local/share/icons/hicolor/32x32/apps'
make[3]: Leaving directory '/home/agent/workspace/source/geany-2.1/icons/32x32'
make[2]: Leaving directory '/home/agent/workspace/source/geany-2.1/icons/32x32'
Making install in 48x48
make[2]: Entering directory '/home/agent/workspace/source/geany-2.1/icons/48x48'
make[3]: Entering directory '/home/agent/workspace/source/geany-2.1/icons/48x48'
make[3]: Nothing to be done for 'install-exec-am'.
 /usr/bin/mkdir -p '/home/agent/.local/share/icons/hicolor/48x48/actions'
 /usr/bin/install -c -m 644 geany-build.png geany-close-all.png geany-save-all.png '/home/agent/.local/share/icons/hicolor/48x48/actions'
 /usr/bin/mkdir -p '/home/agent/.local/share/icons/hicolor/48x48/apps'
 /usr/bin/install -c -m 644 geany.png '/home/agent/.local/share/icons/hicolor/48x48/apps'
make[3]: Leaving directory '/home/agent/workspace/source/geany-2.1/icons/48x48'
make[2]: Leaving directory '/home/agent/workspace/source/geany-2.1/icons/48x48'
Making install in scalable
make[2]: Entering directory '/home/agent/workspace/source/geany-2.1/icons/scalable'
make[3]: Entering directory '/home/agent/workspace/source/geany-2.1/icons/scalable'
make[3]: Nothing to be done for 'install-exec-am'.
 /usr/bin/mkdir -p '/home/agent/.local/share/icons/hicolor/scalable/actions'
 /usr/bin/install -c -m 644 geany-build.svg geany-close-all.svg geany-save-all.svg '/home/agent/.local/share/icons/hicolor/scalable/actions'
 /usr/bin/mkdir -p '/home/agent/.local/share/icons/hicolor/scalable/apps'
 /usr/bin/install -c -m 644 geany.svg '/home/agent/.local/share/icons/hicolor/scalable/apps'
make[3]: Leaving directory '/home/agent/workspace/source/geany-2.1/icons/scalable'
make[2]: Leaving directory '/home/agent/workspace/source/geany-2.1/icons/scalable'
Making install in tango
make[2]: Entering directory '/home/agent/workspace/source/geany-2.1/icons/tango'
Making install in 16x16
make[3]: Entering directory '/home/agent/workspace/source/geany-2.1/icons/tango/16x16'
make[4]: Entering directory '/home/agent/workspace/source/geany-2.1/icons/tango/16x16'
make[4]: Nothing to be done for 'install-exec-am'.
 /usr/bin/mkdir -p '/home/agent/.local/share/icons/Tango/16x16/actions'
 /usr/bin/install -c -m 644 geany-save-all.png '/home/agent/.local/share/icons/Tango/16x16/actions'
make[4]: Leaving directory '/home/agent/workspace/source/geany-2.1/icons/tango/16x16'
make[3]: Leaving directory '/home/agent/workspace/source/geany-2.1/icons/tango/16x16'
Making install in 24x24
make[3]: Entering directory '/home/agent/workspace/source/geany-2.1/icons/tango/24x24'
make[4]: Entering directory '/home/agent/workspace/source/geany-2.1/icons/tango/24x24'
make[4]: Nothing to be done for 'install-exec-am'.
 /usr/bin/mkdir -p '/home/agent/.local/share/icons/Tango/24x24/actions'
 /usr/bin/install -c -m 644 geany-save-all.png '/home/agent/.local/share/icons/Tango/24x24/actions'
make[4]: Leaving directory '/home/agent/workspace/source/geany-2.1/icons/tango/24x24'
make[3]: Leaving directory '/home/agent/workspace/source/geany-2.1/icons/tango/24x24'
Making install in 32x32
make[3]: Entering directory '/home/agent/workspace/source/geany-2.1/icons/tango/32x32'
make[4]: Entering directory '/home/agent/workspace/source/geany-2.1/icons/tango/32x32'
make[4]: Nothing to be done for 'install-exec-am'.
 /usr/bin/mkdir -p '/home/agent/.local/share/icons/Tango/32x32/actions'
 /usr/bin/install -c -m 644 geany-save-all.png '/home/agent/.local/share/icons/Tango/32x32/actions'
make[4]: Leaving directory '/home/agent/workspace/source/geany-2.1/icons/tango/32x32'
make[3]: Leaving directory '/home/agent/workspace/source/geany-2.1/icons/tango/32x32'
Making install in 48x48
make[3]: Entering directory '/home/agent/workspace/source/geany-2.1/icons/tango/48x48'
make[4]: Entering directory '/home/agent/workspace/source/geany-2.1/icons/tango/48x48'
make[4]: Nothing to be done for 'install-exec-am'.
 /usr/bin/mkdir -p '/home/agent/.local/share/icons/Tango/48x48/actions'
 /usr/bin/install -c -m 644 geany-save-all.png '/home/agent/.local/share/icons/Tango/48x48/actions'
make[4]: Leaving directory '/home/agent/workspace/source/geany-2.1/icons/tango/48x48'
make[3]: Leaving directory '/home/agent/workspace/source/geany-2.1/icons/tango/48x48'
Making install in scalable
make[3]: Entering directory '/home/agent/workspace/source/geany-2.1/icons/tango/scalable'
make[4]: Entering directory '/home/agent/workspace/source/geany-2.1/icons/tango/scalable'
make[4]: Nothing to be done for 'install-exec-am'.
 /usr/bin/mkdir -p '/home/agent/.local/share/icons/Tango/scalable/actions'
 /usr/bin/install -c -m 644 geany-save-all.svg '/home/agent/.local/share/icons/Tango/scalable/actions'
make[4]: Leaving directory '/home/agent/workspace/source/geany-2.1/icons/tango/scalable'
make[3]: Leaving directory '/home/agent/workspace/source/geany-2.1/icons/tango/scalable'
make[3]: Entering directory '/home/agent/workspace/source/geany-2.1/icons/tango'
make[4]: Entering directory '/home/agent/workspace/source/geany-2.1/icons/tango'
make[4]: Nothing to be done for 'install-exec-am'.
make[4]: Leaving directory '/home/agent/workspace/source/geany-2.1/icons/tango'
make[3]: Leaving directory '/home/agent/workspace/source/geany-2.1/icons/tango'
make[2]: Leaving directory '/home/agent/workspace/source/geany-2.1/icons/tango'
make[2]: Entering directory '/home/agent/workspace/source/geany-2.1/icons'
make[3]: Entering directory '/home/agent/workspace/source/geany-2.1/icons'
make[3]: Nothing to be done for 'install-exec-am'.
make  install-data-hook
make[4]: Entering directory '/home/agent/workspace/source/geany-2.1/icons'
Updating Gtk icon cache.
gtk-update-icon-cache: Cache file created successfully.
gtk-update-icon-cache: Cache file created successfully.
make[4]: Leaving directory '/home/agent/workspace/source/geany-2.1/icons'
make[3]: Leaving directory '/home/agent/workspace/source/geany-2.1/icons'
make[2]: Leaving directory '/home/agent/workspace/source/geany-2.1/icons'
make[1]: Leaving directory '/home/agent/workspace/source/geany-2.1/icons'
Making install in po
make[1]: Entering directory '/home/agent/workspace/source/geany-2.1/po'
installing ar.gmo as /home/agent/.local/share/locale/ar/LC_MESSAGES/geany.mo
installing ast.gmo as /home/agent/.local/share/locale/ast/LC_MESSAGES/geany.mo
installing be.gmo as /home/agent/.local/share/locale/be/LC_MESSAGES/geany.mo
installing bg.gmo as /home/agent/.local/share/locale/bg/LC_MESSAGES/geany.mo
installing ca.gmo as /home/agent/.local/share/locale/ca/LC_MESSAGES/geany.mo
installing cs.gmo as /home/agent/.local/share/locale/cs/LC_MESSAGES/geany.mo
installing da.gmo as /home/agent/.local/share/locale/da/LC_MESSAGES/geany.mo
installing de.gmo as /home/agent/.local/share/locale/de/LC_MESSAGES/geany.mo
installing el.gmo as /home/agent/.local/share/locale/el/LC_MESSAGES/geany.mo
installing en_GB.gmo as /home/agent/.local/share/locale/en_GB/LC_MESSAGES/geany.mo
installing es.gmo as /home/agent/.local/share/locale/es/LC_MESSAGES/geany.mo
installing et.gmo as /home/agent/.local/share/locale/et/LC_MESSAGES/geany.mo
installing eu.gmo as /home/agent/.local/share/locale/eu/LC_MESSAGES/geany.mo
installing fa.gmo as /home/agent/.local/share/locale/fa/LC_MESSAGES/geany.mo
installing fi.gmo as /home/agent/.local/share/locale/fi/LC_MESSAGES/geany.mo
installing fr.gmo as /home/agent/.local/share/locale/fr/LC_MESSAGES/geany.mo
installing gl.gmo as /home/agent/.local/share/locale/gl/LC_MESSAGES/geany.mo
installing he.gmo as /home/agent/.local/share/locale/he/LC_MESSAGES/geany.mo
installing hi.gmo as /home/agent/.local/share/locale/hi/LC_MESSAGES/geany.mo
installing hu.gmo as /home/agent/.local/share/locale/hu/LC_MESSAGES/geany.mo
installing id.gmo as /home/agent/.local/share/locale/id/LC_MESSAGES/geany.mo
installing ie.gmo as /home/agent/.local/share/locale/ie/LC_MESSAGES/geany.mo
installing it.gmo as /home/agent/.local/share/locale/it/LC_MESSAGES/geany.mo
installing ja.gmo as /home/agent/.local/share/locale/ja/LC_MESSAGES/geany.mo
installing kk.gmo as /home/agent/.local/share/locale/kk/LC_MESSAGES/geany.mo
installing ko.gmo as /home/agent/.local/share/locale/ko/LC_MESSAGES/geany.mo
installing ku.gmo as /home/agent/.local/share/locale/ku/LC_MESSAGES/geany.mo
installing lb.gmo as /home/agent/.local/share/locale/lb/LC_MESSAGES/geany.mo
installing lt.gmo as /home/agent/.local/share/locale/lt/LC_MESSAGES/geany.mo
installing lv.gmo as /home/agent/.local/share/locale/lv/LC_MESSAGES/geany.mo
installing mn.gmo as /home/agent/.local/share/locale/mn/LC_MESSAGES/geany.mo
installing nl.gmo as /home/agent/.local/share/locale/nl/LC_MESSAGES/geany.mo
installing nn.gmo as /home/agent/.local/share/locale/nn/LC_MESSAGES/geany.mo
installing pl.gmo as /home/agent/.local/share/locale/pl/LC_MESSAGES/geany.mo
installing pt.gmo as /home/agent/.local/share/locale/pt/LC_MESSAGES/geany.mo
installing pt_BR.gmo as /home/agent/.local/share/locale/pt_BR/LC_MESSAGES/geany.mo
installing ro.gmo as /home/agent/.local/share/locale/ro/LC_MESSAGES/geany.mo
installing ru.gmo as /home/agent/.local/share/locale/ru/LC_MESSAGES/geany.mo
installing sk.gmo as /home/agent/.local/share/locale/sk/LC_MESSAGES/geany.mo
installing sl.gmo as /home/agent/.local/share/locale/sl/LC_MESSAGES/geany.mo
installing sr.gmo as /home/agent/.local/share/locale/sr/LC_MESSAGES/geany.mo
installing sv.gmo as /home/agent/.local/share/locale/sv/LC_MESSAGES/geany.mo
installing tr.gmo as /home/agent/.local/share/locale/tr/LC_MESSAGES/geany.mo
installing uk.gmo as /home/agent/.local/share/locale/uk/LC_MESSAGES/geany.mo
installing vi.gmo as /home/agent/.local/share/locale/vi/LC_MESSAGES/geany.mo
installing zh_CN.gmo as /home/agent/.local/share/locale/zh_CN/LC_MESSAGES/geany.mo
installing zh_TW.gmo as /home/agent/.local/share/locale/zh_TW/LC_MESSAGES/geany.mo
if test "geany" = "gettext-tools"; then \
  /usr/bin/mkdir -p /home/agent/.local/share/gettext/po; \
  for file in Makefile.in.in remove-potcdate.sin quot.sed boldquot.sed en@quot.header en@boldquot.header insert-header.sin Rules-quot   Rules-gmo Makevars.template; do \
    /usr/bin/install -c -m 644 ./$file \
		    /home/agent/.local/share/gettext/po/$file; \
  done; \
  for file in Makevars; do \
    rm -f /home/agent/.local/share/gettext/po/$file; \
  done; \
else \
  : ; \
fi
make[1]: Leaving directory '/home/agent/workspace/source/geany-2.1/po'
Making install in doc
make[1]: Entering directory '/home/agent/workspace/source/geany-2.1/doc'
make[2]: Entering directory '/home/agent/workspace/source/geany-2.1/doc'
make[2]: Nothing to be done for 'install-exec-am'.
/bin/bash /home/agent/workspace/source/geany-2.1/build-aux/install-sh -d /home/agent/.local/share/doc/geany/html
dir=.; test -f "$dir/geany.html" || dir=.; \
/usr/bin/install -c -m 644 "$dir/geany.html" /home/agent/.local/share/doc/geany/html/index.html
/bin/bash /home/agent/workspace/source/geany-2.1/build-aux/install-sh -d /home/agent/.local/share/doc/geany
/usr/bin/install -c -m 644 ./geany.txt /home/agent/.local/share/doc/geany/manual.txt
/usr/bin/install -c -m 644 ../scintilla/License.txt /home/agent/.local/share/doc/geany/ScintillaLicense.txt
/usr/bin/install -c -m 644 ../scintilla/lexilla/License.txt /home/agent/.local/share/doc/geany/LexillaLicense.txt
 /usr/bin/mkdir -p '/home/agent/.local/share/doc/geany/html/images'
 /usr/bin/install -c -m 644 images/build_menu_commands_dialog.png images/edit_change_history.png images/find_dialog.png images/find_in_files_dialog.png images/main_window.png images/pref_dialog_edit_completions.png images/pref_dialog_edit_display.png images/pref_dialog_edit_features.png images/pref_dialog_edit_indentation.png images/pref_dialog_files.png images/pref_dialog_gen_misc.png images/pref_dialog_gen_startup.png images/pref_dialog_interface_interface.png images/pref_dialog_interface_notebook.png images/pref_dialog_interface_toolbar.png images/pref_dialog_keys.png images/pref_dialog_printing.png images/pref_dialog_templ.png images/pref_dialog_tools.png images/pref_dialog_various.png images/pref_dialog_vte.png images/replace_dialog.png images/sidebar_documents_only.png images/sidebar_show_paths.png images/sidebar_show_tree.png '/home/agent/.local/share/doc/geany/html/images'
 /usr/bin/mkdir -p '/home/agent/.local/share/doc/geany'
 /usr/bin/install -c -m 644 ../AUTHORS ../ChangeLog ../COPYING ../NEWS ../README ../THANKS ../TODO '/home/agent/.local/share/doc/geany'
 /usr/bin/mkdir -p '/home/agent/.local/share/man/man1'
 /usr/bin/install -c -m 644 geany.1 '/home/agent/.local/share/man/man1'
make[2]: Leaving directory '/home/agent/workspace/source/geany-2.1/doc'
make[1]: Leaving directory '/home/agent/workspace/source/geany-2.1/doc'
Making install in data
make[1]: Entering directory '/home/agent/workspace/source/geany-2.1/data'
make[2]: Entering directory '/home/agent/workspace/source/geany-2.1/data'
make[2]: Nothing to be done for 'install-exec-am'.
 /usr/bin/mkdir -p '/home/agent/.local/share/geany'
 /usr/bin/mkdir -p '/home/agent/.local/share/geany/colorschemes'
 /usr/bin/install -c -m 644  colorschemes/lgpl-2.0.txt colorschemes/lgpl-2.1.txt colorschemes/abc-dark.conf colorschemes/abc-light.conf colorschemes/alt.conf colorschemes/bespin.conf colorschemes/black.conf colorschemes/carbonfox.conf colorschemes/cyber-sugar.conf colorschemes/darcula.conf colorschemes/dark-colors.conf colorschemes/dark.conf colorschemes/delt-dark.conf colorschemes/dark-fruit-salad.conf colorschemes/earthsong.conf colorschemes/epsilon.conf colorschemes/evg-ega-dark.conf colorschemes/gedit.conf colorschemes/github.conf colorschemes/grey8.conf colorschemes/gruvbox-dark.conf colorschemes/hacker.conf colorschemes/himbeere.conf colorschemes/inkpot.conf colorschemes/kugel.conf colorschemes/kurayami.conf colorschemes/matcha.conf colorschemes/mc.conf colorschemes/metallic-bottle.conf colorschemes/notepad-plus-plus.conf colorschemes/oblivion2.conf colorschemes/octagon.conf colorschemes/one-dark.conf colorschemes/pygments.conf colorschemes/retro.conf colorschemes/sleepy-pastel.conf colorschemes/slushpoppies.conf colorschemes/solarized-dark.conf colorschemes/solarized-light.conf colorschemes/spyder-dark.conf '/home/agent/.local/share/geany/colorschemes'
 /usr/bin/mkdir -p '/home/agent/.local/share/geany/filedefs'
 /usr/bin/install -c -m 644  filedefs/filetypes.abaqus filedefs/filetypes.abc filedefs/filetypes.actionscript filedefs/filetypes.ada filedefs/filetypes.Arduino.conf filedefs/filetypes.asciidoc filedefs/filetypes.asm filedefs/filetypes.autoit filedefs/filetypes.batch filedefs/filetypes.bibtex filedefs/filetypes.c filedefs/filetypes.caml filedefs/filetypes.cil filedefs/filetypes.Clojure.conf filedefs/filetypes.cmake filedefs/filetypes.cobol filedefs/filetypes.coffeescript filedefs/filetypes.common filedefs/filetypes.conf filedefs/filetypes.cpp filedefs/filetypes.cs filedefs/filetypes.css filedefs/filetypes.CUDA.conf filedefs/filetypes.Cython.conf filedefs/filetypes.d filedefs/filetypes.dart filedefs/filetypes.diff filedefs/filetypes.docbook filedefs/filetypes.Dockerfile.conf filedefs/filetypes.erlang filedefs/filetypes.f77 filedefs/filetypes.forth filedefs/filetypes.fortran filedefs/filetypes.freebasic filedefs/filetypes.gdscript filedefs/filetypes.Genie.conf filedefs/filetypes.glsl filedefs/filetypes.go filedefs/filetypes.Graphviz.conf filedefs/filetypes.Groovy.conf '/home/agent/.local/share/geany/filedefs'
 /usr/bin/mkdir -p '/home/agent/.local/share/geany/filedefs'
 /usr/bin/install -c -m 644  filedefs/filetypes.haskell filedefs/filetypes.haxe filedefs/filetypes.HCL.conf filedefs/filetypes.html filedefs/filetypes.java filedefs/filetypes.javascript filedefs/filetypes.julia filedefs/filetypes.JSON.conf filedefs/filetypes.latex filedefs/filetypes.LESS.conf filedefs/filetypes.lisp filedefs/filetypes.lua filedefs/filetypes.Kotlin.conf filedefs/filetypes.makefile filedefs/filetypes.markdown filedefs/filetypes.matlab filedefs/filetypes.nix filedefs/filetypes.Meson.conf filedefs/filetypes.nim filedefs/filetypes.nsis filedefs/filetypes.objectivec filedefs/filetypes.pascal filedefs/filetypes.perl filedefs/filetypes.php filedefs/filetypes.po filedefs/filetypes.powershell filedefs/filetypes.prolog filedefs/filetypes.r filedefs/filetypes.raku filedefs/filetypes.restructuredtext filedefs/filetypes.ruby filedefs/filetypes.rust filedefs/filetypes.Scala.conf filedefs/filetypes.SCSS.conf filedefs/filetypes.sh filedefs/filetypes.smalltalk filedefs/filetypes.sql filedefs/filetypes.Swift.conf filedefs/filetypes.SystemVerilog.conf filedefs/filetypes.TypeScript.conf '/home/agent/.local/share/geany/filedefs'
 /usr/bin/mkdir -p '/home/agent/.local/share/geany/templates/files'
 /usr/bin/install -c -m 644  templates/files/file.html templates/files/file_html5.html templates/files/file.php templates/files/file.rb templates/files/file.tex templates/files/main.c templates/files/main.cxx templates/files/main.d templates/files/main.java templates/files/main.md templates/files/main.py templates/files/main.vala templates/files/module.erl templates/files/program.pas '/home/agent/.local/share/geany/templates/files'
 /usr/bin/mkdir -p '/home/agent/.local/share/geany/tags'
 /usr/bin/install -c -m 644  tags/std99.c.tags tags/std.php.tags tags/std.py.tags tags/std.pas.tags tags/entities.html.tags '/home/agent/.local/share/geany/tags'
 /usr/bin/mkdir -p '/home/agent/.local/share/geany/colorschemes'
 /usr/bin/install -c -m 644  colorschemes/steampunk.conf colorschemes/tango-dark.conf colorschemes/tango-light.conf colorschemes/tinge.conf colorschemes/ubuntu.conf colorschemes/underthesea.conf colorschemes/vibrant-ink.conf '/home/agent/.local/share/geany/colorschemes'
 /usr/bin/mkdir -p '/home/agent/.local/share/geany/templates'
 /usr/bin/install -c -m 644  templates/bsd templates/changelog templates/fileheader templates/function templates/gpl '/home/agent/.local/share/geany/templates'
 /usr/bin/install -c -m 644  filetype_extensions.conf snippets.conf ui_toolbar.xml geany.glade geany.css '/home/agent/.local/share/geany/.'
 /usr/bin/mkdir -p '/home/agent/.local/share/geany/filedefs'
 /usr/bin/install -c -m 644  filedefs/filetypes.tcl filedefs/filetypes.toml filedefs/filetypes.txt2tags filedefs/filetypes.vala filedefs/filetypes.verilog filedefs/filetypes.vhdl filedefs/filetypes.xml filedefs/filetypes.yaml filedefs/filetypes.zephir filedefs/filetypes.zig '/home/agent/.local/share/geany/filedefs'
 /usr/bin/mkdir -p '/home/agent/.local/share/geany'
 /usr/bin/mkdir -p '/home/agent/.local/share/geany/filedefs'
 /usr/bin/install -c -m 644  filedefs/filetypes.python '/home/agent/.local/share/geany/filedefs'
make[2]: Leaving directory '/home/agent/workspace/source/geany-2.1/data'
make[1]: Leaving directory '/home/agent/workspace/source/geany-2.1/data'
Making install in tests
make[1]: Entering directory '/home/agent/workspace/source/geany-2.1/tests'
Making install in ctags
make[2]: Entering directory '/home/agent/workspace/source/geany-2.1/tests/ctags'
make[3]: Entering directory '/home/agent/workspace/source/geany-2.1/tests/ctags'
make[3]: Nothing to be done for 'install-exec-am'.
make[3]: Nothing to be done for 'install-data-am'.
make[3]: Leaving directory '/home/agent/workspace/source/geany-2.1/tests/ctags'
make[2]: Leaving directory '/home/agent/workspace/source/geany-2.1/tests/ctags'
make[2]: Entering directory '/home/agent/workspace/source/geany-2.1/tests'
make[3]: Entering directory '/home/agent/workspace/source/geany-2.1/tests'
make[3]: Nothing to be done for 'install-exec-am'.
make[3]: Nothing to be done for 'install-data-am'.
make[3]: Leaving directory '/home/agent/workspace/source/geany-2.1/tests'
make[2]: Leaving directory '/home/agent/workspace/source/geany-2.1/tests'
make[1]: Leaving directory '/home/agent/workspace/source/geany-2.1/tests'
make[1]: Entering directory '/home/agent/workspace/source/geany-2.1'
  GEN      geany.desktop
make[2]: Entering directory '/home/agent/workspace/source/geany-2.1'
make[2]: Nothing to be done for 'install-exec-am'.
/bin/bash /home/agent/workspace/source/geany-2.1/build-aux/install-sh -d /home/agent/.local/share/geany
/usr/bin/install -c -m 644 ./COPYING /home/agent/.local/share/geany/GPL-2
  GEN      geany.desktop
 /usr/bin/mkdir -p '/home/agent/.local/share/applications'
 /usr/bin/install -c -m 644 ./geany.desktop '/home/agent/.local/share/applications'
install: cannot stat './geany.desktop': No such file or directory
make[2]: Leaving directory '/home/agent/workspace/source/geany-2.1'
make[2]: *** [Makefile:543: install-desktopDATA] Error 1
make[1]: *** [Makefile:903: install-am] Error 2
make[1]: Leaving directory '/home/agent/workspace/source/geany-2.1'
make: *** [Makefile:591: install-recursive] Error 1
