#0 building with "orbstack" instance using docker driver

#1 [internal] load build definition from Dockerfile
#1 transferring dockerfile: 2.99kB done
#1 DONE 0.0s

#2 [internal] load metadata for docker.io/library/rust:1-trixie
#2 DONE 0.3s

#3 [internal] load .dockerignore
#3 transferring context: 140B done
#3 DONE 0.0s

#4 [build 1/8] FROM docker.io/library/rust:1-trixie@sha256:bf5a9aa29062a6cb03c49bd59a46eb55e3cc770caf598a221a7866e500be3082
#4 DONE 0.0s

#5 [internal] load build context
#5 transferring context: 286.37kB done
#5 DONE 0.0s

#6 [build 3/8] WORKDIR /src
#6 CACHED

#7 [build 2/8] RUN apt-get update && apt-get install -y --no-install-recommends cmake perl pkg-config && rm -rf /var/lib/apt/lists/*
#7 CACHED

#8 [build 4/8] COPY Cargo.toml Cargo.lock ./
#8 CACHED

#9 [build 5/8] COPY src ./src
#9 DONE 0.1s

#10 [build 6/8] COPY assets ./assets
#10 DONE 0.0s

#11 [build 7/8] COPY skills ./skills
#11 DONE 0.0s

#12 [build 8/8] RUN --mount=type=cache,target=/usr/local/cargo/registry --mount=type=cache,target=/src/target cargo build --release --locked && cp target/release/toad-computer /usr/local/bin/toad-computer
#12 1.610    Compiling proc-macro2 v1.0.107
#12 1.611    Compiling quote v1.0.47
#12 1.611    Compiling unicode-ident v1.0.24
#12 1.611    Compiling libc v0.2.189
#12 1.611    Compiling pin-project-lite v0.2.17
#12 1.611    Compiling futures-core v0.3.34
#12 1.611    Compiling serde_core v1.0.229
#12 1.611    Compiling cfg-if v1.0.4
#12 1.611    Compiling bytes v1.12.1
#12 1.611    Compiling futures-io v0.3.34
#12 1.902    Compiling itoa v1.0.18
#12 1.969    Compiling serde v1.0.229
#12 2.085    Compiling slab v0.4.12
#12 2.096    Compiling memchr v2.8.3
#12 2.216    Compiling winnow v1.0.4
#12 2.363    Compiling hashbrown v0.17.1
#12 2.369    Compiling equivalent v1.0.2
#12 2.399    Compiling futures-sink v0.3.34
#12 2.442    Compiling once_cell v1.21.4
#12 2.699    Compiling toml_datetime v1.1.1+spec-1.1.0
#12 2.930    Compiling indexmap v2.14.1
#12 2.939    Compiling stable_deref_trait v1.2.1
#12 2.942    Compiling http v1.5.0
#12 3.052    Compiling jobserver v0.1.35
#12 3.073    Compiling shlex v2.0.1
#12 3.137    Compiling syn v3.0.4
#12 3.163    Compiling syn v2.0.119
#12 3.188    Compiling errno v0.3.14
#12 3.191    Compiling socket2 v0.6.5
#12 3.303    Compiling signal-hook-registry v1.4.8
#12 3.454    Compiling mio v1.2.2
#12 3.475    Compiling toml_parser v1.1.3+spec-1.1.0
#12 3.491    Compiling find-msvc-tools v0.1.11
#12 3.775    Compiling bitflags v2.13.1
#12 3.799    Compiling cc v1.4.4
#12 4.132    Compiling toml_edit v0.25.13+spec-1.1.0
#12 4.145    Compiling futures-channel v0.3.34
#12 4.240    Compiling parking v2.2.1
#12 4.353    Compiling autocfg v1.5.1
#12 4.373    Compiling zmij v1.0.23
#12 4.445    Compiling fs_extra v1.3.0
#12 4.552    Compiling pkg-config v0.3.34
#12 4.709    Compiling version_check v0.9.5
#12 4.726    Compiling futures-task v0.3.34
#12 4.767    Compiling dunce v1.0.5
#12 4.791    Compiling atomic-waker v1.1.2
#12 4.825    Compiling proc-macro-crate v3.5.0
#12 4.861    Compiling cmake v0.1.58
#12 4.945    Compiling generic-array v0.14.7
#12 5.031    Compiling crossbeam-utils v0.8.22
#12 5.076    Compiling httparse v1.10.1
#12 5.235    Compiling typenum v1.20.1
#12 5.241    Compiling smallvec v1.16.0
#12 5.244    Compiling rustix v1.1.4
#12 5.571    Compiling http-body v1.1.0
#12 5.597    Compiling tracing-core v0.1.36
#12 5.639    Compiling aws-lc-sys v0.45.0
#12 5.650    Compiling linux-raw-sys v0.12.1
#12 5.679    Compiling zerocopy v0.8.56
#12 5.716    Compiling fastrand v2.5.0
#12 5.838    Compiling zeroize v1.9.0
#12 5.979    Compiling getrandom v0.3.4
#12 5.993    Compiling writeable v0.6.4
#12 6.025    Compiling litemap v0.8.3
#12 6.196    Compiling aws-lc-rs v1.18.1
#12 6.352    Compiling concurrent-queue v2.5.0
#12 6.373    Compiling event-listener v5.4.2
#12 6.525    Compiling serde_json v1.0.151
#12 6.534    Compiling endi v1.1.1
#12 6.562    Compiling percent-encoding v2.3.2
#12 6.628    Compiling icu_normalizer_data v2.3.0
#12 6.681    Compiling utf8_iter v1.0.4
#12 6.706    Compiling icu_properties_data v2.3.0
#12 6.782    Compiling synstructure v0.13.2
#12 6.809    Compiling event-listener-strategy v0.5.4
#12 6.816    Compiling block-buffer v0.10.4
#12 6.822    Compiling crypto-common v0.1.7
#12 6.895    Compiling rustls-pki-types v1.15.1
#12 7.070    Compiling futures-lite v2.6.1
#12 7.157    Compiling thiserror v2.0.20
#12 7.369    Compiling getrandom v0.4.3
#12 7.421    Compiling rand_core v0.10.1
#12 7.549    Compiling tower-service v0.3.3
#12 7.554    Compiling log v0.4.34
#12 7.923    Compiling rand_core v0.9.5
#12 7.952    Compiling digest v0.10.7
#12 8.173    Compiling async-io v2.6.0
#12 8.263    Compiling cpufeatures v0.2.17
#12 8.315    Compiling rustls v0.23.43
#12 8.324    Compiling zerofrom-derive v0.1.7
#12 8.340    Compiling yoke-derive v0.8.2
#12 8.392    Compiling serde_derive v1.0.229
#12 8.424    Compiling tokio-macros v2.7.2
#12 9.163    Compiling tokio v1.53.1
#12 9.191    Compiling enumflags2_derive v0.7.12
#12 9.510    Compiling zerovec-derive v0.11.6
#12 9.773    Compiling zerofrom v0.1.8
#12 9.849    Compiling yoke v0.8.3
#12 9.861    Compiling displaydoc v0.2.7
#12 9.971    Compiling futures-macro v0.3.34
#12 10.26    Compiling tracing-attributes v0.1.31
#12 10.59    Compiling zerovec v0.11.8
#12 10.62    Compiling zerotrie v0.2.5
#12 10.76    Compiling futures-util v0.3.34
#12 10.98    Compiling ppv-lite86 v0.2.21
#12 11.08    Compiling thiserror-impl v2.0.20
#12 11.20    Compiling tinystr v0.8.4
#12 11.37    Compiling icu_locale_core v2.3.0
#12 11.60    Compiling zvariant_utils v4.2.0
#12 11.66    Compiling tracing v0.1.44
#12 11.79    Compiling zcheapstr v1.1.0
#12 11.91    Compiling enumflags2 v0.7.12
#12 11.97    Compiling potential_utf v0.1.6
#12 12.02    Compiling icu_collections v2.3.0
#12 12.44    Compiling zvariant_derive v5.15.0
#12 12.57    Compiling icu_provider v2.3.1
#12 12.95    Compiling zvariant v5.15.0
#12 13.01    Compiling try-lock v0.2.5
#12 13.16    Compiling untrusted v0.9.0
#12 13.23    Compiling want v0.3.1
#12 13.34    Compiling icu_properties v2.3.0
#12 13.54    Compiling icu_normalizer v2.3.0
#12 13.75    Compiling rand_chacha v0.9.0
#12 14.46    Compiling polling v3.11.0
#12 14.77    Compiling zbus_names v4.3.4
#12 14.81    Compiling form_urlencoded v1.2.2
#12 14.93    Compiling sync_wrapper v1.0.2
#12 14.96    Compiling httpdate v1.0.3
#12 14.98    Compiling async-task v4.7.1
#12 15.04    Compiling subtle v2.6.1
#12 15.14    Compiling tower-layer v0.3.3
#12 15.14    Compiling hyper v1.11.1
#12 15.20    Compiling idna_adapter v1.2.2
#12 15.26    Compiling rand v0.9.5
#12 15.29    Compiling sha1 v0.10.7
#12 15.29    Compiling async-channel v2.5.0
#12 15.46    Compiling http-body-util v0.1.5
#12 15.76    Compiling base64 v0.22.1
#12 16.02    Compiling ipnet v2.12.1
#12 16.26    Compiling data-encoding v2.11.1
#12 16.84    Compiling hyper-util v0.1.20
#12 16.93    Compiling async-signal v0.2.14
#12 17.20    Compiling tower v0.5.3
#12 17.31    Compiling idna v1.1.0
#12 17.87    Compiling zbus_xml v5.2.1
#12 18.13    Compiling uuid v1.26.0
#12 18.71    Compiling async-trait v0.1.92
#12 18.82    Compiling async-lock v3.4.2
#12 18.99    Compiling piper v0.2.5
#12 19.31    Compiling num-traits v0.2.19
#12 19.41    Compiling aho-corasick v1.1.5
#12 19.61    Compiling ident_case v1.0.1
#12 19.67    Compiling openssl-probe v0.2.1
#12 19.80    Compiling regex-syntax v0.8.11
#12 19.88    Compiling strsim v0.11.1
#12 19.90    Compiling simd-adler32 v0.3.10
#12 19.93    Compiling rustls-native-certs v0.8.4
#12 20.03    Compiling darling_core v0.24.1
#12 20.07    Compiling async-process v2.5.0
#12 20.13    Compiling blocking v1.7.0
#12 20.62    Compiling zbus-lockstep v0.5.2
#12 20.77    Compiling url v2.5.8
#12 22.25    Compiling regex-automata v0.4.18
#12 22.38    Compiling zbus_macros v5.19.0
#12 22.73    Compiling async-executor v1.14.0
#12 23.04    Compiling serde_repr v0.1.21
#12 23.47    Compiling async-recursion v1.1.1
#12 23.48    Compiling async-broadcast v0.7.2
#12 23.50    Compiling ordered-stream v0.2.0
#12 23.69    Compiling hex v0.4.3
#12 23.79    Compiling adler2 v2.0.1
#12 23.92    Compiling crc32fast v1.5.1
#12 24.06    Compiling ref-cast v1.0.27
#12 24.14    Compiling darling_macro v0.24.1
#12 24.29    Compiling tower-http v0.6.11
#12 24.34    Compiling zbus-lockstep-macros v0.5.2
#12 24.51    Compiling tokio-util v0.7.19
#12 24.69    Compiling futures-executor v0.3.34
#12 24.92    Compiling chromiumoxide_types v0.9.1
#12 25.02    Compiling zbus v5.19.0
#12 25.10    Compiling regex v1.13.1
#12 25.11    Compiling ref-cast-impl v1.0.27
#12 25.17    Compiling serde_derive_internals v0.30.0
#12 25.18    Compiling either v1.18.0
#12 25.34    Compiling static_assertions v1.1.0
#12 25.41    Compiling heck v0.5.0
#12 25.68    Compiling utf-8 v0.7.6
#12 25.98    Compiling tungstenite v0.28.0
#12 26.19    Compiling schemars_derive v1.2.2
#12 26.50    Compiling chromiumoxide_pdl v0.9.1
#12 26.86    Compiling chrono v0.4.45
#12 27.39    Compiling futures v0.3.34
#12 27.44    Compiling darling v0.24.1
#12 27.70    Compiling miniz_oxide v0.9.1
#12 28.03    Compiling tungstenite v0.29.0
#12 28.43    Compiling chacha20 v0.10.2
#12 28.64    Compiling mime v0.3.17
#12 29.09    Compiling rmcp v3.2.0
#12 29.27    Compiling ryu v1.0.23
#12 29.42    Compiling dyn-clone v1.0.20
#12 29.51    Compiling schemars v1.2.2
#12 29.68    Compiling serde_urlencoded v0.7.1
#12 29.86    Compiling axum-core v0.5.6
#12 29.90    Compiling tokio-tungstenite v0.29.0
#12 30.17    Compiling rand v0.10.2
#12 30.85    Compiling flate2 v1.1.10
#12 30.98    Compiling rmcp-macros v3.2.0
#12 31.36    Compiling chromiumoxide_cdp v0.9.1
#12 31.44    Compiling async-tungstenite v0.32.1
#12 31.47    Compiling miniz_oxide v0.8.9
#12 32.02    Compiling fdeflate v0.3.7
#12 32.07    Compiling sse-stream v0.2.5
#12 32.08    Compiling tokio-stream v0.1.19
#12 32.36    Compiling gethostname v1.1.0
#12 32.44    Compiling serde_path_to_error v0.1.20
#12 32.66    Compiling atspi-common v0.14.0
#12 32.94    Compiling which v8.0.6
#12 33.21    Compiling futures-timer v3.0.4
#12 33.34    Compiling matchit v0.8.4
#12 33.42    Compiling x11rb-protocol v0.14.0
#12 33.89    Compiling base64 v0.23.1
#12 34.13    Compiling fnv v1.0.7
#12 34.17    Compiling pastey v0.2.3
#12 34.58    Compiling axum v0.8.9
#12 34.69    Compiling png v0.18.1
#12 36.43    Compiling sha2 v0.10.9
#12 37.91    Compiling atspi-proxies v0.14.0
#12 40.32    Compiling atspi v0.30.0
#12 40.37    Compiling x11rb v0.14.0
#12 56.36    Compiling rustls-webpki v0.103.15
#12 59.18    Compiling tokio-rustls v0.26.4
#12 59.18    Compiling rustls-platform-verifier v0.7.0
#12 59.47    Compiling hyper-rustls v0.27.9
#12 59.99    Compiling reqwest v0.13.4
#12 73.65    Compiling chromiumoxide v0.9.1
#12 79.95    Compiling toad-computer v0.5.0-dev (/src)
#12 130.4     Finished `release` profile [optimized] target(s) in 2m 09s
#12 DONE 131.0s

#13 [checks 1/3] RUN rustup component add rustfmt clippy
#13 0.178 info: downloading component rustfmt
#13 0.575 info: downloading component clippy
#13 DONE 1.1s

#14 [checks 2/3] COPY tests ./tests
#14 DONE 0.0s

#15 [checks 3/3] RUN --mount=type=cache,target=/usr/local/cargo/registry --mount=type=cache,target=/src/target rm -f target/debug/deps/contract-* && cargo fmt --check && CARGO_PROFILE_TEST_DEBUG=0 CARGO_INCREMENTAL=0 cargo test --locked && CARGO_PROFILE_DEV_DEBUG=0 CARGO_INCREMENTAL=0 cargo clippy --all-targets --locked -- -D warnings     && mkdir -p /acceptance     && for binary in target/debug/deps/contract-*; do if [ -f "$binary" ] && [ -x "$binary" ]; then cp "$binary" /acceptance/contract; fi; done     && test -x /acceptance/contract
#15 0.483    Compiling proc-macro2 v1.0.107
#15 0.483    Compiling quote v1.0.47
#15 0.483    Compiling unicode-ident v1.0.24
#15 0.483    Compiling libc v0.2.189
#15 0.483    Compiling pin-project-lite v0.2.17
#15 0.483    Compiling futures-core v0.3.34
#15 0.483    Compiling cfg-if v1.0.4
#15 0.483    Compiling serde_core v1.0.229
#15 0.483    Compiling itoa v1.0.18
#15 0.484    Compiling bytes v1.12.1
#15 0.521    Compiling futures-io v0.3.34
#15 0.578    Compiling slab v0.4.12
#15 0.583    Compiling memchr v2.8.3
#15 0.606    Compiling serde v1.0.229
#15 0.614    Compiling winnow v1.0.4
#15 0.749    Compiling hashbrown v0.17.1
#15 0.876    Compiling equivalent v1.0.2
#15 0.950    Compiling futures-sink v0.3.34
#15 0.984    Compiling once_cell v1.21.4
#15 1.003    Compiling http v1.5.0
#15 1.039    Compiling bitflags v2.13.1
#15 1.052    Compiling stable_deref_trait v1.2.1
#15 1.100    Compiling toml_datetime v1.1.1+spec-1.1.0
#15 1.190    Compiling futures-channel v0.3.34
#15 1.303    Compiling syn v3.0.4
#15 1.334    Compiling syn v2.0.119
#15 1.340    Compiling indexmap v2.14.1
#15 1.369    Compiling find-msvc-tools v0.1.11
#15 1.380    Compiling shlex v2.0.1
#15 1.542    Compiling errno v0.3.14
#15 1.568    Compiling mio v1.2.2
#15 1.580    Compiling socket2 v0.6.5
#15 1.633    Compiling signal-hook-registry v1.4.8
#15 1.790    Compiling toml_parser v1.1.3+spec-1.1.0
#15 1.836    Compiling jobserver v0.1.35
#15 1.876    Compiling parking v2.2.1
#15 1.943    Compiling futures-task v0.3.34
#15 1.948    Compiling autocfg v1.5.1
#15 1.963    Compiling version_check v0.9.5
#15 2.021    Compiling cc v1.4.4
#15 2.066    Compiling httparse v1.10.1
#15 2.157    Compiling toml_edit v0.25.13+spec-1.1.0
#15 2.160    Compiling generic-array v0.14.7
#15 2.260    Compiling pkg-config v0.3.34
#15 2.301    Compiling dunce v1.0.5
#15 2.326    Compiling fs_extra v1.3.0
#15 2.341    Compiling endi v1.1.1
#15 2.354    Compiling atomic-waker v1.1.2
#15 2.434    Compiling zmij v1.0.23
#15 2.443    Compiling crossbeam-utils v0.8.22
#15 2.540    Compiling rustix v1.1.4
#15 2.629    Compiling typenum v1.20.1
#15 2.702    Compiling proc-macro-crate v3.5.0
#15 2.746    Compiling linux-raw-sys v0.12.1
#15 2.778    Compiling cmake v0.1.58
#15 2.901    Compiling zerocopy v0.8.56
#15 2.914    Compiling fastrand v2.5.0
#15 3.087    Compiling getrandom v0.3.4
#15 3.120    Compiling smallvec v1.16.0
#15 3.187    Compiling http-body v1.1.0
#15 3.272    Compiling tracing-core v0.1.36
#15 3.300    Compiling zeroize v1.9.0
#15 3.320    Compiling writeable v0.6.4
#15 3.371    Compiling litemap v0.8.3
#15 3.426    Compiling aws-lc-rs v1.18.1
#15 3.428    Compiling concurrent-queue v2.5.0
#15 3.600    Compiling crypto-common v0.1.7
#15 3.625    Compiling block-buffer v0.10.4
#15 3.661    Compiling aws-lc-sys v0.45.0
#15 3.670    Compiling event-listener v5.4.2
#15 3.670    Compiling rand_core v0.10.1
#15 3.687    Compiling getrandom v0.4.3
#15 3.711    Compiling thiserror v2.0.20
#15 3.734    Compiling percent-encoding v2.3.2
#15 3.791    Compiling icu_normalizer_data v2.3.0
#15 3.830    Compiling utf8_iter v1.0.4
#15 3.874    Compiling serde_json v1.0.151
#15 3.897    Compiling log v0.4.34
#15 3.919    Compiling icu_properties_data v2.3.0
#15 3.950    Compiling event-listener-strategy v0.5.4
#15 3.997    Compiling digest v0.10.7
#15 4.008    Compiling rand_core v0.9.5
#15 4.014    Compiling rustls-pki-types v1.15.1
#15 4.021    Compiling futures-lite v2.6.1
#15 4.126    Compiling cpufeatures v0.2.17
#15 4.156    Compiling tower-service v0.3.3
#15 4.380    Compiling async-io v2.6.0
#15 4.458    Compiling synstructure v0.13.2
#15 4.547    Compiling untrusted v0.9.0
#15 4.648    Compiling try-lock v0.2.5
#15 4.704    Compiling rustls v0.23.43
#15 4.739    Compiling want v0.3.1
#15 4.842    Compiling sha1 v0.10.7
#15 4.863    Compiling form_urlencoded v1.2.2
#15 4.928    Compiling sync_wrapper v1.0.2
#15 4.985    Compiling tower-layer v0.3.3
#15 4.995    Compiling data-encoding v2.11.1
#15 5.082    Compiling httpdate v1.0.3
#15 5.093    Compiling subtle v2.6.1
#15 5.174    Compiling async-task v4.7.1
#15 5.232    Compiling async-channel v2.5.0
#15 5.328    Compiling http-body-util v0.1.5
#15 5.365    Compiling base64 v0.22.1
#15 5.371    Compiling ipnet v2.12.1
#15 5.542    Compiling uuid v1.26.0
#15 5.658    Compiling async-lock v3.4.2
#15 5.671    Compiling piper v0.2.5
#15 5.724    Compiling num-traits v0.2.19
#15 5.797    Compiling aho-corasick v1.1.5
#15 5.836    Compiling ident_case v1.0.1
#15 5.844    Compiling strsim v0.11.1
#15 5.876    Compiling openssl-probe v0.2.1
#15 5.952    Compiling regex-syntax v0.8.11
#15 5.992    Compiling serde_derive v1.0.229
#15 6.040    Compiling tokio-macros v2.7.2
#15 6.078    Compiling futures-macro v0.3.34
#15 6.229    Compiling zerofrom-derive v0.1.7
#15 6.576    Compiling yoke-derive v0.8.2
#15 6.732    Compiling tokio v1.53.1
#15 6.878    Compiling enumflags2_derive v0.7.12
#15 7.112    Compiling zerovec-derive v0.11.6
#15 7.384    Compiling futures-util v0.3.34
#15 7.467    Compiling displaydoc v0.2.7
#15 7.520    Compiling zerofrom v0.1.8
#15 7.569    Compiling tracing-attributes v0.1.31
#15 7.602    Compiling yoke v0.8.3
#15 7.693    Compiling ppv-lite86 v0.2.21
#15 7.864    Compiling thiserror-impl v2.0.20
#15 8.073    Compiling rand_chacha v0.9.0
#15 8.239    Compiling polling v3.11.0
#15 8.364    Compiling zerovec v0.11.8
#15 8.460    Compiling zerotrie v0.2.5
#15 8.486    Compiling rand v0.9.5
#15 8.729    Compiling async-trait v0.1.92
#15 8.905    Compiling tinystr v0.8.4
#15 9.083    Compiling icu_locale_core v2.3.0
#15 9.120    Compiling potential_utf v0.1.6
#15 9.203    Compiling icu_collections v2.3.0
#15 9.222    Compiling tracing v0.1.44
#15 9.389    Compiling async-signal v0.2.14
#15 9.600    Compiling simd-adler32 v0.3.10
#15 9.697    Compiling async-process v2.5.0
#15 9.704    Compiling regex-automata v0.4.18
#15 9.722    Compiling async-recursion v1.1.1
#15 9.758    Compiling zvariant_utils v4.2.0
#15 10.23    Compiling enumflags2 v0.7.12
#15 10.28    Compiling zcheapstr v1.1.0
#15 10.33    Compiling icu_provider v2.3.1
#15 10.38    Compiling serde_repr v0.1.21
#15 10.43    Compiling darling_core v0.24.1
#15 10.49    Compiling rustls-native-certs v0.8.4
#15 10.50    Compiling icu_normalizer v2.3.0
#15 10.55    Compiling icu_properties v2.3.0
#15 10.60    Compiling zvariant_derive v5.15.0
#15 10.68    Compiling blocking v1.7.0
#15 10.72    Compiling async-executor v1.14.0
#15 10.83    Compiling async-broadcast v0.7.2
#15 10.89    Compiling ordered-stream v0.2.0
#15 10.98    Compiling ref-cast v1.0.27
#15 10.99    Compiling adler2 v2.0.1
#15 10.99    Compiling hex v0.4.3
#15 11.10    Compiling zvariant v5.15.0
#15 11.16    Compiling crc32fast v1.5.1
#15 11.18    Compiling utf-8 v0.7.6
#15 11.29    Compiling tungstenite v0.28.0
#15 11.35    Compiling futures-executor v0.3.34
#15 11.53    Compiling hyper v1.11.1
#15 11.63    Compiling idna_adapter v1.2.2
#15 11.63    Compiling tower v0.5.3
#15 11.69    Compiling idna v1.1.0
#15 12.00    Compiling url v2.5.8
#15 12.12    Compiling regex v1.13.1
#15 12.28    Compiling tokio-util v0.7.19
#15 12.46    Compiling hyper-util v0.1.20
#15 12.71    Compiling tower-http v0.6.11
#15 12.79    Compiling chromiumoxide_types v0.9.1
#15 12.79    Compiling ref-cast-impl v1.0.27
#15 12.86    Compiling serde_derive_internals v0.30.0
#15 12.91    Compiling zbus_names v4.3.4
#15 13.08    Compiling static_assertions v1.1.0
#15 13.23    Compiling either v1.18.0
#15 13.28    Compiling zbus_xml v5.2.1
#15 13.29    Compiling heck v0.5.0
#15 13.32    Compiling darling_macro v0.24.1
#15 13.38    Compiling chromiumoxide_pdl v0.9.1
#15 13.43    Compiling zbus_macros v5.19.0
#15 13.64    Compiling chrono v0.4.45
#15 13.80    Compiling schemars_derive v1.2.2
#15 13.90    Compiling futures v0.3.34
#15 13.92    Compiling darling v0.24.1
#15 13.96    Compiling miniz_oxide v0.9.1
#15 14.08    Compiling zbus-lockstep v0.5.2
#15 14.42    Compiling tungstenite v0.29.0
#15 14.42    Compiling zbus-lockstep-macros v0.5.2
#15 14.53    Compiling chacha20 v0.10.2
#15 14.54    Compiling rmcp v3.2.0
#15 14.65    Compiling mime v0.3.17
#15 14.68    Compiling dyn-clone v1.0.20
#15 14.72    Compiling ryu v1.0.23
#15 14.75    Compiling rand v0.10.2
#15 14.77    Compiling axum-core v0.5.6
#15 14.80    Compiling rmcp-macros v3.2.0
#15 14.82    Compiling flate2 v1.1.10
#15 14.89    Compiling serde_urlencoded v0.7.1
#15 15.14    Compiling tokio-tungstenite v0.29.0
#15 15.20    Compiling chromiumoxide_cdp v0.9.1
#15 15.26    Compiling async-tungstenite v0.32.1
#15 15.33    Compiling tokio-stream v0.1.19
#15 15.37    Compiling miniz_oxide v0.8.9
#15 15.58    Compiling sse-stream v0.2.5
#15 15.60    Compiling fdeflate v0.3.7
#15 15.62    Compiling schemars v1.2.2
#15 15.79    Compiling gethostname v1.1.0
#15 15.83    Compiling serde_path_to_error v0.1.20
#15 15.94    Compiling which v8.0.6
#15 16.11    Compiling futures-timer v3.0.4
#15 16.12    Compiling x11rb-protocol v0.14.0
#15 16.19    Compiling pastey v0.2.3
#15 16.24    Compiling matchit v0.8.4
#15 16.40    Compiling base64 v0.23.1
#15 16.44    Compiling fnv v1.0.7
#15 16.49    Compiling axum v0.8.9
#15 16.54    Compiling png v0.18.1
#15 16.69    Compiling sha2 v0.10.9
#15 16.75    Compiling zbus v5.19.0
#15 16.76    Compiling tokio-tungstenite v0.28.0
#15 16.79    Compiling tempfile v3.27.0
#15 20.53    Compiling x11rb v0.14.0
#15 22.30    Compiling atspi-common v0.14.0
#15 25.25    Compiling atspi-proxies v0.14.0
#15 25.93    Compiling atspi v0.30.0
#15 26.11    Compiling rustls-webpki v0.103.15
#15 27.64    Compiling tokio-rustls v0.26.4
#15 27.64    Compiling rustls-platform-verifier v0.7.0
#15 27.81    Compiling hyper-rustls v0.27.9
#15 27.90    Compiling reqwest v0.13.4
#15 42.77    Compiling chromiumoxide v0.9.1
#15 44.81    Compiling toad-computer v0.5.0-dev (/src)
#15 54.50     Finished `test` profile [unoptimized] target(s) in 54.32s
#15 54.53      Running unittests src/lib.rs (target/debug/deps/toad_computer-f994441915d1621f)
#15 54.53 
#15 54.53 running 32 tests
#15 54.53 test desktop::tests::compositing_is_a_straight_alpha_blend ... ok
#15 54.53 test boot::tests::the_display_socket_is_named_by_its_number ... ok
#15 54.53 test a11y::tests::similar_titles_never_cross_application_boundaries ... ok
#15 54.53 test boot::tests::only_dead_endpoints_are_removed ... ok
#15 54.53 test screen::tests::a_frame_leads_with_its_geometry ... ok
#15 54.53 test screen::tests::a_union_is_the_bounding_box ... ok
#15 54.53 test serve::tests::secret_comparison_needs_equal_bytes ... ok
#15 54.53 test boot::tests::a_screen_is_width_by_height ... ok
#15 54.53 test lease::tests::only_another_holder_is_refused ... ok
#15 54.53 test tools::files::tests::refuses_before_creating_a_parent_outside_home ... ok
#15 54.53 test tools::files::tests::refuses_a_symlink_that_leaves_home ... ok
#15 54.53 test tools::state::tests::names_cannot_escape_the_state_directories ... ok
#15 54.53 test tools::windows::tests::a_large_application_gets_its_minimum_width_above_the_bar ... ok
#15 54.53 test tools::windows::tests::impossible_layouts_fail_before_moving_any_windows ... ok
#15 54.53 test tools::files::tests::refuses_an_existing_file_symlink_that_leaves_home ... ok
#15 54.53 test viewer::tests::the_screen_is_the_teammate_s_until_a_person_takes_it ... ok
#15 54.53 test workspace::tests::flakes_use_the_requested_local_shell_and_cannot_escape_home ... ok
#15 54.53 test jobs::tests::output_storage_failure_stops_and_reaps_the_job ... ok
#15 54.53 test workspace::tests::preparation_obeys_the_lease_and_home_boundary_through_the_state_tool ... ok
#15 54.54 test workspace::tests::workspace_pins_survive_dependency_changes_and_unsafe_attributes_are_rejected ... ok
#15 54.54 test xtest::tests::characters_are_their_own_keysyms ... ok
#15 54.54 test xtest::tests::named_keys_are_looked_up ... ok
#15 54.54 test xtest::tests::x_names_and_browser_names_both_resolve ... ok
#15 54.54 test workspace::tests::image_versions_do_not_invalidate_existing_environment_but_missing_store_paths_do ... ok
#15 54.54 test jobs::tests::stdin_works_without_a_visible_terminal_for_pipes_and_ptys ... ok
#15 54.54 test desktop::tests::the_mark_decodes_and_blends_onto_black ... ok
#15 54.54 test workspace::tests::a_cached_definition_attaches_and_shell_jobs_inherit_it ... ok
#15 54.54 test jobs::tests::retry_ids_are_scoped_and_spawn_failures_are_queryable ... ok
#15 54.55 test jobs::tests::output_is_bounded_and_history_survives_a_new_service ... ok
#15 54.58 test lease::tests::a_call_stuck_behind_another_reports_the_wait ... ok
#15 55.54 test tools::shell::tests::a_waiting_command_does_not_lock_out_desktop_takeover ... ok
#15 55.65 test jobs::tests::deadlines_retain_partial_output_and_cancellation_reaps_the_child ... ok
#15 55.65 
#15 55.65 test result: ok. 32 passed; 0 failed; 0 ignored; 0 measured; 0 filtered out; finished in 1.12s
#15 55.65 
#15 55.65      Running unittests src/main.rs (target/debug/deps/toad_computer-5e459533e8404b58)
#15 55.65 
#15 55.65 running 0 tests
#15 55.65 
#15 55.65 test result: ok. 0 passed; 0 failed; 0 ignored; 0 measured; 0 filtered out; finished in 0.00s
#15 55.65 
#15 55.65      Running tests/contract.rs (target/debug/deps/contract-5484d4c22ce12971)
#15 55.66 
#15 55.66 running 1 test
#15 55.66 test image_honors_the_computer_contract ... ok
#15 55.66 
#15 55.66 test result: ok. 1 passed; 0 failed; 0 ignored; 0 measured; 0 filtered out; finished in 0.00s
#15 55.66 
#15 55.66    Doc-tests toad_computer
#15 55.91 
#15 55.91 running 0 tests
#15 55.91 
#15 55.91 test result: ok. 0 passed; 0 failed; 0 ignored; 0 measured; 0 filtered out; finished in 0.00s
#15 55.91 
#15 56.45     Checking pin-project-lite v0.2.17
#15 56.45     Checking futures-core v0.3.34
#15 56.45     Checking cfg-if v1.0.4
#15 56.45     Checking bytes v1.12.1
#15 56.45     Checking futures-io v0.3.34
#15 56.45     Checking itoa v1.0.18
#15 56.45     Checking libc v0.2.189
#15 56.45     Checking serde_core v1.0.229
#15 56.45     Checking memchr v2.8.3
#15 56.45     Checking slab v0.4.12
#15 56.48     Checking once_cell v1.21.4
#15 56.49     Checking futures-sink v0.3.34
#15 56.53     Checking zerofrom v0.1.8
#15 56.54     Checking stable_deref_trait v1.2.1
#15 56.55     Checking bitflags v2.13.1
#15 56.57     Checking futures-channel v0.3.34
#15 56.57     Checking futures-task v0.3.34
#15 56.57     Checking unicode-ident v1.0.24
#15 56.61     Checking yoke v0.8.3
#15 56.62     Checking parking v2.2.1
#15 56.65     Checking proc-macro2 v1.0.107
#15 56.67     Checking atomic-waker v1.1.2
#15 56.68     Checking typenum v1.20.1
#15 56.70     Checking httparse v1.10.1
#15 56.72     Checking linux-raw-sys v0.12.1
#15 56.73     Checking fastrand v2.5.0
#15 56.79     Checking zerovec v0.11.8
#15 56.84     Checking futures-util v0.3.34
#15 56.87     Checking smallvec v1.16.0
#15 56.87     Checking crossbeam-utils v0.8.22
#15 56.93     Checking http v1.5.0
#15 56.96     Checking tracing-core v0.1.36
#15 57.02     Checking quote v1.0.47
#15 57.09     Checking zeroize v1.9.0
#15 57.16     Checking litemap v0.8.3
#15 57.22     Checking writeable v0.6.4
#15 57.22     Checking tracing v0.1.44
#15 57.24     Checking errno v0.3.14
#15 57.30     Checking socket2 v0.6.5
#15 57.30     Checking mio v1.2.2
#15 57.32     Checking generic-array v0.14.7
#15 57.33     Checking getrandom v0.3.4
#15 57.33     Checking tinystr v0.8.4
#15 57.34     Checking signal-hook-registry v1.4.8
#15 57.40     Checking potential_utf v0.1.6
#15 57.44     Checking icu_locale_core v2.3.0
#15 57.45     Checking http-body v1.1.0
#15 57.48     Checking concurrent-queue v2.5.0
#15 57.49     Checking zerocopy v0.8.56
#15 57.53     Checking zerotrie v0.2.5
#15 57.54     Checking tokio v1.53.1
#15 57.54     Checking event-listener v5.4.2
#15 57.60     Checking percent-encoding v2.3.2
#15 57.67     Checking crypto-common v0.1.7
#15 57.69     Checking block-buffer v0.10.4
#15 57.72     Checking log v0.4.34
#15 57.72     Checking utf8_iter v1.0.4
#15 57.73     Checking rand_core v0.10.1
#15 57.75     Checking event-listener-strategy v0.5.4
#15 57.79     Checking digest v0.10.7
#15 57.80     Checking rustix v1.1.4
#15 57.81     Checking rand_core v0.9.5
#15 57.83     Checking cpufeatures v0.2.17
#15 57.84     Checking icu_collections v2.3.0
#15 57.86     Checking rustls-pki-types v1.15.1
#15 57.87     Checking syn v3.0.4
#15 57.90     Checking futures-lite v2.6.1
#15 58.09     Checking aws-lc-sys v0.45.0
#15 58.14     Checking icu_provider v2.3.1
#15 58.16     Checking zmij v1.0.23
#15 58.26     Checking serde v1.0.229
#15 58.32     Checking tower-service v0.3.3
#15 58.39     Checking winnow v1.0.4
#15 58.44     Checking serde_json v1.0.151
#15 58.59     Checking aws-lc-rs v1.18.1
#15 58.67     Checking zcheapstr v1.1.0
#15 58.72     Checking enumflags2 v0.7.12
#15 58.75     Checking thiserror v2.0.20
#15 58.80     Checking getrandom v0.4.3
#15 58.89     Checking icu_properties_data v2.3.0
#15 58.89     Checking icu_normalizer_data v2.3.0
#15 58.94     Checking endi v1.1.1
#15 59.01     Checking try-lock v0.2.5
#15 59.02     Checking untrusted v0.9.0
#15 59.05     Checking want v0.3.1
#15 59.11     Checking icu_properties v2.3.0
#15 59.11     Checking icu_normalizer v2.3.0
#15 59.12     Checking sha1 v0.10.7
#15 59.20     Checking form_urlencoded v1.2.2
#15 59.21     Checking sync_wrapper v1.0.2
#15 59.29     Checking async-task v4.7.1
#15 59.30     Checking httpdate v1.0.3
#15 59.34     Checking subtle v2.6.1
#15 59.43     Checking data-encoding v2.11.1
#15 59.50     Checking tower-layer v0.3.3
#15 59.53     Checking async-channel v2.5.0
#15 59.57     Checking rustls-webpki v0.103.15
#15 59.58     Checking http-body-util v0.1.5
#15 59.63     Checking base64 v0.22.1
#15 59.69     Checking ipnet v2.12.1
#15 59.72     Checking uuid v1.26.0
#15 59.86     Checking async-lock v3.4.2
#15 59.87     Checking piper v0.2.5
#15 59.90     Checking aho-corasick v1.1.5
#15 59.94     Checking openssl-probe v0.2.1
#15 59.99     Checking simd-adler32 v0.3.10
#15 60.02     Checking regex-syntax v0.8.11
#15 60.03     Checking rustls v0.23.43
#15 60.11     Checking rustls-native-certs v0.8.4
#15 60.14     Checking idna_adapter v1.2.2
#15 60.19     Checking zvariant_utils v4.2.0
#15 60.22     Checking idna v1.1.0
#15 60.24     Checking blocking v1.7.0
#15 60.27     Checking async-executor v1.14.0
#15 60.39     Checking async-broadcast v0.7.2
#15 60.44     Checking ordered-stream v0.2.0
#15 60.45     Checking url v2.5.8
#15 60.62     Checking utf-8 v0.7.6
#15 60.73     Checking hex v0.4.3
#15 60.74     Checking adler2 v2.0.1
#15 60.83     Checking num-traits v0.2.19
#15 60.86     Checking futures-executor v0.3.34
#15 60.89     Checking chromiumoxide_types v0.9.1
#15 60.90     Checking either v1.18.0
#15 60.95     Checking static_assertions v1.1.0
#15 60.96     Checking zvariant v5.15.0
#15 60.97     Checking heck v0.5.0
#15 61.03     Checking futures v0.3.34
#15 61.05     Checking ref-cast v1.0.27
#15 61.06     Checking crc32fast v1.5.1
#15 61.07     Checking miniz_oxide v0.9.1
#15 61.10     Checking chacha20 v0.10.2
#15 61.10     Checking ppv-lite86 v0.2.21
#15 61.20     Checking mime v0.3.17
#15 61.24     Checking polling v3.11.0
#15 61.25     Checking rand_chacha v0.9.0
#15 61.26     Checking dyn-clone v1.0.20
#15 61.29     Checking equivalent v1.0.2
#15 61.31     Checking ryu v1.0.23
#15 61.33     Checking async-io v2.6.0
#15 61.35     Checking rand v0.9.5
#15 61.36     Checking chrono v0.4.45
#15 61.37     Checking hashbrown v0.17.1
#15 61.40     Checking axum-core v0.5.6
#15 61.41     Checking flate2 v1.1.10
#15 61.53     Checking regex-automata v0.4.18
#15 61.62     Checking async-signal v0.2.14
#15 61.65     Checking serde_urlencoded v0.7.1
#15 61.74     Checking async-process v2.5.0
#15 61.80     Checking indexmap v2.14.1
#15 61.81     Checking rand v0.10.2
#15 61.84     Checking hyper v1.11.1
#15 61.87     Checking tower v0.5.3
#15 61.94     Checking tungstenite v0.28.0
#15 62.15     Checking tokio-util v0.7.19
#15 62.27     Checking tungstenite v0.29.0
#15 62.34     Checking schemars v1.2.2
#15 62.40     Checking tower-http v0.6.11
#15 62.42     Checking async-tungstenite v0.32.1
#15 62.51     Checking tokio-stream v0.1.19
#15 62.58     Checking gethostname v1.1.0
#15 62.59     Checking miniz_oxide v0.8.9
#15 62.61     Checking hyper-util v0.1.20
#15 62.62     Checking zbus_names v4.3.4
#15 62.63     Checking fdeflate v0.3.7
#15 62.67     Checking tokio-tungstenite v0.29.0
#15 62.75     Checking sse-stream v0.2.5
#15 62.77     Checking serde_path_to_error v0.1.20
#15 62.88     Checking which v8.0.6
#15 62.89     Checking dunce v1.0.5
#15 62.91     Checking futures-timer v3.0.4
#15 62.91     Checking base64 v0.23.1
#15 62.92     Checking tokio-rustls v0.26.4
#15 62.92     Checking rustls-platform-verifier v0.7.0
#15 62.94     Checking matchit v0.8.4
#15 62.97     Checking x11rb-protocol v0.14.0
#15 62.99     Checking fnv v1.0.7
#15 63.01     Checking png v0.18.1
#15 63.02     Checking sha2 v0.10.9
#15 63.03     Checking tokio-tungstenite v0.28.0
#15 63.04     Checking zbus_xml v5.2.1
#15 63.09     Checking zbus v5.19.0
#15 63.10     Checking tempfile v3.27.0
#15 63.13     Checking regex v1.13.1
#15 63.30     Checking chromiumoxide_pdl v0.9.1
#15 63.47     Checking zbus-lockstep v0.5.2
#15 63.50     Checking hyper-rustls v0.27.9
#15 63.50     Checking axum v0.8.9
#15 66.45     Checking reqwest v0.13.4
#15 66.45     Checking chromiumoxide_cdp v0.9.1
#15 66.50     Checking atspi-common v0.14.0
#15 66.50     Checking x11rb v0.14.0
#15 66.89     Checking rmcp v3.2.0
#15 68.08     Checking atspi-proxies v0.14.0
#15 68.67     Checking atspi v0.30.0
#15 82.98     Checking chromiumoxide v0.9.1
#15 83.56     Checking toad-computer v0.5.0-dev (/src)
#15 85.69     Finished `dev` profile [unoptimized] target(s) in 29.73s
#15 DONE 87.0s

#16 exporting to image
#16 exporting layers
#16 exporting layers 0.4s done
#16 writing image sha256:0782161df454df0ebc9fae7af32be92eececfd557d376857a3b04d3938493f32 done
#16 naming to docker.io/library/toad-computer:generic-nix-checks done
#16 DONE 0.4s

View build details: docker-desktop://dashboard/build/orbstack/orbstack/ph8lw8s00t2efbngxw499ulqn
