these 49 paths will be fetched (6.28 MiB download, 31.72 MiB unpacked):
  /nix/store/szgimymxzmql2412fg0d1dz8cbmmm1qr-alacritty-0.17.0
  /nix/store/5xpn65gmylxi0rsfkqbm19ac8g1516wm-alacritty-0.17.0-terminfo
  /nix/store/mfwc0pb05rak0n4bd34hn2r70aqjcgml-file-5.48
  /nix/store/6926jirz4hgn9z2r3lkylzaw1rz0cyv7-hostname-debian-3.25
  /nix/store/xjrigrq107xx7gipvljqfczvh2hhp8q3-hostname-debian-3.25-man
  /nix/store/l469q0ljnzvibfcw184gv3kxnjmlsm2s-hostname-hostname-debian-3.25
  /nix/store/j3iapgb9wym689wvdpg7r18bp03wkk92-jq-1.8.2
  /nix/store/fgshiz9w26917l7530sfjmgfr2cnrwin-jq-1.8.2-bin
  /nix/store/ncmpdhvq98qf8wfdxw0w4d4ywvfy2k6m-libxxf86vm-1.1.7
  /nix/store/brjdbin34n5lv89h4hz7wi6w9anmqgzj-oniguruma-6.9.10-lib
  /nix/store/56dn643p9mfj66q2wff5zx00y664c2vg-perl5.42.3-Clone-0.46
  /nix/store/vr2z6cbcdfwrvb8a8v4ywzv7q09k0xv4-perl5.42.3-Compress-Raw-Bzip2-2.218
  /nix/store/zsi732id046dfs6l1vb3v1rpwwahraqr-perl5.42.3-Compress-Raw-Zlib-2.222
  /nix/store/6pid7skjwrcbjdh6dl2w33lnq13wxdxh-perl5.42.3-Encode-Locale-1.05
  /nix/store/2qvax4zcvl3is8j6py0p56ypkmm7zf4k-perl5.42.3-File-BaseDir-0.09
  /nix/store/b0k3c8r33vsqrj5kb2k0yj2a2f9sig1v-perl5.42.3-File-DesktopEntry-0.22
  /nix/store/13xv5733wa2qppm4d7b26v05mrr4ap7w-perl5.42.3-File-Listing-6.16
  /nix/store/6jrsdba1q5x505wcw57qwcbax84yz34w-perl5.42.3-File-MimeInfo-0.33
  /nix/store/8drdgl5mgqp6mda7i40aqk0mxv7p4asy-perl5.42.3-HTML-Parser-3.85
  /nix/store/q9nrzizmapqrx5ivr0pg5lbqaj8cjpr7-perl5.42.3-HTML-Tagset-3.20
  /nix/store/i60b8binib5y5w63mnmyr69fswszbhg8-perl5.42.3-HTTP-CookieJar-0.014
  /nix/store/7bg7yc99qsf1iilk0flg9fl5xbq94l5s-perl5.42.3-HTTP-Cookies-6.10
  /nix/store/1yv6f4sxzpipk5gm6c69prhfl86szx5s-perl5.42.3-HTTP-Daemon-6.17
  /nix/store/dzx75f59fzr1ivfn8lslg1y2k5bmr8zg-perl5.42.3-HTTP-Date-6.08
  /nix/store/7kv9mjwd992287v8bmichh76ifw1kn9g-perl5.42.3-HTTP-Message-7.02
  /nix/store/liadp83c6930g8i246dc7605jrmvgpl7-perl5.42.3-HTTP-Negotiate-6.01
  /nix/store/vz262q7d429430f5r156kjmqlx8rbh99-perl5.42.3-IO-Compress-2.221
  /nix/store/23qb8r5ipgw65qvrxicm4884f8zbncv0-perl5.42.3-IO-HTML-1.004
  /nix/store/si39rh9y0q74xv301wpqhcf36sdxhpkn-perl5.42.3-IPC-System-Simple-1.30
  /nix/store/ra0v27r22zd6fw9v31jvqrwfq5gmx7i5-perl5.42.3-LWP-MediaTypes-6.04
  /nix/store/v3if2dxdqynl704xbvyajmy885h4yf13-perl5.42.3-MIME-Base32-1.303
  /nix/store/9ymll9b5qjzdigr5y65703pd37h30n2w-perl5.42.3-Net-DBus-1.2.0
  /nix/store/l9bs9y2p11jg3lcvqzgnx7nsbss4rnpn-perl5.42.3-Net-HTTP-6.23
  /nix/store/6v2sj10hlhzgpz9k50lvbcfp7ra6dgdn-perl5.42.3-Test-Fatal-0.017
  /nix/store/5x4v2lkrmwpjf7clxs34fqfvjrv112ln-perl5.42.3-Test-Needs-0.002010
  /nix/store/97xcjc66raxnwhg6m676dj8a3c83hg8l-perl5.42.3-Test-RequiresInternet-0.05
  /nix/store/g03cvwj89vzklxcn1a3csbr0rfp81v9p-perl5.42.3-TimeDate-2.33
  /nix/store/i2hp5anchnmkl260cd4yqakvhl2dlfsf-perl5.42.3-Try-Tiny-0.31
  /nix/store/hlwalcbi3qqjwan6wcf2rmlrnghc3x93-perl5.42.3-URI-5.36
  /nix/store/bys8y2z7qc1aqdq8r4qz1swrz9g7dxcy-perl5.42.3-WWW-RobotRules-6.02
  /nix/store/1kwin6xmcqng02wx0klp99av6qcri1sm-perl5.42.3-X11-Protocol-0.56
  /nix/store/zfbhmpy2ppnzf69xyyw0zkm52w14sdlb-perl5.42.3-XML-Parser-2.46
  /nix/store/vh60kr2mn0qsxi3355zcz1wi0fs8p7rd-perl5.42.3-XML-Twig-3.52
  /nix/store/wndv2v2bjwci01n31ggfb6yajx89phma-perl5.42.3-libwww-perl-6.83
  /nix/store/rivsjh5plkn9y7fs4b3wbyi720727nxd-procps-4.0.7
  /nix/store/rqih909f88rxkvp297pkxyd4mjxj722v-which-2.25
  /nix/store/d5y5hyjlhgwpqg5zwxmafawmyy02iz19-xdg-user-dirs-0.20
  /nix/store/57jy1ysvvrd77qrsmlc2kb6w48mkiyl6-xdg-user-dirs-0.20-lib
  /nix/store/4rpmkfiv8lclfpqnldiigg3460d2x3ax-xdg-utils-1.2.1
copying path '/nix/store/5xpn65gmylxi0rsfkqbm19ac8g1516wm-alacritty-0.17.0-terminfo' from 'https://cache.nixos.org'...
copying path '/nix/store/xjrigrq107xx7gipvljqfczvh2hhp8q3-hostname-debian-3.25-man' from 'https://cache.nixos.org'...
copying path '/nix/store/6pid7skjwrcbjdh6dl2w33lnq13wxdxh-perl5.42.3-Encode-Locale-1.05' from 'https://cache.nixos.org'...
copying path '/nix/store/ncmpdhvq98qf8wfdxw0w4d4ywvfy2k6m-libxxf86vm-1.1.7' from 'https://cache.nixos.org'...
copying path '/nix/store/q9nrzizmapqrx5ivr0pg5lbqaj8cjpr7-perl5.42.3-HTML-Tagset-3.20' from 'https://cache.nixos.org'...
copying path '/nix/store/23qb8r5ipgw65qvrxicm4884f8zbncv0-perl5.42.3-IO-HTML-1.004' from 'https://cache.nixos.org'...
copying path '/nix/store/si39rh9y0q74xv301wpqhcf36sdxhpkn-perl5.42.3-IPC-System-Simple-1.30' from 'https://cache.nixos.org'...
copying path '/nix/store/ra0v27r22zd6fw9v31jvqrwfq5gmx7i5-perl5.42.3-LWP-MediaTypes-6.04' from 'https://cache.nixos.org'...
copying path '/nix/store/v3if2dxdqynl704xbvyajmy885h4yf13-perl5.42.3-MIME-Base32-1.303' from 'https://cache.nixos.org'...
copying path '/nix/store/g03cvwj89vzklxcn1a3csbr0rfp81v9p-perl5.42.3-TimeDate-2.33' from 'https://cache.nixos.org'...
copying path '/nix/store/57jy1ysvvrd77qrsmlc2kb6w48mkiyl6-xdg-user-dirs-0.20-lib' from 'https://cache.nixos.org'...
copying path '/nix/store/mfwc0pb05rak0n4bd34hn2r70aqjcgml-file-5.48' from 'https://cache.nixos.org'...
copying path '/nix/store/5x4v2lkrmwpjf7clxs34fqfvjrv112ln-perl5.42.3-Test-Needs-0.002010' from 'https://cache.nixos.org'...
copying path '/nix/store/i2hp5anchnmkl260cd4yqakvhl2dlfsf-perl5.42.3-Try-Tiny-0.31' from 'https://cache.nixos.org'...
copying path '/nix/store/97xcjc66raxnwhg6m676dj8a3c83hg8l-perl5.42.3-Test-RequiresInternet-0.05' from 'https://cache.nixos.org'...
copying path '/nix/store/1kwin6xmcqng02wx0klp99av6qcri1sm-perl5.42.3-X11-Protocol-0.56' from 'https://cache.nixos.org'...
copying path '/nix/store/6926jirz4hgn9z2r3lkylzaw1rz0cyv7-hostname-debian-3.25' from 'https://cache.nixos.org'...
copying path '/nix/store/brjdbin34n5lv89h4hz7wi6w9anmqgzj-oniguruma-6.9.10-lib' from 'https://cache.nixos.org'...
copying path '/nix/store/vr2z6cbcdfwrvb8a8v4ywzv7q09k0xv4-perl5.42.3-Compress-Raw-Bzip2-2.218' from 'https://cache.nixos.org'...
copying path '/nix/store/56dn643p9mfj66q2wff5zx00y664c2vg-perl5.42.3-Clone-0.46' from 'https://cache.nixos.org'...
copying path '/nix/store/zsi732id046dfs6l1vb3v1rpwwahraqr-perl5.42.3-Compress-Raw-Zlib-2.222' from 'https://cache.nixos.org'...
copying path '/nix/store/rivsjh5plkn9y7fs4b3wbyi720727nxd-procps-4.0.7' from 'https://cache.nixos.org'...
copying path '/nix/store/hlwalcbi3qqjwan6wcf2rmlrnghc3x93-perl5.42.3-URI-5.36' from 'https://cache.nixos.org'...
copying path '/nix/store/2qvax4zcvl3is8j6py0p56ypkmm7zf4k-perl5.42.3-File-BaseDir-0.09' from 'https://cache.nixos.org'...
copying path '/nix/store/l469q0ljnzvibfcw184gv3kxnjmlsm2s-hostname-hostname-debian-3.25' from 'https://cache.nixos.org'...
copying path '/nix/store/rqih909f88rxkvp297pkxyd4mjxj722v-which-2.25' from 'https://cache.nixos.org'...
copying path '/nix/store/dzx75f59fzr1ivfn8lslg1y2k5bmr8zg-perl5.42.3-HTTP-Date-6.08' from 'https://cache.nixos.org'...
copying path '/nix/store/6v2sj10hlhzgpz9k50lvbcfp7ra6dgdn-perl5.42.3-Test-Fatal-0.017' from 'https://cache.nixos.org'...
copying path '/nix/store/j3iapgb9wym689wvdpg7r18bp03wkk92-jq-1.8.2' from 'https://cache.nixos.org'...
copying path '/nix/store/vz262q7d429430f5r156kjmqlx8rbh99-perl5.42.3-IO-Compress-2.221' from 'https://cache.nixos.org'...
copying path '/nix/store/d5y5hyjlhgwpqg5zwxmafawmyy02iz19-xdg-user-dirs-0.20' from 'https://cache.nixos.org'...
copying path '/nix/store/b0k3c8r33vsqrj5kb2k0yj2a2f9sig1v-perl5.42.3-File-DesktopEntry-0.22' from 'https://cache.nixos.org'...
copying path '/nix/store/bys8y2z7qc1aqdq8r4qz1swrz9g7dxcy-perl5.42.3-WWW-RobotRules-6.02' from 'https://cache.nixos.org'...
copying path '/nix/store/l9bs9y2p11jg3lcvqzgnx7nsbss4rnpn-perl5.42.3-Net-HTTP-6.23' from 'https://cache.nixos.org'...
copying path '/nix/store/13xv5733wa2qppm4d7b26v05mrr4ap7w-perl5.42.3-File-Listing-6.16' from 'https://cache.nixos.org'...
copying path '/nix/store/i60b8binib5y5w63mnmyr69fswszbhg8-perl5.42.3-HTTP-CookieJar-0.014' from 'https://cache.nixos.org'...
copying path '/nix/store/fgshiz9w26917l7530sfjmgfr2cnrwin-jq-1.8.2-bin' from 'https://cache.nixos.org'...
copying path '/nix/store/7kv9mjwd992287v8bmichh76ifw1kn9g-perl5.42.3-HTTP-Message-7.02' from 'https://cache.nixos.org'...
copying path '/nix/store/6jrsdba1q5x505wcw57qwcbax84yz34w-perl5.42.3-File-MimeInfo-0.33' from 'https://cache.nixos.org'...
copying path '/nix/store/8drdgl5mgqp6mda7i40aqk0mxv7p4asy-perl5.42.3-HTML-Parser-3.85' from 'https://cache.nixos.org'...
copying path '/nix/store/7bg7yc99qsf1iilk0flg9fl5xbq94l5s-perl5.42.3-HTTP-Cookies-6.10' from 'https://cache.nixos.org'...
copying path '/nix/store/1yv6f4sxzpipk5gm6c69prhfl86szx5s-perl5.42.3-HTTP-Daemon-6.17' from 'https://cache.nixos.org'...
copying path '/nix/store/liadp83c6930g8i246dc7605jrmvgpl7-perl5.42.3-HTTP-Negotiate-6.01' from 'https://cache.nixos.org'...
copying path '/nix/store/wndv2v2bjwci01n31ggfb6yajx89phma-perl5.42.3-libwww-perl-6.83' from 'https://cache.nixos.org'...
copying path '/nix/store/zfbhmpy2ppnzf69xyyw0zkm52w14sdlb-perl5.42.3-XML-Parser-2.46' from 'https://cache.nixos.org'...
copying path '/nix/store/vh60kr2mn0qsxi3355zcz1wi0fs8p7rd-perl5.42.3-XML-Twig-3.52' from 'https://cache.nixos.org'...
copying path '/nix/store/9ymll9b5qjzdigr5y65703pd37h30n2w-perl5.42.3-Net-DBus-1.2.0' from 'https://cache.nixos.org'...
copying path '/nix/store/4rpmkfiv8lclfpqnldiigg3460d2x3ax-xdg-utils-1.2.1' from 'https://cache.nixos.org'...
copying path '/nix/store/szgimymxzmql2412fg0d1dz8cbmmm1qr-alacritty-0.17.0' from 'https://cache.nixos.org'...
Error: Error { raw_code: None, raw_os_message: None, kind: NotSupported("failed to create EGLDisplay without a reason") }
