these 133 paths will be fetched (143.52 MiB download, 387.16 MiB unpacked):
  /nix/store/50h63miwdzk6djb4afcmcaxah60bmi9n-aalib-1.4rc5
  /nix/store/gc8ia178p2q6sryh5klfaxz5rrj6xq5c-abseil-cpp-20260107.1
  /nix/store/fkvcfrhzy83617ngy5p6g7x467mffi1x-appstream-1.1.3
  /nix/store/sxl781hkxg725b9cmwzgcvmq4fv4hnvp-bluez-5.87
  /nix/store/xqx6pcc3b1si2cigs52q0y5glng95rrx-boost-1.91.0
  /nix/store/095487rq55g6h1s2ha5rakky4a77ix94-chromaprint-1.6.1
  /nix/store/vqza00ndqfbr4vcv6204qbsv80gs84bb-cjson-1.7.19
  /nix/store/sxh291lx9bbq8xrf4x42df7a7y7vhf8x-ell-0.83
  /nix/store/fyav7sf5mrzkl7mzcadfl2xkxzh90b66-faad2-2.11.2
  /nix/store/cjnsss6dyxpxvlrbdcnj7pkp37h22x04-fdk-aac-2.0.3
  /nix/store/la03sgay9rfdkvjv2ncbfw7b0si4r7sx-ffado-2.4.9
  /nix/store/bf3g43f7jypdhi7p9bwdxyl66yncjpkf-ffmpeg-headless-9.0.1-data
  /nix/store/7n5n8f3zc1fvk7wmh3g5fg8j454zyjnz-ffmpeg-headless-9.0.1-lib
  /nix/store/kd9jh5zfzhy92yb7fnrky3ksapjvxf4m-fftw-double-3.3.11
  /nix/store/4c7fmaik7rcj1q41dln0pq6gldxk01l9-fluidsynth-2.5.6
  /nix/store/rnjvla2mp0jz7dps5vsjf11wmxpqiqc5-freepats-20060219
  /nix/store/ckgvzlviiprc6p4wsw252n2vhifd32nh-game-music-emu-0.6.5
  /nix/store/zyzxk5gd5a1g3g5c07mcbd7qfxbfgrn6-ghostty-1.3.1
  /nix/store/3khq31yxjy3qsvl1cj7z40h9q93g6wrz-ghostty-1.3.1-man
  /nix/store/06kxb7m7ja7f2h3l7hafgvrhz5s915vj-ghostty-1.3.1-shell_integration
  /nix/store/gg0nxd8jg4ppgcbphzbf2y50mgs5if9j-ghostty-1.3.1-terminfo
  /nix/store/2l8ipzgahdqbjlji26qgyxcj7ygyxr95-ghostty-1.3.1-vim
  /nix/store/84fh8dfdcapgg53vfg68m1p816j7swd2-glibmm-2.66.8
  /nix/store/dndij4fdi1g9vgvnrdxbjbfc56ynx9bh-glslang-16.4.0
  /nix/store/nn198l2cgcnicfdwifvbfz7s99w8ahnz-gnum4-1.4.21
  /nix/store/j4f12xvf26gv6zl9py6b6cf0svgwlfmx-gsm-1.0.24
  /nix/store/654byxxwqwwb6lpc8klg5mbwhcbq6aha-gssdp-1.6.6
  /nix/store/25qpdfvz91p8hx5i9gfhgr4nisyk26y4-gst-plugins-bad-1.28.6
  /nix/store/j3bsgwsqj7mskymllljazkm5brn56s6m-gst-plugins-good-1.28.6
  /nix/store/a9ww707q9lkzrhm6mb4ygl5y255dn9a8-gtk4-4.22.4
  /nix/store/dlb9n917n1ddycngagwf7d8cp64d2pdg-gtk4-layer-shell-1.3.0
  /nix/store/460mz5phrwdj55x2v2h0y6a89aslzvxr-gupnp-1.6.10
  /nix/store/7mc241wykrqd5lmij0dl6dhpfhfvx4kk-gupnp-igd-1.6.0
  /nix/store/d3yxf70nw2csxs565lnrxdwmszhb9kz4-hwloc-2.14.0-lib
  /nix/store/8hvrvdpvqbgnnby9fqhr4k441d708075-imath-3.2.3
  /nix/store/k3l3bym0x9ar4k6bpxl98bmi1fmvcw5m-ldacbt-2.0.72
  /nix/store/0qrqyildxkwrvv6qafg4vkb67f3hzzg0-libadwaita-1.9.3
  /nix/store/mnvafgnazif95gg1fd5y2nf9l0m5wwlq-libajantv2-17.5.0
  /nix/store/59x52wg320qflfh474hmddajw00pi51k-libao-1.2.2
  /nix/store/171r1qmw8x7yxmhd6krl5xl32r8rh773-libass-0.17.4
  /nix/store/4r2xffmi33yb9aq42ivzxhn6k76647pk-libavc1394-0.5.4
  /nix/store/b5mssaqyijm4ab91z8j9jqgxczgshk0x-libblake3-1.8.7
  /nix/store/gy78cvs0fqm820dgbxp08vdm92qgpfvq-libbluray-1.4.1
  /nix/store/mjafzdy44fwrpgnphcrxq9azb15v2rjs-libbs2b-3.1.0
  /nix/store/cv3zsll465l193qa8lwbd4k9j2hbqpkc-libcaca-0.99.beta20
  /nix/store/p659vxppsylckjjzzwvkn7hs9f0jzsfb-libcamera-0.7.2
  /nix/store/pp6w6grhjv1kbc8qn37zjqk0502zb4l4-libcanberra-0.30
  /nix/store/q4068j044cjbgvgiva6nq0qf2bsnzprz-libconfig-1.8.2
  /nix/store/8wlvajz21h0qmf28f9cp0b0b1rc1gmj6-libdc1394-2.2.7
  /nix/store/lc8js7ada8y87yd4a3yrc7wgdq2yn43s-libde265-1.1.2
  /nix/store/sq6q0i2azr5g9wv8yw4zpjflpxcgc1kz-libdv-1.0.0
  /nix/store/pbh19iyjpjh976r41p6spd4qzyq26x73-libdvdcss-1.5.0
  /nix/store/wjlq1nckgsjh80ygli6y48hipkfgx6nz-libdvdnav-6.1.1
  /nix/store/0qapdvf5njh3qj3w4km2hhnas8ydbsyi-libdvdread-7.0.1
  /nix/store/f2xmbkd7mayscf38j27lnp0h36v5cq5d-libebur128-1.2.6
  /nix/store/ss29lk8vqr5hff93n6ly7smsr81x2nhn-libfreeaptx-0.2.2
  /nix/store/7b9pmmg306r410krqhyida39nbrzczp7-libfyaml-0.9.6
  /nix/store/nav9qshijyn6r2vinpyaxxpfpv5zg1id-libical-3.0.20
  /nix/store/508m5vbbgnpvd0k628b2k9sh0ba8xbr0-libiec61883-1.2.0
  /nix/store/airkx1lq4c1d03msw2zs8kp50j9w39xb-libjack2-1.9.22
  /nix/store/fmk2jksdrxy4gianf53fk95gnpiab6lp-liblc3-1.1.3
  /nix/store/y70kddffcczl3rnmzg6l19hjq20ki190-libmad-0.15.1b
  /nix/store/9c9z5wrcm7fic6kfavhq9rrcx11653fq-libmodplug-0.8.9.0
  /nix/store/ic1z8hwxkf6igfw8qk7ncj4gly4b5mbq-libmysofa-1.3.5
  /nix/store/k5q541kskrz2gj2ckb3z7s1zhiqb0cnl-libnice-0.1.23
  /nix/store/y49ik2h8as5kzvv3l5ckwg21kxc9g61n-libopenmpt-0.8.9
  /nix/store/30bx58s22w8gwwljw1i674blvphdwzws-libpisp-1.7.0
  /nix/store/avjpbjr7wmnfnlka1213l2jp4qwqbhzz-libraw1394-2.1.2
  /nix/store/n3hcy154a4v6jmdcxjp4m0m4y6dlkp9g-librist-0.2.11
  /nix/store/9kirk8r6dq76r8d0mz29yj6bsyzpydgw-libsamplerate-0.2.2
  /nix/store/s7xvjp06dww2ybjp9f72qqwkvzngafq5-libshout-2.4.6
  /nix/store/f6plyqnn19gyx85rn6cl7mvhwpg22h1w-libsigc++-2.12.1
  /nix/store/d8vgz45fgl6gdfjvmwx9v1sp0hspqyd3-libsrtp-2.8.0
  /nix/store/z1na8lfwyvxz2mahjprzh7q6nr59b5gs-libssh-0.12.2
  /nix/store/k1l5i7q69688rlpk20rcb0ns13rjky1f-libva-2.24.1
  /nix/store/lx572p0jkz4khfa7i0zs2hkh8qv8bh3w-libva-minimal-2.24.1
  /nix/store/ngv9iih82x84qqpnn9kppi17wixpyvyl-libvpx-1.16.0
  /nix/store/640531sag2b6n4l4mfsc1fldaszy95wi-libxml++-3.2.5
  /nix/store/bwx9lagpacv8ld0cc0h9lp50z8bf83bi-libxmlb-0.3.27-lib
  /nix/store/m4y8m6a089cvf63j8bbla491c5wsai9m-libyaml-0.2.5
  /nix/store/4v08ybh5ip6ak1m0abnd5bxd7z823qqp-lilv-0.28.0
  /nix/store/si1904wzkkhclk1vyydyml626i8v8lln-lrdf-0.6.1
  /nix/store/xbxf66gsp6aba1nlaivrpk09p6f4n1n0-lttng-ust-2.15.1
  /nix/store/qf4arqcf4nhkzn234139brvhh91wnrrz-mbedtls-3.6.7
  /nix/store/7vqhn36yfqbkj2anvzq7x1bywr19r9wp-mjpegtools-2.2.1-lib
  /nix/store/mgzhiz1kfs1is75hy5iwkxz9zcy90flq-mpg123-1.33.7
  /nix/store/a3s621g71qjkqhrqm27lhakdh381ag58-neon-0.37.1
  /nix/store/k1i8gyw377jp7ha4msdi3h8xssb8w6sb-numactl-2.0.18
  /nix/store/9ryxwka3pk83k9kmq8x9aqdnv22lgnbs-ocl-icd-2.3.5
  /nix/store/wgrls74br70frsf0in4h3k70xwpfkbpr-onetbb-2022.3.0
  /nix/store/bs8rzacpm09gm9qgyllp1dhl24vp3a9b-openal-soft-1.24.3
  /nix/store/72lkrm56d2jk416fch0asz4iw0d9ry60-openapv-0.2.1.3
  /nix/store/8wwwc7pj2w54lbbikhxw4smx9bacy8nx-opencore-amr-0.1.6
  /nix/store/1ipvqk6rlvdh7iqzrr1kqq3rzcjiw26w-openexr-3.4.15
  /nix/store/ily3xg2szw405nacxwyxw2nv742624b0-openfec-1.4.2.12
  /nix/store/07zgriqwfbywdj8vs2rdkh4p2xadr963-openh264-2.6.0
  /nix/store/c4ml2yzh72x4wfx5132l8zgilpdbabnx-openjpeg-2.5.4
  /nix/store/5lafndcx5s8axyk6lkm06jwx0bl24gn4-opusfile-0.12
  /nix/store/74nwha75zb6m4ks3g9ahkwj0jjxjqxwa-pipewire-1.6.8
  /nix/store/dblwbbvb469hiah0fmnq2dzjr8bh02m2-popt-1.19
  /nix/store/q5s8yvwipzmc04z821406xq115d9vs3a-qrencode-4.1.1
  /nix/store/h5s75dvhg5n7vs79zvf8inpqxwsbfpf7-raptor2-2.0.16
  /nix/store/hh7354wknl2zqnffd3wnv42j4zapjikx-roc-toolkit-0.4.0
  /nix/store/k9hdddpij26x71crz1krw4i18plifq16-rtmpdump-2.6
  /nix/store/zaiflf3v19075xm5sqyfl6bpbg3kv0xw-sbc-2.2
  /nix/store/661gsaahnyih59la4fcdjqp3xivsbhsm-serd-0.32.10
  /nix/store/kvqxlp5lcl7y99al7p6s4i5aqdhd60bh-sord-0.16.22
  /nix/store/7m3zkci1sxma54f87zlg7mdrpyaja60g-soundtouch-2.4.1
  /nix/store/skfq9c91i8hlqw69r1qg7n7blr3fpmhr-sox-14.4.2-unstable-2021-05-09-lib
  /nix/store/zmv4pq36p0hk571yi3mhi0if619vn5xk-spandsp-0.0.6
  /nix/store/6l1wiy9kf74cdngy2ipqdli7ljzfq5f7-speex-1.2.1
  /nix/store/9qyfyw3yq49yny000ssdjrjd4s64h6fx-sratom-0.6.22
  /nix/store/j86v6zyfb5icbc6rqqgrs2khx7b6zww7-srt-1.5.6
  /nix/store/8hmhanlxxkjnblas6mp1xaypqyg903k9-svt-av1-4.1.0
  /nix/store/7ci3j65fnla3d9w8a6y29q6yxb4vhdfz-taglib-2.2.1
  /nix/store/frhxksk14w8gss5ajmi20snixgkd5nym-twolame-2017-09-27
  /nix/store/6pqh1cxhgbziqjdcqpwc4sj6wpphc7dl-v4l-utils-1.32.0
  /nix/store/rri347pr6gz5jcvxl9dc0bbfdhb84rsc-vid.stab-1.1.2
  /nix/store/i9lh982lf2b57ajg8wfilkg4nzjxmlqb-vo-aacenc-0.1.3
  /nix/store/308j9nmk6pm0g23g91ila08xg1pkx77l-vulkan-loader-1.4.357.0
  /nix/store/7rka9wasmyfnsm79g0m0hsrbwirsaydy-wavpack-5.9.0
  /nix/store/8dmpddzby53hys7ix1q2sgi9x54ziwmf-webrtc-audio-processing-1.3
  /nix/store/q4x44iwl747br1mmlij6zmxs7lwgqzig-webrtc-audio-processing-2.1
  /nix/store/wal7kxapmnk5h45wy96bb87b4pw62qzl-wildmidi-0.5.0
  /nix/store/ir634ar4m8zkrflg8h0ih5nb8kkf2dir-wildmidi.cfg
  /nix/store/5xvwdag71ffhbqahnjs2bqdvivqn6kfz-x264-0-unstable-2025-09-10-lib
  /nix/store/myaz4lg6bq5zz3jaypcxcmqcb748x3zn-x265-4.2
  /nix/store/wbz3dsswi7g45y5pa31scmiy4zhxw4c7-xvidcore-1.3.7
  /nix/store/13dj88d285807n8asni8iwv89nd8vj96-zimg-3.0.6
  /nix/store/x1d0al0hilkmh80215zszn8avng97fyz-zint-2.16.0-lib
  /nix/store/97zr0jgbzdl40mppxlj4hi1r7zy1z39k-zix-0.8.2
  /nix/store/8xhzici5fkh93w1y4wb348si0mk34fan-zvbi-0.2.45
  /nix/store/ykyh31gq07g1770qf71ybs1a71i2b3ff-zxing-cpp-3.1.1
copying path '/nix/store/gg0nxd8jg4ppgcbphzbf2y50mgs5if9j-ghostty-1.3.1-terminfo' from 'https://cache.nixos.org'...
copying path '/nix/store/3khq31yxjy3qsvl1cj7z40h9q93g6wrz-ghostty-1.3.1-man' from 'https://cache.nixos.org'...
copying path '/nix/store/2l8ipzgahdqbjlji26qgyxcj7ygyxr95-ghostty-1.3.1-vim' from 'https://cache.nixos.org'...
copying path '/nix/store/06kxb7m7ja7f2h3l7hafgvrhz5s915vj-ghostty-1.3.1-shell_integration' from 'https://cache.nixos.org'...
copying path '/nix/store/dndij4fdi1g9vgvnrdxbjbfc56ynx9bh-glslang-16.4.0' from 'https://cache.nixos.org'...
copying path '/nix/store/50h63miwdzk6djb4afcmcaxah60bmi9n-aalib-1.4rc5' from 'https://cache.nixos.org'...
copying path '/nix/store/cjnsss6dyxpxvlrbdcnj7pkp37h22x04-fdk-aac-2.0.3' from 'https://cache.nixos.org'...
copying path '/nix/store/fyav7sf5mrzkl7mzcadfl2xkxzh90b66-faad2-2.11.2' from 'https://cache.nixos.org'...
copying path '/nix/store/ckgvzlviiprc6p4wsw252n2vhifd32nh-game-music-emu-0.6.5' from 'https://cache.nixos.org'...
copying path '/nix/store/cv3zsll465l193qa8lwbd4k9j2hbqpkc-libcaca-0.99.beta20' from 'https://cache.nixos.org'...
copying path '/nix/store/avjpbjr7wmnfnlka1213l2jp4qwqbhzz-libraw1394-2.1.2' from 'https://cache.nixos.org'...
copying path '/nix/store/ngv9iih82x84qqpnn9kppi17wixpyvyl-libvpx-1.16.0' from 'https://cache.nixos.org'...
copying path '/nix/store/8wwwc7pj2w54lbbikhxw4smx9bacy8nx-opencore-amr-0.1.6' from 'https://cache.nixos.org'...
copying path '/nix/store/6l1wiy9kf74cdngy2ipqdli7ljzfq5f7-speex-1.2.1' from 'https://cache.nixos.org'...
copying path '/nix/store/7ci3j65fnla3d9w8a6y29q6yxb4vhdfz-taglib-2.2.1' from 'https://cache.nixos.org'...
copying path '/nix/store/frhxksk14w8gss5ajmi20snixgkd5nym-twolame-2017-09-27' from 'https://cache.nixos.org'...
copying path '/nix/store/gc8ia178p2q6sryh5klfaxz5rrj6xq5c-abseil-cpp-20260107.1' from 'https://cache.nixos.org'...
copying path '/nix/store/xqx6pcc3b1si2cigs52q0y5glng95rrx-boost-1.91.0' from 'https://cache.nixos.org'...
copying path '/nix/store/vqza00ndqfbr4vcv6204qbsv80gs84bb-cjson-1.7.19' from 'https://cache.nixos.org'...
copying path '/nix/store/sxh291lx9bbq8xrf4x42df7a7y7vhf8x-ell-0.83' from 'https://cache.nixos.org'...
copying path '/nix/store/bf3g43f7jypdhi7p9bwdxyl66yncjpkf-ffmpeg-headless-9.0.1-data' from 'https://cache.nixos.org'...
copying path '/nix/store/kd9jh5zfzhy92yb7fnrky3ksapjvxf4m-fftw-double-3.3.11' from 'https://cache.nixos.org'...
copying path '/nix/store/rnjvla2mp0jz7dps5vsjf11wmxpqiqc5-freepats-20060219' from 'https://cache.nixos.org'...
copying path '/nix/store/nn198l2cgcnicfdwifvbfz7s99w8ahnz-gnum4-1.4.21' from 'https://cache.nixos.org'...
copying path '/nix/store/j4f12xvf26gv6zl9py6b6cf0svgwlfmx-gsm-1.0.24' from 'https://cache.nixos.org'...
copying path '/nix/store/654byxxwqwwb6lpc8klg5mbwhcbq6aha-gssdp-1.6.6' from 'https://cache.nixos.org'...
copying path '/nix/store/d3yxf70nw2csxs565lnrxdwmszhb9kz4-hwloc-2.14.0-lib' from 'https://cache.nixos.org'...
copying path '/nix/store/8hvrvdpvqbgnnby9fqhr4k441d708075-imath-3.2.3' from 'https://cache.nixos.org'...
copying path '/nix/store/k3l3bym0x9ar4k6bpxl98bmi1fmvcw5m-ldacbt-2.0.72' from 'https://cache.nixos.org'...
copying path '/nix/store/59x52wg320qflfh474hmddajw00pi51k-libao-1.2.2' from 'https://cache.nixos.org'...
copying path '/nix/store/171r1qmw8x7yxmhd6krl5xl32r8rh773-libass-0.17.4' from 'https://cache.nixos.org'...
copying path '/nix/store/4r2xffmi33yb9aq42ivzxhn6k76647pk-libavc1394-0.5.4' from 'https://cache.nixos.org'...
copying path '/nix/store/gy78cvs0fqm820dgbxp08vdm92qgpfvq-libbluray-1.4.1' from 'https://cache.nixos.org'...
copying path '/nix/store/mjafzdy44fwrpgnphcrxq9azb15v2rjs-libbs2b-3.1.0' from 'https://cache.nixos.org'...
copying path '/nix/store/460mz5phrwdj55x2v2h0y6a89aslzvxr-gupnp-1.6.10' from 'https://cache.nixos.org'...
copying path '/nix/store/pp6w6grhjv1kbc8qn37zjqk0502zb4l4-libcanberra-0.30' from 'https://cache.nixos.org'...
copying path '/nix/store/q4068j044cjbgvgiva6nq0qf2bsnzprz-libconfig-1.8.2' from 'https://cache.nixos.org'...
copying path '/nix/store/8wlvajz21h0qmf28f9cp0b0b1rc1gmj6-libdc1394-2.2.7' from 'https://cache.nixos.org'...
copying path '/nix/store/lc8js7ada8y87yd4a3yrc7wgdq2yn43s-libde265-1.1.2' from 'https://cache.nixos.org'...
copying path '/nix/store/pbh19iyjpjh976r41p6spd4qzyq26x73-libdvdcss-1.5.0' from 'https://cache.nixos.org'...
copying path '/nix/store/f2xmbkd7mayscf38j27lnp0h36v5cq5d-libebur128-1.2.6' from 'https://cache.nixos.org'...
copying path '/nix/store/ss29lk8vqr5hff93n6ly7smsr81x2nhn-libfreeaptx-0.2.2' from 'https://cache.nixos.org'...
copying path '/nix/store/7mc241wykrqd5lmij0dl6dhpfhfvx4kk-gupnp-igd-1.6.0' from 'https://cache.nixos.org'...
copying path '/nix/store/7b9pmmg306r410krqhyida39nbrzczp7-libfyaml-0.9.6' from 'https://cache.nixos.org'...
copying path '/nix/store/508m5vbbgnpvd0k628b2k9sh0ba8xbr0-libiec61883-1.2.0' from 'https://cache.nixos.org'...
copying path '/nix/store/nav9qshijyn6r2vinpyaxxpfpv5zg1id-libical-3.0.20' from 'https://cache.nixos.org'...
copying path '/nix/store/fmk2jksdrxy4gianf53fk95gnpiab6lp-liblc3-1.1.3' from 'https://cache.nixos.org'...
copying path '/nix/store/y70kddffcczl3rnmzg6l19hjq20ki190-libmad-0.15.1b' from 'https://cache.nixos.org'...
copying path '/nix/store/9c9z5wrcm7fic6kfavhq9rrcx11653fq-libmodplug-0.8.9.0' from 'https://cache.nixos.org'...
copying path '/nix/store/ic1z8hwxkf6igfw8qk7ncj4gly4b5mbq-libmysofa-1.3.5' from 'https://cache.nixos.org'...
copying path '/nix/store/9kirk8r6dq76r8d0mz29yj6bsyzpydgw-libsamplerate-0.2.2' from 'https://cache.nixos.org'...
copying path '/nix/store/s7xvjp06dww2ybjp9f72qqwkvzngafq5-libshout-2.4.6' from 'https://cache.nixos.org'...
copying path '/nix/store/f6plyqnn19gyx85rn6cl7mvhwpg22h1w-libsigc++-2.12.1' from 'https://cache.nixos.org'...
copying path '/nix/store/30bx58s22w8gwwljw1i674blvphdwzws-libpisp-1.7.0' from 'https://cache.nixos.org'...
copying path '/nix/store/d8vgz45fgl6gdfjvmwx9v1sp0hspqyd3-libsrtp-2.8.0' from 'https://cache.nixos.org'...
copying path '/nix/store/z1na8lfwyvxz2mahjprzh7q6nr59b5gs-libssh-0.12.2' from 'https://cache.nixos.org'...
copying path '/nix/store/k1l5i7q69688rlpk20rcb0ns13rjky1f-libva-2.24.1' from 'https://cache.nixos.org'...
copying path '/nix/store/lx572p0jkz4khfa7i0zs2hkh8qv8bh3w-libva-minimal-2.24.1' from 'https://cache.nixos.org'...
copying path '/nix/store/bwx9lagpacv8ld0cc0h9lp50z8bf83bi-libxmlb-0.3.27-lib' from 'https://cache.nixos.org'...
copying path '/nix/store/k5q541kskrz2gj2ckb3z7s1zhiqb0cnl-libnice-0.1.23' from 'https://cache.nixos.org'...
copying path '/nix/store/m4y8m6a089cvf63j8bbla491c5wsai9m-libyaml-0.2.5' from 'https://cache.nixos.org'...
copying path '/nix/store/qf4arqcf4nhkzn234139brvhh91wnrrz-mbedtls-3.6.7' from 'https://cache.nixos.org'...
copying path '/nix/store/0qapdvf5njh3qj3w4km2hhnas8ydbsyi-libdvdread-7.0.1' from 'https://cache.nixos.org'...
copying path '/nix/store/sxl781hkxg725b9cmwzgcvmq4fv4hnvp-bluez-5.87' from 'https://cache.nixos.org'...
copying path '/nix/store/a3s621g71qjkqhrqm27lhakdh381ag58-neon-0.37.1' from 'https://cache.nixos.org'...
copying path '/nix/store/84fh8dfdcapgg53vfg68m1p816j7swd2-glibmm-2.66.8' from 'https://cache.nixos.org'...
copying path '/nix/store/k1i8gyw377jp7ha4msdi3h8xssb8w6sb-numactl-2.0.18' from 'https://cache.nixos.org'...
copying path '/nix/store/airkx1lq4c1d03msw2zs8kp50j9w39xb-libjack2-1.9.22' from 'https://cache.nixos.org'...
copying path '/nix/store/9ryxwka3pk83k9kmq8x9aqdnv22lgnbs-ocl-icd-2.3.5' from 'https://cache.nixos.org'...
copying path '/nix/store/wgrls74br70frsf0in4h3k70xwpfkbpr-onetbb-2022.3.0' from 'https://cache.nixos.org'...
copying path '/nix/store/72lkrm56d2jk416fch0asz4iw0d9ry60-openapv-0.2.1.3' from 'https://cache.nixos.org'...
copying path '/nix/store/1ipvqk6rlvdh7iqzrr1kqq3rzcjiw26w-openexr-3.4.15' from 'https://cache.nixos.org'...
copying path '/nix/store/ily3xg2szw405nacxwyxw2nv742624b0-openfec-1.4.2.12' from 'https://cache.nixos.org'...
copying path '/nix/store/07zgriqwfbywdj8vs2rdkh4p2xadr963-openh264-2.6.0' from 'https://cache.nixos.org'...
copying path '/nix/store/5lafndcx5s8axyk6lkm06jwx0bl24gn4-opusfile-0.12' from 'https://cache.nixos.org'...
copying path '/nix/store/c4ml2yzh72x4wfx5132l8zgilpdbabnx-openjpeg-2.5.4' from 'https://cache.nixos.org'...
copying path '/nix/store/wjlq1nckgsjh80ygli6y48hipkfgx6nz-libdvdnav-6.1.1' from 'https://cache.nixos.org'...
copying path '/nix/store/dblwbbvb469hiah0fmnq2dzjr8bh02m2-popt-1.19' from 'https://cache.nixos.org'...
copying path '/nix/store/xbxf66gsp6aba1nlaivrpk09p6f4n1n0-lttng-ust-2.15.1' from 'https://cache.nixos.org'...
copying path '/nix/store/640531sag2b6n4l4mfsc1fldaszy95wi-libxml++-3.2.5' from 'https://cache.nixos.org'...
copying path '/nix/store/4c7fmaik7rcj1q41dln0pq6gldxk01l9-fluidsynth-2.5.6' from 'https://cache.nixos.org'...
copying path '/nix/store/mgzhiz1kfs1is75hy5iwkxz9zcy90flq-mpg123-1.33.7' from 'https://cache.nixos.org'...
copying path '/nix/store/b5mssaqyijm4ab91z8j9jqgxczgshk0x-libblake3-1.8.7' from 'https://cache.nixos.org'...
copying path '/nix/store/q5s8yvwipzmc04z821406xq115d9vs3a-qrencode-4.1.1' from 'https://cache.nixos.org'...
copying path '/nix/store/k9hdddpij26x71crz1krw4i18plifq16-rtmpdump-2.6' from 'https://cache.nixos.org'...
copying path '/nix/store/zaiflf3v19075xm5sqyfl6bpbg3kv0xw-sbc-2.2' from 'https://cache.nixos.org'...
copying path '/nix/store/h5s75dvhg5n7vs79zvf8inpqxwsbfpf7-raptor2-2.0.16' from 'https://cache.nixos.org'...
copying path '/nix/store/661gsaahnyih59la4fcdjqp3xivsbhsm-serd-0.32.10' from 'https://cache.nixos.org'...
copying path '/nix/store/j86v6zyfb5icbc6rqqgrs2khx7b6zww7-srt-1.5.6' from 'https://cache.nixos.org'...
copying path '/nix/store/8hmhanlxxkjnblas6mp1xaypqyg903k9-svt-av1-4.1.0' from 'https://cache.nixos.org'...
copying path '/nix/store/7m3zkci1sxma54f87zlg7mdrpyaja60g-soundtouch-2.4.1' from 'https://cache.nixos.org'...
copying path '/nix/store/zmv4pq36p0hk571yi3mhi0if619vn5xk-spandsp-0.0.6' from 'https://cache.nixos.org'...
copying path '/nix/store/6pqh1cxhgbziqjdcqpwc4sj6wpphc7dl-v4l-utils-1.32.0' from 'https://cache.nixos.org'...
copying path '/nix/store/la03sgay9rfdkvjv2ncbfw7b0si4r7sx-ffado-2.4.9' from 'https://cache.nixos.org'...
copying path '/nix/store/y49ik2h8as5kzvv3l5ckwg21kxc9g61n-libopenmpt-0.8.9' from 'https://cache.nixos.org'...
copying path '/nix/store/rri347pr6gz5jcvxl9dc0bbfdhb84rsc-vid.stab-1.1.2' from 'https://cache.nixos.org'...
copying path '/nix/store/i9lh982lf2b57ajg8wfilkg4nzjxmlqb-vo-aacenc-0.1.3' from 'https://cache.nixos.org'...
copying path '/nix/store/308j9nmk6pm0g23g91ila08xg1pkx77l-vulkan-loader-1.4.357.0' from 'https://cache.nixos.org'...
copying path '/nix/store/p659vxppsylckjjzzwvkn7hs9f0jzsfb-libcamera-0.7.2' from 'https://cache.nixos.org'...
copying path '/nix/store/mnvafgnazif95gg1fd5y2nf9l0m5wwlq-libajantv2-17.5.0' from 'https://cache.nixos.org'...
copying path '/nix/store/sq6q0i2azr5g9wv8yw4zpjflpxcgc1kz-libdv-1.0.0' from 'https://cache.nixos.org'...
copying path '/nix/store/fkvcfrhzy83617ngy5p6g7x467mffi1x-appstream-1.1.3' from 'https://cache.nixos.org'...
copying path '/nix/store/si1904wzkkhclk1vyydyml626i8v8lln-lrdf-0.6.1' from 'https://cache.nixos.org'...
copying path '/nix/store/n3hcy154a4v6jmdcxjp4m0m4y6dlkp9g-librist-0.2.11' from 'https://cache.nixos.org'...
copying path '/nix/store/8dmpddzby53hys7ix1q2sgi9x54ziwmf-webrtc-audio-processing-1.3' from 'https://cache.nixos.org'...
copying path '/nix/store/7rka9wasmyfnsm79g0m0hsrbwirsaydy-wavpack-5.9.0' from 'https://cache.nixos.org'...
copying path '/nix/store/q4x44iwl747br1mmlij6zmxs7lwgqzig-webrtc-audio-processing-2.1' from 'https://cache.nixos.org'...
copying path '/nix/store/7vqhn36yfqbkj2anvzq7x1bywr19r9wp-mjpegtools-2.2.1-lib' from 'https://cache.nixos.org'...
copying path '/nix/store/ir634ar4m8zkrflg8h0ih5nb8kkf2dir-wildmidi.cfg' from 'https://cache.nixos.org'...
copying path '/nix/store/5xvwdag71ffhbqahnjs2bqdvivqn6kfz-x264-0-unstable-2025-09-10-lib' from 'https://cache.nixos.org'...
copying path '/nix/store/myaz4lg6bq5zz3jaypcxcmqcb748x3zn-x265-4.2' from 'https://cache.nixos.org'...
copying path '/nix/store/wbz3dsswi7g45y5pa31scmiy4zhxw4c7-xvidcore-1.3.7' from 'https://cache.nixos.org'...
copying path '/nix/store/13dj88d285807n8asni8iwv89nd8vj96-zimg-3.0.6' from 'https://cache.nixos.org'...
copying path '/nix/store/x1d0al0hilkmh80215zszn8avng97fyz-zint-2.16.0-lib' from 'https://cache.nixos.org'...
copying path '/nix/store/97zr0jgbzdl40mppxlj4hi1r7zy1z39k-zix-0.8.2' from 'https://cache.nixos.org'...
copying path '/nix/store/8xhzici5fkh93w1y4wb348si0mk34fan-zvbi-0.2.45' from 'https://cache.nixos.org'...
copying path '/nix/store/wal7kxapmnk5h45wy96bb87b4pw62qzl-wildmidi-0.5.0' from 'https://cache.nixos.org'...
copying path '/nix/store/kvqxlp5lcl7y99al7p6s4i5aqdhd60bh-sord-0.16.22' from 'https://cache.nixos.org'...
copying path '/nix/store/ykyh31gq07g1770qf71ybs1a71i2b3ff-zxing-cpp-3.1.1' from 'https://cache.nixos.org'...
copying path '/nix/store/j3bsgwsqj7mskymllljazkm5brn56s6m-gst-plugins-good-1.28.6' from 'https://cache.nixos.org'...
copying path '/nix/store/skfq9c91i8hlqw69r1qg7n7blr3fpmhr-sox-14.4.2-unstable-2021-05-09-lib' from 'https://cache.nixos.org'...
copying path '/nix/store/9qyfyw3yq49yny000ssdjrjd4s64h6fx-sratom-0.6.22' from 'https://cache.nixos.org'...
copying path '/nix/store/4v08ybh5ip6ak1m0abnd5bxd7z823qqp-lilv-0.28.0' from 'https://cache.nixos.org'...
copying path '/nix/store/7n5n8f3zc1fvk7wmh3g5fg8j454zyjnz-ffmpeg-headless-9.0.1-lib' from 'https://cache.nixos.org'...
copying path '/nix/store/hh7354wknl2zqnffd3wnv42j4zapjikx-roc-toolkit-0.4.0' from 'https://cache.nixos.org'...
copying path '/nix/store/095487rq55g6h1s2ha5rakky4a77ix94-chromaprint-1.6.1' from 'https://cache.nixos.org'...
copying path '/nix/store/74nwha75zb6m4ks3g9ahkwj0jjxjqxwa-pipewire-1.6.8' from 'https://cache.nixos.org'...
copying path '/nix/store/bs8rzacpm09gm9qgyllp1dhl24vp3a9b-openal-soft-1.24.3' from 'https://cache.nixos.org'...
copying path '/nix/store/25qpdfvz91p8hx5i9gfhgr4nisyk26y4-gst-plugins-bad-1.28.6' from 'https://cache.nixos.org'...
copying path '/nix/store/a9ww707q9lkzrhm6mb4ygl5y255dn9a8-gtk4-4.22.4' from 'https://cache.nixos.org'...
copying path '/nix/store/dlb9n917n1ddycngagwf7d8cp64d2pdg-gtk4-layer-shell-1.3.0' from 'https://cache.nixos.org'...
copying path '/nix/store/0qrqyildxkwrvv6qafg4vkb67f3hzzg0-libadwaita-1.9.3' from 'https://cache.nixos.org'...
copying path '/nix/store/zyzxk5gd5a1g3g5c07mcbd7qfxbfgrn6-ghostty-1.3.1' from 'https://cache.nixos.org'...
info: ghostty version=1.3.1
info: ghostty build optimize=ReleaseFast
info: runtime=.gtk
info: font_backend=.fontconfig_freetype
info: dependency harfbuzz=13.2.1
info: dependency fontconfig=21803
info: renderer=renderer.generic.Renderer(renderer.OpenGL)
info: libxev default backend=epoll
info(os_locale): setlocale from env result=C
info(gtk): GTK version build=4.22.4 runtime=4.22.4
info(gtk): libadwaita version build=1.9.3 runtime=1.9.3
info(config): creating template config file: path=/home/agent/.config/ghostty/config.ghostty
info(config): default shell source=env value=/nix/store/z9nkwcylvgcrn4dvvd91jp8blv3mx38v-bash-interactive-5.3p15/bin/bash
warning(gtk_ghostty_application): setting GDK_DEBUG=
warning(gtk_ghostty_application): setting GDK_DISABLE=gles-api,vulkan
warning(glib): WARNING: Adwaita: The resource style-dark.css is deprecated and shouldn't be used anymore. Use style.css with media queries instead.
warning(glib): WARNING: Adwaita: The resource style-hc.css is deprecated and shouldn't be used anymore. Use style.css with media queries instead.
warning(glib): WARNING: Adwaita: The resource style-hc-dark.css is deprecated and shouldn't be used anymore. Use style.css with media queries instead.
warning(gtk_ghostty_surface): failed to make GL context current: Failed to create EGL display
warning(gtk_ghostty_surface): this error is almost always due to a library, driver, or GTK issue
warning(gtk_ghostty_surface): this is a common cause of this issue: https://ghostty.org/docs/help/gtk-opengl-context
