v24.20.0
1.4.2
$ tsc --noEmit && vite build
file:///tmp/os-review-ui/node_modules/rolldown/dist/shared/binding-CtPG-2KR.mjs:597
			const error = /* @__PURE__ */ new Error("Cannot find native binding. npm has a bug related to optional dependencies (https://github.com/npm/cli/issues/4828). Please try `npm i` again after removing both package-lock.json and node_modules directory.");
			                              ^

Error: Cannot find native binding. npm has a bug related to optional dependencies (https://github.com/npm/cli/issues/4828). Please try `npm i` again after removing both package-lock.json and node_modules directory.
    at file:///tmp/os-review-ui/node_modules/rolldown/dist/shared/binding-CtPG-2KR.mjs:597:34
    at file:///tmp/os-review-ui/node_modules/rolldown/dist/shared/binding-CtPG-2KR.mjs:9:49
    ... 2 lines matching cause stack trace ...
    at async node:internal/modules/esm/loader:647:26 {
  cause: Error: Cannot find module '@rolldown/binding-wasm32-wasi'
  Require stack:
  - /tmp/os-review-ui/node_modules/rolldown/dist/shared/binding-CtPG-2KR.mjs
      at file:///tmp/os-review-ui/node_modules/rolldown/dist/shared/binding-CtPG-2KR.mjs:494:18
      ... 6 lines matching cause stack trace ...
      at async node:internal/modules/esm/loader:647:26 {
    cause: Error: Cannot find module './rolldown-binding.wasi.cjs'
    Require stack:
    - /tmp/os-review-ui/node_modules/rolldown/dist/shared/binding-CtPG-2KR.mjs
        at file:///tmp/os-review-ui/node_modules/rolldown/dist/shared/binding-CtPG-2KR.mjs:494:18
        ... 6 lines matching cause stack trace ...
        at async node:internal/modules/esm/loader:647:26 {
      cause: Error: /nix/store/m54cs0m994hc3n9lax7sg98sgy729qsa-glibc-2.42-84/lib/libc.so: invalid ELF header
          at file:///tmp/os-review-ui/node_modules/rolldown/dist/shared/binding-CtPG-2KR.mjs:494:18
          ... 6 lines matching cause stack trace ...
          at async node:internal/modules/esm/loader:647:26 {
        cause: Error: Cannot find module './rolldown-binding.linux-arm64-musl.node'
        Require stack:
        - /tmp/os-review-ui/node_modules/rolldown/dist/shared/binding-CtPG-2KR.mjs
            at file:///tmp/os-review-ui/node_modules/rolldown/dist/shared/binding-CtPG-2KR.mjs:494:18
            at Array.reduce (<anonymous>)
            at createLoadErrorChain (file:///tmp/os-review-ui/node_modules/rolldown/dist/shared/binding-CtPG-2KR.mjs:487:17)
            at file:///tmp/os-review-ui/node_modules/rolldown/dist/shared/binding-CtPG-2KR.mjs:598:18
            at file:///tmp/os-review-ui/node_modules/rolldown/dist/shared/binding-CtPG-2KR.mjs:9:49
            at file:///tmp/os-review-ui/node_modules/rolldown/dist/shared/parse-D0g29RgN.mjs:3:46
            at ModuleJob.run (node:internal/modules/esm/module_job:561:25)
            at async node:internal/modules/esm/loader:647:26 {
          cause: null
        }
      }
    }
  }
}

Node.js v24.20.0
error: script "build" exited with code 1
