    Updating crates.io index
 Downloading crates ...
  Downloaded tauri-cli v2.11.4
  Installing tauri-cli v2.11.4
    Updating crates.io index
warning: package `spin v0.9.8` in Cargo.lock is yanked in registry `crates-io`
  |
  = help: consider running without --locked
    Updating crates.io index
 Downloading crates ...
  Downloaded rtoolbox v0.0.2
  Downloaded rustc_version v0.4.1
  Downloaded iter-read v1.1.0
  Downloaded route-recognizer v0.3.1
  Downloaded rustc-hash v2.1.1
  Downloaded scrypt v0.11.0
  Downloaded scopeguard v1.2.0
  Downloaded shell-words v1.1.0
  Downloaded stable_deref_trait v1.2.0
  Downloaded smawk v0.3.2
  Downloaded sval_serde v2.13.2
  Downloaded serde_spanned v0.6.8
  Downloaded hyper v1.8.1
  Downloaded same-file v1.0.6
  Downloaded serialize-to-javascript-impl v0.1.2
  Downloaded signature v2.2.0
  Downloaded iana-time-zone v0.1.61
  Downloaded httparse v1.9.5
  Downloaded rustls-native-certs v0.8.3
  Downloaded sval_json v2.13.2
  Downloaded imagesize v0.13.0
  Downloaded serde_spanned v1.0.4
  Downloaded string_cache_codegen v0.6.1
  Downloaded salsa20 v0.10.2
  Downloaded java-properties v2.0.0
  Downloaded slab v0.4.9
  Downloaded sval_buffer v2.13.2
  Downloaded json5 v0.4.1
  Downloaded scroll_derive v0.12.0
  Downloaded std_prelude v0.2.12
  Downloaded subtle v2.6.1
  Downloaded http-body-util v0.1.2
  Downloaded serde_urlencoded v0.7.1
  Downloaded inout v0.1.3
  Downloaded lockfree-object-pool v0.1.6
  Downloaded semver v1.0.24
  Downloaded serde-untagged v0.1.6
  Downloaded image-webp v0.2.0
  Downloaded idna_adapter v1.2.0
  Downloaded seq-macro v0.3.5
  Downloaded xattr v1.4.0
  Downloaded siphasher v1.0.1
  Downloaded strict-num v0.1.1
  Downloaded strsim v0.11.1
  Downloaded sval_dynamic v2.13.2
  Downloaded yoke-derive v0.7.5
  Downloaded sha1_smol v1.0.1
  Downloaded icu_provider v1.5.0
  Downloaded image v0.25.5
  Downloaded jsonrpsee-server v0.24.7
  Downloaded serde_fmt v1.0.3
  Downloaded shared_thread v0.2.0
  Downloaded rfc6979 v0.4.0
  Downloaded simplecss v0.2.2
  Downloaded lock_api v0.4.12
  Downloaded lazy_static v1.5.0
  Downloaded sec1 v0.7.3
  Downloaded string_cache v0.9.0
  Downloaded ryu v1.0.18
  Downloaded imgref v1.11.0
  Downloaded hyper-util v0.1.19
  Downloaded itoa v1.0.14
  Downloaded rustls-pki-types v1.13.2
  Downloaded sval_fmt v2.13.2
  Downloaded magic_string v0.3.4
  Downloaded mime v0.3.17
  Downloaded loop9 v0.1.5
  Downloaded simd-adler32 v0.3.7
  Downloaded socks v0.3.4
  Downloaded soketto v0.8.1
  Downloaded scroll v0.12.0
  Downloaded serde_with_macros v3.12.0
  Downloaded schemars_derive v0.8.21
  Downloaded include_dir_macros v0.7.4
  Downloaded inotify-sys v0.1.5
  Downloaded jsonrpsee v0.24.7
  Downloaded humantime v2.1.0
  Downloaded rgb v0.8.50
  Downloaded rustversion v1.0.19
  Downloaded serde-value v0.7.0
  Downloaded static_assertions v1.1.0
  Downloaded servo_arc v0.4.3
  Downloaded jobserver v0.1.32
  Downloaded jsonrpsee-ws-client v0.24.7
  Downloaded adler2 v2.0.0
  Downloaded spki v0.7.3
  Downloaded signal-hook v0.3.18
  Downloaded svgtypes v0.15.3
  Downloaded idea v0.5.1
  Downloaded inotify v0.11.0
  Downloaded jsonrpsee-core v0.24.7
  Downloaded json-patch v3.0.1
  Downloaded litemap v0.7.4
  Downloaded indexmap v1.9.3
  Downloaded itertools v0.13.0
  Downloaded sigchld v0.2.4
  Downloaded aes-kw v0.2.1
  Downloaded k256 v0.13.4
  Downloaded minimal-lexical v0.2.1
  Downloaded infer v0.19.0
  Downloaded markup5ever v0.38.0
  Downloaded signal-hook-registry v1.4.2
  Downloaded sval_nested v2.13.2
  Downloaded jsonrpsee-client-transport v0.24.7
  Downloaded ripemd v0.1.3
  Downloaded serde_derive_internals v0.29.1
  Downloaded serde_path_to_error v0.1.16
  Downloaded smallvec v1.13.2
  Downloaded resvg v0.45.0
  Downloaded stfu8 v0.2.7
  Downloaded serde_derive v1.0.228
  Downloaded rsa v0.9.10
  Downloaded shlex v1.3.0
  Downloaded sha2 v0.10.8
  Downloaded lebe v0.5.2
  Downloaded sval_ref v2.13.2
  Downloaded serialize-to-javascript v0.1.2
  Downloaded sval v2.13.2
  Downloaded zstd v0.13.2
  Downloaded indexmap v2.11.4
  Downloaded jsonschema v0.33.0
  Downloaded spin v0.9.8
  Downloaded base64ct v1.6.0
  Downloaded rustls-webpki v0.103.13
  Downloaded byteorder v1.5.0
  Downloaded rustls-platform-verifier v0.6.2
  Downloaded kurbo v0.11.1
  Downloaded html5ever v0.38.0
  Downloaded selectors v0.36.1
  Downloaded log v0.4.29
  Downloaded schemars v0.8.21
  Downloaded serde_core v1.0.228
  Downloaded slotmap v1.0.7
  Downloaded icu_properties v1.5.1
  Downloaded httpdate v1.0.3
  Downloaded crossbeam-epoch v0.9.18
  Downloaded libm v0.2.11
  Downloaded serde v1.0.228
  Downloaded socket2 v0.5.8
  Downloaded md5 v0.8.0
  Downloaded new_debug_unreachable v1.0.6
  Downloaded rpassword v7.4.0
  Downloaded derive_builder v0.20.2
  Downloaded simd_helpers v0.1.0
  Downloaded md-5 v0.10.6
  Downloaded roxmltree v0.20.0
  Downloaded nonmax v0.5.5
  Downloaded icu_normalizer v1.5.0
  Downloaded home v0.5.9
  Downloaded serde_with v3.12.0
  Downloaded enum-display-derive v0.1.1
  Downloaded local-ip-address v0.6.3
  Downloaded shared_child v1.1.1
  Downloaded hmac v0.12.1
  Downloaded http v1.3.1
  Downloaded num-derive v0.4.2
  Downloaded sha1 v0.10.6
  Downloaded notify-debouncer-full v0.6.0
  Downloaded ecdsa v0.16.9
  Downloaded env_home v0.1.0
  Downloaded serde_json v1.0.145
  Downloaded const-oid v0.9.6
  Downloaded ident_case v1.0.1
  Downloaded mio v1.0.3
  Downloaded matchit v0.8.4
  Downloaded nom v8.0.0
  Downloaded miniz_oxide v0.8.8
  Downloaded pin-project v1.1.8
  Downloaded jsonrpsee-types v0.24.7
  Downloaded rpm v0.16.0
  Downloaded cfg_aliases v0.2.1
  Downloaded syn v1.0.109
  Downloaded minisign v0.7.3
  Downloaded libz-rs-sys v0.5.0
  Downloaded hkdf v0.12.4
  Downloaded nix v0.29.0
  Downloaded tinyvec_macros v0.1.1
  Downloaded rustix v0.37.28
  Downloaded utf8_iter v1.0.4
  Downloaded anstyle v1.0.10
  Downloaded ocb3 v0.1.0
  Downloaded rustybuzz v0.20.1
  Downloaded rand_core v0.5.1
  Downloaded ahash v0.8.11
  Downloaded av1-grain v0.2.3
  Downloaded pest_generator v2.7.15
  Downloaded zerovec-derive v0.10.3
  Downloaded nom v7.1.3
  Downloaded neli-proc-macros v0.1.3
  Downloaded dtoa v1.0.9
  Downloaded writeable v0.5.5
  Downloaded zune-core v0.4.12
  Downloaded cfg-if v1.0.1
  Downloaded arrayvec v0.7.6
  Downloaded icu_provider_macros v1.5.0
  Downloaded phf_codegen v0.13.1
  Downloaded rustix v0.38.43
  Downloaded rustls v0.23.35
  Downloaded futures-util v0.3.31
  Downloaded bitflags v2.7.0
  Downloaded num-integer v0.1.46
  Downloaded rustix v1.0.7
  Downloaded icu_normalizer_data v1.5.0
  Downloaded camellia v0.1.0
  Downloaded include_dir v0.7.4
  Downloaded icu_collections v1.5.0
  Downloaded deranged v0.3.11
  Downloaded enum-primitive-derive v0.3.0
  Downloaded ctor v0.8.0
  Downloaded colored v2.2.0
  Downloaded ed25519 v2.2.3
  Downloaded maybe-rayon v0.1.1
  Downloaded unicode-width v0.1.14
  Downloaded neli v0.6.4
  Downloaded oxc_diagnostics v0.36.0
  Downloaded icu_properties_data v1.5.0
  Downloaded core_maths v0.1.0
  Downloaded ctrlc v3.4.5
  Downloaded oxc_span v0.36.0
  Downloaded clap_lex v0.7.4
  Downloaded phf_generator v0.11.3
  Downloaded http-body v1.0.1
  Downloaded noop_proc_macro v0.3.0
  Downloaded is_terminal_polyfill v1.70.1
  Downloaded dirs v6.0.0
  Downloaded write16 v1.0.0
  Downloaded utf16_iter v1.0.5
  Downloaded bit_field v0.10.2
  Downloaded cpufeatures v0.2.16
  Downloaded bitfield v0.14.0
  Downloaded darling v0.20.10
  Downloaded rand_core v0.9.3
  Downloaded io-lifetimes v1.0.11
  Downloaded pkcs1 v0.7.5
  Downloaded getrandom v0.3.3
  Downloaded icu_locid_transform v1.5.0
  Downloaded idna v1.0.3
  Downloaded ignore v0.4.23
  Downloaded sha1-checked v0.10.0
  Downloaded env_filter v0.1.3
  Downloaded erased-serde v0.4.9
  Downloaded foldhash v0.2.0
  Downloaded rand_core v0.6.4
  Downloaded anstream v0.6.18
  Downloaded pbkdf2 v0.12.2
  Downloaded x25519-dalek v2.0.1
  Downloaded dbl v0.3.2
  Downloaded zeroize_derive v1.4.2
  Downloaded goblin v0.9.3
  Downloaded jsonptr v0.6.3
  Downloaded memmap2 v0.9.11
  Downloaded notify-types v2.0.0
  Downloaded castaway v0.2.3
  Downloaded pkg-config v0.3.31
  Downloaded arg_enum_proc_macro v0.3.4
  Downloaded arrayref v0.3.9
  Downloaded os_info v3.9.2
  Downloaded itertools v0.12.1
  Downloaded icu_locid_transform_data v1.5.0
  Downloaded unicode-ident v1.0.14
  Downloaded unic-common v0.9.0
  Downloaded sha3 v0.10.8
  Downloaded wasm-bindgen v0.2.125
  Downloaded icu_locid v1.5.0
  Downloaded keccak v0.1.6
  Downloaded notify v8.2.0
  Downloaded walkdir v2.5.0
  Downloaded utf-8 v0.7.6
  Downloaded oxc-miette-derive v1.0.2
  Downloaded futures v0.3.31
  Downloaded derive_more v2.0.1
  Downloaded common-path v1.0.0
  Downloaded flate2 v1.1.1
  Downloaded hashbrown v0.14.5
  Downloaded sublime_fuzzy v0.7.0
  Downloaded memchr v2.7.4
  Downloaded terminal_size v0.2.6
  Downloaded num_enum_derive v0.7.3
  Downloaded libc v0.2.178
  Downloaded clap v4.5.26
  Downloaded zstd-safe v7.2.1
  Downloaded equivalent v1.0.1
  Downloaded powerfmt v0.2.0
  Downloaded unic-ucd-ident v0.9.0
  Downloaded jpeg-decoder v0.3.1
  Downloaded polyval v0.6.2
  Downloaded toml_datetime v1.0.0+spec-1.1.0
  Downloaded der v0.7.9
  Downloaded handlebars v6.3.0
  Downloaded colorchoice v1.0.3
  Downloaded english-numbers v0.3.3
  Downloaded blowfish v0.9.1
  Downloaded buffer-redux v1.0.2
  Downloaded tiny-skia-path v0.11.4
  Downloaded phf_macros v0.13.1
  Downloaded aes v0.8.4
  Downloaded futures-timer v3.0.3
  Downloaded textwrap v0.16.1
  Downloaded either v1.13.0
  Downloaded zerofrom-derive v0.1.5
  Downloaded num v0.4.3
  Downloaded toml v1.0.6+spec-1.1.0
  Downloaded data-encoding v2.6.0
  Downloaded aes-gcm v0.10.3
  Downloaded group v0.13.0
  Downloaded plist v1.7.0
  Downloaded oxc_index v0.36.0
  Downloaded proc-macro-crate v3.2.0
  Downloaded futures-task v0.3.31
  Downloaded anstyle-query v1.1.2
  Downloaded tower-service v0.3.3
  Downloaded crossbeam-deque v0.8.6
  Downloaded tokio-stream v0.1.17
  Downloaded ureq v3.1.4
  Downloaded cfb-mode v0.8.2
  Downloaded pico-args v0.5.0
  Downloaded ttf-parser v0.25.1
  Downloaded ref-cast v1.0.23
  Downloaded wasm-bindgen-macro-support v0.2.125
  Downloaded console v0.15.10
  Downloaded base64 v0.22.1
  Downloaded proc-macro2 v1.0.106
  Downloaded duct v1.1.1
  Downloaded twofish v0.7.1
  Downloaded ureq-proto v0.5.3
  Downloaded base64 v0.21.7
  Downloaded data-url v0.3.1
  Downloaded num-cmp v0.1.0
  Downloaded os_pipe v1.2.3
  Downloaded bit-set v0.8.0
  Downloaded num-modular v0.6.1
  Downloaded toml_writer v1.0.6+spec-1.1.0
  Downloaded ar v0.9.0
  Downloaded option-ext v0.2.0
  Downloaded version_check v0.9.5
  Downloaded untrusted v0.9.0
  Downloaded freedesktop_entry_parser v2.0.1
  Downloaded weezl v0.1.8
  Downloaded chrono v0.4.41
  Downloaded base16ct v0.2.0
  Downloaded byteorder-lite v0.1.0
  Downloaded num-conv v0.1.0
  Downloaded built v0.7.5
  Downloaded ed448-goldilocks v0.7.2
  Downloaded fraction v0.15.3
  Downloaded pest v2.7.15
  Downloaded block-padding v0.3.3
  Downloaded clap_derive v4.5.24
  Downloaded derive_builder_macro v0.20.2
  Downloaded outref v0.5.1
  Downloaded unicode-vo v0.1.0
  Downloaded zune-inflate v0.2.54
  Downloaded eax v0.5.0
  Downloaded thiserror-impl v2.0.12
  Downloaded pin-project-lite v0.2.16
  Downloaded time-macros v0.2.19
  Downloaded which v8.0.0
  Downloaded winnow v0.7.14
  Downloaded glob v0.3.2
  Downloaded deunicode v1.6.0
  Downloaded unicode-properties v0.1.3
  Downloaded ravif v0.11.11
  Downloaded unic-char-range v0.9.0
  Downloaded sync_wrapper v1.0.2
  Downloaded path_abs v0.5.1
  Downloaded env_logger v0.11.6
  Downloaded errno v0.3.10
  Downloaded wasm-bindgen-shared v0.2.125
  Downloaded avif-serialize v0.8.2
  Downloaded filetime v0.2.25
  Downloaded fluent-uri v0.3.2
  Downloaded tendril v0.5.0
  Downloaded des v0.8.1
  Downloaded toml_datetime v0.7.5+spec-1.1.0
  Downloaded cssparser v0.36.0
  Downloaded oxc_allocator v0.36.0
  Downloaded dtor-proc-macro v0.0.6
  Downloaded toml_parser v1.0.9+spec-1.1.0
  Downloaded uuid-simd v0.8.0
  Downloaded num-rational v0.4.2
  Downloaded darling_core v0.20.10
  Downloaded parking_lot v0.12.3
  Downloaded compact_str v0.8.1
  Downloaded anyhow v1.0.95
  Downloaded unic-char-property v0.9.0
  Downloaded fnv v1.0.7
  Downloaded aead v0.5.2
  Downloaded ring v0.17.14
  Downloaded elf v0.7.4
  Downloaded bumpalo v3.16.0
  Downloaded num-order v1.2.0
  Downloaded ref-cast-impl v1.0.23
  Downloaded syn v2.0.117
  Downloaded file-id v0.2.3
  Downloaded quick-error v2.0.1
  Downloaded unicode-script v0.5.7
  Downloaded hashbrown v0.12.3
  Downloaded fdeflate v0.3.7
  Downloaded paste v1.0.15
  Downloaded primeorder v0.13.6
  Downloaded ctr v0.9.2
  Downloaded zip v4.0.0
  Downloaded oxc_syntax v0.36.0
  Downloaded xmlwriter v0.1.0
  Downloaded displaydoc v0.2.5
  Downloaded tracing-core v0.1.33
  Downloaded clap_complete v4.5.42
  Downloaded typeid v1.0.2
  Downloaded rayon-core v1.12.1
  Downloaded p256 v0.13.2
  Downloaded tokio-macros v2.5.0
  Downloaded toml_edit v0.22.24
  Downloaded qoi v0.4.1
  Downloaded phf_generator v0.13.1
  Downloaded cpio v0.4.1
  Downloaded plain v0.2.3
  Downloaded cast5 v0.11.1
  Downloaded futures-executor v0.3.31
  Downloaded pest_meta v2.7.15
  Downloaded png v0.17.16
  Downloaded value-bag-sval2 v1.12.0
  Downloaded fastrand v2.3.0
  Downloaded p521 v0.13.3
  Downloaded bytes v1.11.1
  Downloaded cssparser-macros v0.6.1
  Downloaded synstructure v0.13.1
  Downloaded ppv-lite86 v0.2.20
  Downloaded digest v0.10.7
  Downloaded argon2 v0.5.3
  Downloaded tokio-tungstenite v0.26.2
  Downloaded owo-colors v4.1.0
  Downloaded dtor v0.3.0
  Downloaded autocfg v1.4.0
  Downloaded num-complex v0.4.6
  Downloaded unic-ucd-version v0.9.0
  Downloaded tracing-attributes v0.1.28
  Downloaded lzma-sys v0.1.20
  Downloaded num-bigint v0.4.6
  Downloaded cmac v0.7.2
  Downloaded generic-array v0.14.7
  Downloaded unicode-bidi v0.3.18
  Downloaded css-color v0.2.8
  Downloaded percent-encoding v2.3.1
  Downloaded zopfli v0.8.1
  Downloaded elliptic-curve v0.13.8
  Downloaded bit-vec v0.8.0
  Downloaded getrandom v0.2.15
  Downloaded async-trait v0.1.88
  Downloaded crc32fast v1.4.2
  Downloaded usvg v0.45.0
  Downloaded cargo-mobile2 v0.22.4
  Downloaded bitflags v1.3.2
  Downloaded tower v0.4.13
  Downloaded url v2.5.4
  Downloaded atomic-waker v1.1.2
  Downloaded fancy-regex v0.16.1
  Downloaded quick-xml v0.32.0
  Downloaded xz2 v0.1.7
  Downloaded opaque-debug v0.3.1
  Downloaded web_atoms v0.2.3
  Downloaded pem-rfc7468 v0.7.0
  Downloaded phf v0.11.3
  Downloaded derive_builder_core v0.20.2
  Downloaded zerovec v0.10.4
  Downloaded derive_more v1.0.0
  Downloaded rav1e v0.7.1
  Downloaded unicode-id-start v1.3.1
  Downloaded tauri-bundler v2.9.4
  Downloaded toml_edit v0.25.4+spec-1.1.0
  Downloaded tokio v1.45.1
  Downloaded aho-corasick v1.1.3
  Downloaded tiny-skia v0.11.4
  Downloaded num-traits v0.2.19
  Downloaded once_cell v1.21.4
  Downloaded quote v1.0.38
  Downloaded oxc_parser v0.36.0
  Downloaded futures-io v0.3.31
  Downloaded thiserror v1.0.69
  Downloaded time v0.3.37
  Downloaded linux-raw-sys v0.3.8
  Downloaded crypto-common v0.1.6
  Downloaded axum v0.8.4
  Downloaded cipher v0.4.4
  Downloaded half v2.4.1
  Downloaded form_urlencoded v1.2.1
  Downloaded vlq v0.5.1
  Downloaded unicode-bidi-mirroring v0.4.0
  Downloaded tempfile v3.15.0
  Downloaded curve25519-dalek v4.1.3
  Downloaded webpki-roots v1.0.5
  Downloaded borrow-or-share v0.2.2
  Downloaded tinystr v0.7.6
  Downloaded yoke v0.7.5
  Downloaded ucd-trie v0.1.7
  Downloaded dsa v0.6.3
  Downloaded float-cmp v0.9.0
  Downloaded password-hash v0.5.0
  Downloaded ordered-float v2.10.1
  Downloaded pin-project-internal v1.1.8
  Downloaded base64 v0.13.1
  Downloaded ff v0.13.0
  Downloaded oxc-miette v1.0.2
  Downloaded precomputed-hash v0.1.1
  Downloaded zlib-rs v0.5.0
  Downloaded regex-syntax v0.8.5
  Downloaded zeroize v1.8.1
  Downloaded oxc_ast v0.36.0
  Downloaded referencing v0.33.0
  Downloaded dunce v1.0.5
  Downloaded crossbeam-utils v0.8.21
  Downloaded num_enum v0.7.3
  Downloaded universal-hash v0.5.1
  Downloaded pest_derive v2.7.15
  Downloaded rand_chacha v0.3.1
  Downloaded blake2 v0.10.6
  Downloaded crc24 v0.1.6
  Downloaded dyn-clone v1.0.17
  Downloaded futures-sink v0.3.31
  Downloaded zerofrom v0.1.5
  Downloaded ctor-proc-macro v0.0.7
  Downloaded unicode-linebreak v0.1.5
  Downloaded unicode-width v0.2.0
  Downloaded rand v0.9.4
  Downloaded rand v0.8.6
  Downloaded regex v1.11.1
  Downloaded urlpattern v0.3.0
  Downloaded tokio-util v0.7.13
  Downloaded darling_macro v0.20.10
  Downloaded futures-core v0.3.31
  Downloaded dom_query v0.27.0
  Downloaded utf8parse v0.2.2
  Downloaded rand_chacha v0.9.0
  Downloaded zerocopy-derive v0.7.35
  Downloaded unicode-xid v0.2.6
  Downloaded tar v0.4.46
  Downloaded parking_lot_core v0.9.10
  Downloaded gif v0.13.1
  Downloaded value-bag v1.12.0
  Downloaded num-bigint-dig v0.8.6
  Downloaded bstr v1.11.3
  Downloaded oxc_regular_expression v0.36.0
  Downloaded toml_datetime v0.6.8
  Downloaded regex-automata v0.4.9
  Downloaded hex v0.4.3
  Downloaded v_frame v0.3.8
  Downloaded email_address v0.2.9
  Downloaded pin-utils v0.1.0
  Downloaded oxc_ast_macros v0.36.0
  Downloaded time-core v0.1.2
  Downloaded block-buffer v0.10.4
  Downloaded tower-layer v0.3.3
  Downloaded num-iter v0.1.45
  Downloaded thiserror-impl v1.0.69
  Downloaded phf v0.13.1
  Downloaded phf_macros v0.11.3
  Downloaded find-msvc-tools v0.1.6
  Downloaded openssl-probe v0.2.0
  Downloaded tungstenite v0.26.2
  Downloaded assert-unchecked v0.1.2
  Downloaded pkcs8 v0.10.2
  Downloaded profiling v1.0.16
  Downloaded wasm-bindgen-macro v0.2.125
  Downloaded cfb v0.7.3
  Downloaded hashbrown v0.16.1
  Downloaded futures-macro v0.3.31
  Downloaded ghash v0.5.1
  Downloaded x448 v0.6.0
  Downloaded dashmap v6.1.0
  Downloaded bytecount v0.6.8
  Downloaded fontconfig-parser v0.5.7
  Downloaded dirs-sys v0.5.0
  Downloaded dialoguer v0.11.0
  Downloaded futures-channel v0.3.31
  Downloaded bzip2-sys v0.1.11+1.0.8
  Downloaded cc v1.2.51
  Downloaded profiling-procmacros v1.0.16
  Downloaded value-bag-serde1 v1.12.0
  Downloaded derive_more-impl v1.0.0
  Downloaded h2 v0.4.7
  Downloaded axum-core v0.5.2
  Downloaded unicode-ccc v0.4.0
  Downloaded vsimd v0.8.0
  Downloaded rayon v1.10.0
  Downloaded color_quant v1.1.0
  Downloaded anstyle-parse v0.2.6
  Downloaded fiat-crypto v0.1.20
  Downloaded pgp v0.14.2
  Downloaded tiff v0.9.1
  Downloaded zstd-sys v2.0.13+zstd.1.5.6
  Downloaded tauri-utils v2.9.3
  Downloaded encoding_rs v0.8.35
  Downloaded p384 v0.13.0
  Downloaded linux-raw-sys v0.4.15
  Downloaded thiserror v2.0.12
  Downloaded linux-raw-sys v0.9.4
  Downloaded exr v1.73.0
  Downloaded bitstream-io v2.3.0
  Downloaded heck v0.5.0
  Downloaded phf_shared v0.13.1
  Downloaded uuid v1.11.0
  Downloaded derive_more-impl v2.0.1
  Downloaded phf_shared v0.11.3
  Downloaded toml v0.9.12+spec-1.1.0
  Downloaded cow-utils v0.1.3
  Downloaded zune-jpeg v0.4.14
  Downloaded aligned-vec v0.5.0
  Downloaded dtoa-short v0.3.5
  Downloaded bzip2 v0.4.4
  Downloaded tinyvec v1.8.1
  Downloaded tower v0.5.2
  Downloaded tracing v0.1.41
  Downloaded oxc_estree v0.36.0
  Downloaded typenum v1.20.0
  Downloaded allocator-api2 v0.2.21
  Downloaded crypto-bigint v0.5.5
  Downloaded ed25519-dalek v2.1.1
  Downloaded fontdb v0.23.0
  Downloaded tauri-icns v0.1.0
  Downloaded bytemuck v1.21.0
  Downloaded zerocopy v0.7.35
  Downloaded clap_builder v4.5.26
  Downloaded globset v0.4.15
   Compiling proc-macro2 v1.0.106
   Compiling unicode-ident v1.0.14
   Compiling libc v0.2.178
   Compiling quote v1.0.38
   Compiling syn v2.0.117
   Compiling cfg-if v1.0.1
   Compiling getrandom v0.2.15
   Compiling version_check v0.9.5
   Compiling generic-array v0.14.7
   Compiling rand_core v0.6.4
   Compiling typenum v1.20.0
   Compiling autocfg v1.4.0
   Compiling subtle v2.6.1
   Compiling value-bag v1.12.0
   Compiling log v0.4.29
   Compiling memchr v2.7.4
   Compiling serde_core v1.0.228
   Compiling zeroize_derive v1.4.2
   Compiling zeroize v1.8.1
   Compiling crypto-common v0.1.6
   Compiling const-oid v0.9.6
   Compiling serde_derive v1.0.228
   Compiling itoa v1.0.14
   Compiling smallvec v1.13.2
   Compiling serde v1.0.228
   Compiling block-buffer v0.10.4
   Compiling digest v0.10.7
   Compiling once_cell v1.21.4
   Compiling byteorder v1.5.0
   Compiling libm v0.2.11
   Compiling cpufeatures v0.2.16
   Compiling equivalent v1.0.1
   Compiling hashbrown v0.16.1
   Compiling indexmap v2.11.4
   Compiling jobserver v0.1.32
   Compiling num-traits v0.2.19
   Compiling shlex v1.3.0
   Compiling ryu v1.0.18
   Compiling siphasher v1.0.1
   Compiling bytes v1.11.1
   Compiling find-msvc-tools v0.1.6
   Compiling cc v1.2.51
   Compiling thiserror v1.0.69
   Compiling thiserror-impl v1.0.69
   Compiling zerocopy-derive v0.7.35
   Compiling bitflags v2.7.0
   Compiling fnv v1.0.7
   Compiling zerocopy v0.7.35
   Compiling inout v0.1.3
   Compiling synstructure v0.13.1
   Compiling stable_deref_trait v1.2.0
   Compiling cipher v0.4.4
   Compiling http v1.3.1
   Compiling lock_api v0.4.12
   Compiling pin-project-lite v0.2.16
   Compiling parking_lot_core v0.9.10
   Compiling zerofrom-derive v0.1.5
   Compiling scopeguard v1.2.0
   Compiling serde_json v1.0.145
   Compiling futures-sink v0.3.31
   Compiling futures-core v0.3.31
   Compiling base64ct v1.6.0
   Compiling zerofrom v0.1.5
   Compiling yoke-derive v0.7.5
   Compiling ppv-lite86 v0.2.20
   Compiling slab v0.4.9
   Compiling simd-adler32 v0.3.7
   Compiling futures-io v0.3.31
   Compiling yoke v0.7.5
   Compiling num-integer v0.1.46
   Compiling zerovec-derive v0.10.3
   Compiling crossbeam-utils v0.8.21
   Compiling thiserror v2.0.12
   Compiling zerovec v0.10.4
   Compiling pem-rfc7468 v0.7.0
   Compiling phf_shared v0.13.1
   Compiling displaydoc v0.2.5
   Compiling bitflags v1.3.2
   Compiling fastrand v2.3.0
   Compiling phf_generator v0.13.1
   Compiling der v0.7.9
   Compiling futures-channel v0.3.31
   Compiling hmac v0.12.1
   Compiling thiserror-impl v2.0.12
   Compiling mio v1.0.3
   Compiling pin-utils v0.1.0
   Compiling httparse v1.9.5
   Compiling pkg-config v0.3.31
   Compiling adler2 v2.0.0
   Compiling miniz_oxide v0.8.8
   Compiling spki v0.7.3
   Compiling tinystr v0.7.6
   Compiling crc32fast v1.4.2
   Compiling writeable v0.5.5
   Compiling base64 v0.22.1
   Compiling zlib-rs v0.5.0
   Compiling litemap v0.7.4
   Compiling icu_locid v1.5.0
   Compiling libz-rs-sys v0.5.0
   Compiling pkcs8 v0.10.2
   Compiling parking_lot v0.12.3
   Compiling icu_provider_macros v1.5.0
   Compiling futures-macro v0.3.31
   Compiling tokio-macros v2.5.0
   Compiling aho-corasick v1.1.3
   Compiling socket2 v0.5.8
   Compiling semver v1.0.24
   Compiling strsim v0.11.1
   Compiling percent-encoding v2.3.1
   Compiling rustc-hash v2.1.1
   Compiling futures-task v0.3.31
   Compiling ident_case v1.0.1
   Compiling regex-syntax v0.8.5
   Compiling regex-automata v0.4.9
   Compiling darling_core v0.20.10
   Compiling futures-util v0.3.31
   Compiling tokio v1.45.1
   Compiling icu_provider v1.5.0
   Compiling flate2 v1.1.1
   Compiling rand_chacha v0.3.1
   Compiling tracing-core v0.1.33
   Compiling tracing-attributes v0.1.28
   Compiling icu_locid_transform_data v1.5.0
   Compiling io-lifetimes v1.0.11
   Compiling icu_locid_transform v1.5.0
   Compiling tracing v0.1.41
   Compiling rand v0.8.6
   Compiling darling_macro v0.20.10
   Compiling icu_collections v1.5.0
   Compiling num-bigint v0.4.6
   Compiling sha1 v0.10.6
   Compiling signature v2.2.0
   Compiling icu_properties_data v1.5.0
   Compiling new_debug_unreachable v1.0.6
   Compiling rustix v0.37.28
   Compiling spin v0.9.8
   Compiling lazy_static v1.5.0
   Compiling icu_properties v1.5.1
   Compiling darling v0.20.10
   Compiling crossbeam-epoch v0.9.18
   Compiling phf_codegen v0.13.1
   Compiling sha2 v0.10.8
   Compiling ff v0.13.0
   Compiling icu_normalizer_data v1.5.0
   Compiling base16ct v0.2.0
   Compiling write16 v1.0.0
   Compiling arrayvec v0.7.6
   Compiling utf8_iter v1.0.4
   Compiling rustversion v1.0.19
   Compiling utf-8 v0.7.6
   Compiling linux-raw-sys v0.3.8
   Compiling utf16_iter v1.0.5
   Compiling icu_normalizer v1.5.0
   Compiling sec1 v0.7.3
   Compiling group v0.13.0
   Compiling crossbeam-deque v0.8.6
   Compiling tokio-util v0.7.13
   Compiling hkdf v0.12.4
   Compiling http-body v1.0.1
   Compiling crypto-bigint v0.5.5
   Compiling bytemuck v1.21.0
   Compiling allocator-api2 v0.2.21
   Compiling getrandom v0.3.3
   Compiling elliptic-curve v0.13.8
   Compiling bumpalo v3.16.0
   Compiling terminal_size v0.2.6
   Compiling idna_adapter v1.2.0
   Compiling num-rational v0.4.2
   Compiling regex v1.11.1
   Compiling form_urlencoded v1.2.1
   Compiling rfc6979 v0.4.0
   Compiling phf_macros v0.13.1
   Compiling num-iter v0.1.45
   Compiling ring v0.17.14
   Compiling owo-colors v4.1.0
   Compiling ucd-trie v0.1.7
   Compiling unicode-width v0.1.14
   Compiling rayon-core v1.12.1
   Compiling unicode-width v0.2.0
   Compiling unicode-linebreak v0.1.5
   Compiling smawk v0.3.2
   Compiling either v1.13.0
   Compiling textwrap v0.16.1
   Compiling pest v2.7.15
   Compiling phf v0.13.1
   Compiling idna v1.0.3
   Compiling rustc_version v0.4.1
   Compiling string_cache_codegen v0.6.1
   Compiling rustls-pki-types v1.13.2
   Compiling syn v1.0.109
   Compiling sha1_smol v1.0.1
   Compiling anyhow v1.0.95
   Compiling minimal-lexical v0.2.1
   Compiling precomputed-hash v0.1.1
   Compiling nom v7.1.3
   Compiling pest_meta v2.7.15
   Compiling uuid v1.11.0
   Compiling web_atoms v0.2.3
   Compiling curve25519-dalek v4.1.3
   Compiling ecdsa v0.16.9
   Compiling http-body-util v0.1.2
   Compiling derive_builder_core v0.20.2
   Compiling zstd-sys v2.0.13+zstd.1.5.6
   Compiling ctr v0.9.2
   Compiling phf_shared v0.11.3
   Compiling aead v0.5.2
   Compiling universal-hash v0.5.1
   Compiling oxc-miette-derive v1.0.2
   Compiling pin-project-internal v1.1.8
   Compiling tower-service v0.3.3
   Compiling winnow v0.7.14
   Compiling toml_datetime v0.6.8
   Compiling untrusted v0.9.0
   Compiling opaque-debug v0.3.1
   Compiling same-file v1.0.6
   Compiling rustix v0.38.43
   Compiling num-bigint-dig v0.8.6
   Compiling toml_parser v1.0.9+spec-1.1.0
   Compiling toml_edit v0.22.24
   Compiling walkdir v2.5.0
   Compiling polyval v0.6.2
   Compiling pin-project v1.1.8
   Compiling oxc-miette v1.0.2
   Compiling phf_generator v0.11.3
   Compiling derive_builder_macro v0.20.2
   Compiling pest_generator v2.7.15
   Compiling string_cache v0.9.0
   Compiling url v2.5.4
   Compiling castaway v0.2.3
   Compiling primeorder v0.13.6
   Compiling fdeflate v0.3.7
   Compiling aes v0.8.4
   Compiling serde_spanned v1.0.4
   Compiling bstr v1.11.3
   Compiling paste v1.0.15
   Compiling toml_writer v1.0.6+spec-1.1.0
   Compiling typeid v1.0.2
   Compiling aligned-vec v0.5.0
   Compiling bit-vec v0.8.0
   Compiling tower-layer v0.3.3
   Compiling utf8parse v0.2.2
   Compiling atomic-waker v1.1.2
   Compiling static_assertions v1.1.0
   Compiling signal-hook v0.3.18
   Compiling rustls v0.23.35
   Compiling built v0.7.5
   Compiling dtoa v1.0.9
   Compiling linux-raw-sys v0.4.15
   Compiling dtoa-short v0.3.5
   Compiling rav1e v0.7.1
   Compiling compact_str v0.8.1
   Compiling h2 v0.4.7
   Compiling anstyle-parse v0.2.6
   Compiling bit-set v0.8.0
   Compiling v_frame v0.3.8
   Compiling png v0.17.16
   Compiling pest_derive v2.7.15
   Compiling derive_builder v0.20.2
   Compiling phf_macros v0.11.3
   Compiling rustls-webpki v0.103.13
   Compiling ghash v0.5.1
   Compiling proc-macro-crate v3.2.0
   Compiling rayon v1.10.0
   Compiling rand_core v0.9.3
   Compiling oxc_allocator v0.36.0
   Compiling tokio-stream v0.1.17
   Compiling tendril v0.5.0
   Compiling selectors v0.36.1
   Compiling futures v0.3.31
   Compiling lzma-sys v0.1.20
   Compiling bzip2-sys v0.1.11+1.0.8
   Compiling jsonrpsee-types v0.24.7
   Compiling num-complex v0.4.6
   Compiling core_maths v0.1.0
   Compiling dbl v0.3.2
   Compiling async-trait v0.1.88
   Compiling profiling-procmacros v1.0.16
   Compiling num-derive v0.4.2
   Compiling cssparser-macros v0.6.1
   Compiling oxc_ast_macros v0.36.0
   Compiling derive_more-impl v2.0.1
   Compiling slotmap v1.0.7
   Compiling os_pipe v1.2.3
   Compiling signal-hook-registry v1.4.2
   Compiling is_terminal_polyfill v1.70.1
   Compiling zstd-safe v7.2.1
   Compiling powerfmt v0.2.0
   Compiling oxc_estree v0.36.0
   Compiling futures-timer v3.0.3
   Compiling hex v0.4.3
   Compiling rustix v1.0.7
   Compiling httpdate v1.0.3
   Compiling float-cmp v0.9.0
   Compiling unicode-xid v0.2.6
   Compiling erased-serde v0.4.9
   Compiling quick-error v2.0.1
   Compiling unic-char-range v0.9.0
   Compiling openssl-probe v0.2.0
   Compiling colorchoice v1.0.3
   Compiling ref-cast v1.0.23
   Compiling fiat-crypto v0.1.20
   Compiling unic-common v0.9.0
   Compiling anstyle v1.0.10
   Compiling weezl v0.1.8
   Compiling crc24 v0.1.6
   Compiling anstyle-query v1.1.2
   Compiling anstream v0.6.18
   Compiling unic-ucd-version v0.9.0
   Compiling rustls-native-certs v0.8.3
   Compiling unic-char-property v0.9.0
   Compiling derive_more-impl v1.0.0
   Compiling ed448-goldilocks v0.7.2
   Compiling strict-num v0.1.1
   Compiling hyper v1.8.1
   Compiling jsonrpsee-core v0.24.7
   Compiling oxc_span v0.36.0
   Compiling deranged v0.3.11
   Compiling derive_more v2.0.1
   Compiling cssparser v0.36.0
   Compiling profiling v1.0.16
   Compiling cmac v0.7.2
   Compiling ttf-parser v0.25.1
   Compiling num v0.4.3
   Compiling phf v0.11.3
   Compiling soketto v0.8.1
   Compiling markup5ever v0.38.0
   Compiling rand_chacha v0.9.0
   Compiling maybe-rayon v0.1.1
   Compiling num_enum_derive v0.7.3
   Compiling aes-gcm v0.10.3
   Compiling av1-grain v0.2.3
   Compiling itertools v0.12.1
   Compiling rgb v0.8.50
   Compiling ed25519 v2.2.3
   Compiling pkcs1 v0.7.5
   Compiling password-hash v0.5.0
   Compiling servo_arc v0.4.3
   Compiling keccak v0.1.6
   Compiling blake2 v0.10.6
   Compiling arg_enum_proc_macro v0.3.4
   Compiling ref-cast-impl v1.0.23
   Compiling serde_derive_internals v0.29.1
   Compiling ahash v0.8.11
   Compiling simd_helpers v0.1.0
   Compiling linux-raw-sys v0.9.4
   Compiling cfg_aliases v0.2.1
   Compiling time-core v0.1.2
   Compiling num-modular v0.6.1
   Compiling byteorder-lite v0.1.0
   Compiling color_quant v1.1.0
   Compiling noop_proc_macro v0.3.0
   Compiling hashbrown v0.14.5
   Compiling bitstream-io v2.3.0
   Compiling arrayref v0.3.9
   Compiling schemars v0.8.21
   Compiling tinyvec_macros v0.1.1
   Compiling iana-time-zone v0.1.61
   Compiling imgref v1.11.0
   Compiling zune-core v0.4.12
   Compiling num-conv v0.1.0
   Compiling rand_core v0.5.1
   Compiling roxmltree v0.20.0
   Compiling unicode-id-start v1.3.1
   Compiling fontconfig-parser v0.5.7
   Compiling x448 v0.6.0
   Compiling time v0.3.37
   Compiling zune-jpeg v0.4.14
   Compiling loop9 v0.1.5
   Compiling chrono v0.4.41
   Compiling tinyvec v1.8.1
   Compiling tiny-skia-path v0.11.4
   Compiling dashmap v6.1.0
   Compiling gif v0.13.1
   Compiling image-webp v0.2.0
   Compiling num-order v1.2.0
   Compiling nix v0.29.0
   Compiling schemars_derive v0.8.21
   Compiling argon2 v0.5.3
   Compiling sha3 v0.10.8
   Compiling rsa v0.9.10
   Compiling ed25519-dalek v2.1.1
   Compiling rustls-platform-verifier v0.6.2
   Compiling num_enum v0.7.3
   Compiling rand v0.9.4
   Compiling html5ever v0.38.0
   Compiling eax v0.5.0
   Compiling sigchld v0.2.4
   Compiling hyper-util v0.1.19
   Compiling derive_more v1.0.0
   Compiling unic-ucd-ident v0.9.0
   Compiling dsa v0.6.3
   Compiling x25519-dalek v2.0.1
   Compiling aes-kw v0.2.1
   Compiling p384 v0.13.0
   Compiling p256 v0.13.2
   Compiling p521 v0.13.3
   Compiling oxc_diagnostics v0.36.0
   Compiling ocb3 v0.1.0
   Compiling k256 v0.13.4
   Compiling cfb v0.7.3
   Compiling webpki-roots v1.0.5
   Compiling avif-serialize v0.8.2
   Compiling kurbo v0.11.1
   Compiling serde_with_macros v3.12.0
   Compiling sha1-checked v0.10.0
   Compiling ureq-proto v0.5.3
   Compiling jsonptr v0.6.3
   Compiling zune-inflate v0.2.54
   Compiling camellia v0.1.0
   Compiling idea v0.5.1
   Compiling cast5 v0.11.1
   Compiling blowfish v0.9.1
   Compiling des v0.8.1
   Compiling cfb-mode v0.8.2
   Compiling twofish v0.7.1
   Compiling socks v0.3.4
   Compiling md-5 v0.10.6
   Compiling ripemd v0.1.3
   Compiling toml_datetime v0.7.5+spec-1.1.0
   Compiling toml_datetime v1.0.0+spec-1.1.0
   Compiling block-padding v0.3.3
   Compiling scroll_derive v0.12.0
   Compiling serialize-to-javascript-impl v0.1.2
   Compiling buffer-redux v1.0.2
   Compiling quick-xml v0.32.0
   Compiling half v2.4.1
   Compiling memmap2 v0.9.11
   Compiling inotify-sys v0.1.5
   Compiling ctor-proc-macro v0.0.7
   Compiling dyn-clone v1.0.17
   Compiling nonmax v0.5.5
   Compiling borrow-or-share v0.2.2
   Compiling lebe v0.5.2
   Compiling unicode-ccc v0.4.0
   Compiling dunce v1.0.5
   Compiling base64 v0.21.7
   Compiling jpeg-decoder v0.3.1
   Compiling heck v0.5.0
   Compiling bitfield v0.14.0
   Compiling oxc_index v0.36.0
   Compiling assert-unchecked v0.1.2
   Compiling data-encoding v2.6.0
   Compiling unicode-script v0.5.7
   Compiling sync_wrapper v1.0.2
   Compiling iter-read v1.1.0
   Compiling unicode-bidi-mirroring v0.4.0
   Compiling lockfree-object-pool v0.1.6
   Compiling unicode-properties v0.1.3
   Compiling foldhash v0.2.0
   Compiling option-ext v0.2.0
   Compiling bit_field v0.10.2
   Compiling env_home v0.1.0
   Compiling clap_lex v0.7.4
   Compiling clap_builder v4.5.26
   Compiling which v8.0.0
   Compiling exr v1.73.0
   Compiling dirs-sys v0.5.0
   Compiling dom_query v0.27.0
   Compiling rustybuzz v0.20.1
   Compiling zopfli v0.8.1
   Compiling neli-proc-macros v0.1.3
   Compiling pgp v0.14.2
   Compiling tungstenite v0.26.2
   Compiling tempfile v3.15.0
   Compiling oxc_syntax v0.36.0
   Compiling clap_derive v4.5.24
   Compiling tiff v0.9.1
   Compiling fluent-uri v0.3.2
   Compiling ctor v0.8.0
   Compiling inotify v0.11.0
   Compiling fontdb v0.23.0
   Compiling plist v1.7.0
   Compiling scroll v0.12.0
   Compiling serialize-to-javascript v0.1.2
   Compiling toml v0.9.12+spec-1.1.0
   Compiling ureq v3.1.4
   Compiling json-patch v3.0.1
   Compiling serde_with v3.12.0
   Compiling svgtypes v0.15.3
   Compiling ravif v0.11.11
   Compiling infer v0.19.0
   Compiling oxc_regular_expression v0.36.0
   Compiling urlpattern v0.3.0
   Compiling enum-primitive-derive v0.3.0
   Compiling shared_child v1.1.1
   Compiling zstd v0.13.2
   Compiling bzip2 v0.4.4
   Compiling xz2 v0.1.7
   Compiling serde-untagged v0.1.6
   Compiling handlebars v6.3.0
   Compiling json5 v0.4.1
   Compiling xattr v1.4.0
   Compiling tower v0.4.13
   Compiling globset v0.4.15
   Compiling enum-display-derive v0.1.1
   Compiling itertools v0.13.0
   Compiling qoi v0.4.1
   Compiling pbkdf2 v0.12.2
   Compiling salsa20 v0.10.2
   Compiling nom v8.0.0
   Compiling simplecss v0.2.2
   Compiling encoding_rs v0.8.35
   Compiling filetime v0.2.25
   Compiling rtoolbox v0.0.2
   Compiling pico-args v0.5.0
   Compiling glob v0.3.2
   Compiling vsimd v0.8.0
   Compiling mime v0.3.17
   Compiling data-url v0.3.1
   Compiling std_prelude v0.2.12
   Compiling plain v0.2.3
   Compiling cpio v0.4.1
   Compiling stfu8 v0.2.7
   Compiling unicode-vo v0.1.0
   Compiling cargo-mobile2 v0.22.4
   Compiling notify-types v2.0.0
   Compiling cow-utils v0.1.3
   Compiling xmlwriter v0.1.0
   Compiling shared_thread v0.2.0
   Compiling imagesize v0.13.0
   Compiling route-recognizer v0.3.1
   Compiling unicode-bidi v0.3.18
   Compiling outref v0.5.1
   Compiling uuid-simd v0.8.0
   Compiling usvg v0.45.0
   Compiling jsonrpsee-server v0.24.7
   Compiling duct v1.1.1
   Compiling oxc_ast v0.36.0
   Compiling notify v8.2.0
   Compiling path_abs v0.5.1
   Compiling rpm v0.16.0
   Compiling goblin v0.9.3
   Compiling axum-core v0.5.2
   Compiling tauri-utils v2.9.3
   Compiling rpassword v7.4.0
   Compiling tar v0.4.46
   Compiling freedesktop_entry_parser v2.0.1
   Compiling java-properties v2.0.0
   Compiling scrypt v0.11.0
   Compiling image v0.25.5
   Compiling ignore v0.4.23
   Compiling referencing v0.33.0
   Compiling clap v4.5.26
   Compiling tokio-tungstenite v0.26.2
   Compiling neli v0.6.4
   Compiling zip v4.0.0
